Archive member included to satisfy reference by file (symbol)

/home/mech/.pico-sdk/toolchain/14_2_Rel1/bin/../lib/gcc/arm-none-eabi/14.2.1/thumb/v6-m/nofp/libgcc.a(_dvmd_tls.o)
                              CMakeFiles/dht11_led.dir/home/mech/.pico-sdk/sdk/2.2.0/src/rp2_common/pico_divider/divider_hardware.S.o (__aeabi_idiv0)
/home/mech/.pico-sdk/toolchain/14_2_Rel1/bin/../lib/gcc/arm-none-eabi/14.2.1/../../../../arm-none-eabi/lib/thumb/v6-m/nofp/libg.a(libc_a-calloc.o)
                              CMakeFiles/dht11_led.dir/home/mech/.pico-sdk/sdk/2.2.0/src/rp2_common/pico_malloc/malloc.c.o (calloc)
/home/mech/.pico-sdk/toolchain/14_2_Rel1/bin/../lib/gcc/arm-none-eabi/14.2.1/../../../../arm-none-eabi/lib/thumb/v6-m/nofp/libg.a(libc_a-callocr.o)
                              /home/mech/.pico-sdk/toolchain/14_2_Rel1/bin/../lib/gcc/arm-none-eabi/14.2.1/../../../../arm-none-eabi/lib/thumb/v6-m/nofp/libg.a(libc_a-calloc.o) (_calloc_r)
/home/mech/.pico-sdk/toolchain/14_2_Rel1/bin/../lib/gcc/arm-none-eabi/14.2.1/../../../../arm-none-eabi/lib/thumb/v6-m/nofp/libg.a(libc_a-malloc.o)
                              CMakeFiles/dht11_led.dir/home/mech/.pico-sdk/sdk/2.2.0/src/rp2_common/pico_malloc/malloc.c.o (malloc)
/home/mech/.pico-sdk/toolchain/14_2_Rel1/bin/../lib/gcc/arm-none-eabi/14.2.1/../../../../arm-none-eabi/lib/thumb/v6-m/nofp/libg.a(libc_a-mallocr.o)
                              /home/mech/.pico-sdk/toolchain/14_2_Rel1/bin/../lib/gcc/arm-none-eabi/14.2.1/../../../../arm-none-eabi/lib/thumb/v6-m/nofp/libg.a(libc_a-callocr.o) (_malloc_r)
/home/mech/.pico-sdk/toolchain/14_2_Rel1/bin/../lib/gcc/arm-none-eabi/14.2.1/../../../../arm-none-eabi/lib/thumb/v6-m/nofp/libg.a(libc_a-mlock.o)
                              /home/mech/.pico-sdk/toolchain/14_2_Rel1/bin/../lib/gcc/arm-none-eabi/14.2.1/../../../../arm-none-eabi/lib/thumb/v6-m/nofp/libg.a(libc_a-mallocr.o) (__malloc_lock)
/home/mech/.pico-sdk/toolchain/14_2_Rel1/bin/../lib/gcc/arm-none-eabi/14.2.1/../../../../arm-none-eabi/lib/thumb/v6-m/nofp/libg.a(libc_a-realloc.o)
                              CMakeFiles/dht11_led.dir/home/mech/.pico-sdk/sdk/2.2.0/src/rp2_common/pico_malloc/malloc.c.o (realloc)
/home/mech/.pico-sdk/toolchain/14_2_Rel1/bin/../lib/gcc/arm-none-eabi/14.2.1/../../../../arm-none-eabi/lib/thumb/v6-m/nofp/libg.a(libc_a-reallocr.o)
                              /home/mech/.pico-sdk/toolchain/14_2_Rel1/bin/../lib/gcc/arm-none-eabi/14.2.1/../../../../arm-none-eabi/lib/thumb/v6-m/nofp/libg.a(libc_a-realloc.o) (_realloc_r)
/home/mech/.pico-sdk/toolchain/14_2_Rel1/bin/../lib/gcc/arm-none-eabi/14.2.1/../../../../arm-none-eabi/lib/thumb/v6-m/nofp/libg.a(libc_a-memcmp.o)
                              CMakeFiles/dht11_led.dir/home/mech/.pico-sdk/sdk/2.2.0/src/rp2_common/pico_atomic/atomic.c.o (memcmp)
/home/mech/.pico-sdk/toolchain/14_2_Rel1/bin/../lib/gcc/arm-none-eabi/14.2.1/../../../../arm-none-eabi/lib/thumb/v6-m/nofp/libg.a(libc_a-memmove.o)
                              /home/mech/.pico-sdk/toolchain/14_2_Rel1/bin/../lib/gcc/arm-none-eabi/14.2.1/../../../../arm-none-eabi/lib/thumb/v6-m/nofp/libg.a(libc_a-reallocr.o) (memmove)
/home/mech/.pico-sdk/toolchain/14_2_Rel1/bin/../lib/gcc/arm-none-eabi/14.2.1/../../../../arm-none-eabi/lib/thumb/v6-m/nofp/libg.a(libc_a-lcltime_r.o)
                              CMakeFiles/dht11_led.dir/home/mech/.pico-sdk/sdk/2.2.0/src/common/pico_util/datetime.c.o (localtime_r)
/home/mech/.pico-sdk/toolchain/14_2_Rel1/bin/../lib/gcc/arm-none-eabi/14.2.1/../../../../arm-none-eabi/lib/thumb/v6-m/nofp/libg.a(libc_a-mktime.o)
                              CMakeFiles/dht11_led.dir/home/mech/.pico-sdk/sdk/2.2.0/src/common/pico_util/datetime.c.o (mktime)
/home/mech/.pico-sdk/toolchain/14_2_Rel1/bin/../lib/gcc/arm-none-eabi/14.2.1/../../../../arm-none-eabi/lib/thumb/v6-m/nofp/libg.a(libc_a-month_lengths.o)
                              /home/mech/.pico-sdk/toolchain/14_2_Rel1/bin/../lib/gcc/arm-none-eabi/14.2.1/../../../../arm-none-eabi/lib/thumb/v6-m/nofp/libg.a(libc_a-lcltime_r.o) (__month_lengths)
/home/mech/.pico-sdk/toolchain/14_2_Rel1/bin/../lib/gcc/arm-none-eabi/14.2.1/../../../../arm-none-eabi/lib/thumb/v6-m/nofp/libg.a(libc_a-tzcalc_limits.o)
                              /home/mech/.pico-sdk/toolchain/14_2_Rel1/bin/../lib/gcc/arm-none-eabi/14.2.1/../../../../arm-none-eabi/lib/thumb/v6-m/nofp/libg.a(libc_a-lcltime_r.o) (__tzcalc_limits)
/home/mech/.pico-sdk/toolchain/14_2_Rel1/bin/../lib/gcc/arm-none-eabi/14.2.1/../../../../arm-none-eabi/lib/thumb/v6-m/nofp/libg.a(libc_a-tzlock.o)
                              /home/mech/.pico-sdk/toolchain/14_2_Rel1/bin/../lib/gcc/arm-none-eabi/14.2.1/../../../../arm-none-eabi/lib/thumb/v6-m/nofp/libg.a(libc_a-lcltime_r.o) (__tz_lock)
/home/mech/.pico-sdk/toolchain/14_2_Rel1/bin/../lib/gcc/arm-none-eabi/14.2.1/../../../../arm-none-eabi/lib/thumb/v6-m/nofp/libg.a(libc_a-tzset.o)
[...]
Memory Configuration

Name             Origin             Length             Attributes
FLASH            0x10000000         0x00200000         xr
RAM              0x20000000         0x00040000         xrw
SCRATCH_X        0x20040000         0x00001000         xrw
SCRATCH_Y        0x20041000         0x00001000         xrw
*default*        0x00000000         0xffffffff

Linker script and memory map

LOAD /home/mech/.pico-sdk/toolchain/14_2_Rel1/bin/../lib/gcc/arm-none-eabi/14.2.1/thumb/v6-m/nofp/crti.o
LOAD /home/mech/.pico-sdk/toolchain/14_2_Rel1/bin/../lib/gcc/arm-none-eabi/14.2.1/thumb/v6-m/nofp/crtbegin.o
LOAD /home/mech/.pico-sdk/toolchain/14_2_Rel1/bin/../lib/gcc/arm-none-eabi/14.2.1/../../../../arm-none-eabi/lib/thumb/v6-m/nofp/crt0.o

.flash_begin    0x10000000        0x0
                0x10000000                        __flash_binary_start = .

.boot2          0x10000000      0x100
                0x10000000                        __boot2_start__ = .
 *(.boot2)
 .boot2         0x10000000      0x100 pico-sdk/src/rp2040/boot_stage2/CMakeFiles/bs2_default_library.dir/./bs2_default_padded_checksummed.S.o
                0x10000100                        __boot2_end__ = .
                0x00000001                        ASSERT (((__boot2_end__ - __boot2_start__) == 0x100), ERROR: Pico second stage bootloader must be 256 bytes in size)

.text           0x10000100     0x79dc
                0x10000100                        __logical_binary_start = .
 *(.vectors)
 .vectors       0x10000100       0xd4 CMakeFiles/dht11_led.dir/home/mech/.pico-sdk/sdk/2.2.0/src/rp2_common/pico_crt0/crt0.S.o
                0x10000100                __vectors
                0x10000100                __VECTOR_TABLE
                0x100001c0                isr_irq30
                0x100001c0                __unhandled_user_irq
                0x100001c0                isr_irq13
                0x100001c0                isr_irq27
                0x100001c0                isr_irq31
                0x100001c0                isr_irq5
                0x100001c0                isr_irq11
                0x100001c0                isr_irq23
                0x100001c0                isr_irq18
                0x100001c0                isr_irq28
                0x100001c0                isr_irq19
                0x100001c0                isr_irq0
                0x100001c0                isr_irq6
                0x100001c0                isr_irq22
                0x100001c0                isr_irq17
                0x100001c0                isr_irq14
                0x100001c0                __vectors_end
                0x100001c0                __default_isrs_start
                0x100001c0                isr_irq2
                0x100001c0                isr_irq10
                0x100001c0                isr_irq8
                0x100001c0                isr_irq24
                0x100001c0                isr_irq1
                0x100001c0                isr_irq7
                0x100001c0                isr_irq21
                0x100001c0                isr_irq20
                0x100001c0                isr_irq15
                0x100001c0                isr_irq25
                0x100001c0                isr_irq4
                0x100001c0                isr_irq16
                0x100001c0                isr_irq29
                0x100001c0                isr_irq26
                0x100001c0                isr_irq3
                0x100001c0                isr_irq12
                0x100001c0                isr_irq9
                0x100001c6                unhandled_user_irq_num_in_r0
                0x100001c8                isr_invalid
                0x100001ca                isr_nmi
                0x100001cc                isr_hardfault
                0x100001ce                isr_svcall
                0x100001d0                isr_pendsv
                0x100001d2                isr_systick
                0x100001d4                __default_isrs_end
 *(.binary_info_header)
 .binary_info_header
                0x100001d4       0x14 CMakeFiles/dht11_led.dir/home/mech/.pico-sdk/sdk/2.2.0/src/rp2_common/pico_crt0/crt0.S.o
                0x100001e8                        __binary_info_header_end = .
 *(.embedded_block)
                0x100001e8                        __embedded_block_end = .
 *(.reset)
 .reset         0x100001e8       0x9c CMakeFiles/dht11_led.dir/home/mech/.pico-sdk/sdk/2.2.0/src/rp2_common/pico_crt0/crt0.S.o
                0x100001e8                _entry_point
 *(.init)
 .init          0x10000284        0x4 /home/mech/.pico-sdk/toolchain/14_2_Rel1/bin/../lib/gcc/arm-none-eabi/14.2.1/thumb/v6-m/nofp/crti.o
                0x10000284                _init
 *(EXCLUDE_FILE(*libm.a: *libc.a:*lib_a-mem*.o *libgcc.a:) .text*)
 .text.register_tm_clones
                0x10000288       0x28 /home/mech/.pico-sdk/toolchain/14_2_Rel1/bin/../lib/gcc/arm-none-eabi/14.2.1/thumb/v6-m/nofp/crtbegin.o
 .text.frame_dummy
                0x100002b0       0x24 /home/mech/.pico-sdk/toolchain/14_2_Rel1/bin/../lib/gcc/arm-none-eabi/14.2.1/thumb/v6-m/nofp/crtbegin.o
 .text.ws2812_program_init.constprop.0
                0x100002d4       0xc4 CMakeFiles/dht11_led.dir/dht11_led.c.o
 .text.web_read_from_dht
                0x10000398      0x1a4 CMakeFiles/dht11_led.dir/dht11_led.c.o
                0x10000398                web_read_from_dht
 .text.sendRawDataOneCycle
                0x1000053c       0x84 CMakeFiles/dht11_led.dir/dht11_led.c.o
                0x1000053c                sendRawDataOneCycle
 .text.LCDinit  0x100005c0      0x1d8 CMakeFiles/dht11_led.dir/dht11_led.c.o
                0x100005c0                LCDinit
 .text.LCDprint
                0x10000798       0x58 CMakeFiles/dht11_led.dir/dht11_led.c.o
                0x10000798                LCDprint
 .text.startup.main
                0x100007f0      0x3d0 CMakeFiles/dht11_led.dir/dht11_led.c.o
                0x100007f0                main
 .text.gpio_set_function
                0x10000bc0       0x34 CMakeFiles/dht11_led.dir/home/mech/.pico-sdk/sdk/2.2.0/src/rp2_common/hardware_gpio/gpio.c.o
                0x10000bc0                gpio_set_function
 .text.gpio_init
                0x10000bf4       0x40 CMakeFiles/dht11_led.dir/home/mech/.pico-sdk/sdk/2.2.0/src/rp2_common/hardware_gpio/gpio.c.o
                0x10000bf4                gpio_init
 .text.gpio_init_mask
                0x10000c34       0x64 CMakeFiles/dht11_led.dir/home/mech/.pico-sdk/sdk/2.2.0/src/rp2_common/hardware_gpio/gpio.c.o
                0x10000c34                gpio_init_mask
 .text.rp2040_chip_version
                0x10000c98        0xc CMakeFiles/dht11_led.dir/home/mech/.pico-sdk/sdk/2.2.0/src/rp2040/pico_platform/platform.c.o
                0x10000c98                rp2040_chip_version
 .text.panic    0x10000ca4       0x30 CMakeFiles/dht11_led.dir/home/mech/.pico-sdk/sdk/2.2.0/src/rp2_common/pico_platform_panic/panic.c.o
                0x10000ca4                panic
 .text.hw_claim_lock
                0x10000cd4       0x18 CMakeFiles/dht11_led.dir/home/mech/.pico-sdk/sdk/2.2.0/src/common/hardware_claim/claim.c.o
                0x10000cd4                hw_claim_lock
 .text.hw_claim_unlock
                0x10000cec       0x14 CMakeFiles/dht11_led.dir/home/mech/.pico-sdk/sdk/2.2.0/src/common/hardware_claim/claim.c.o
                0x10000cec                hw_claim_unlock
 .text.hw_claim_or_assert
                0x10000d00       0x44 CMakeFiles/dht11_led.dir/home/mech/.pico-sdk/sdk/2.2.0/src/common/hardware_claim/claim.c.o
                0x10000d00                hw_claim_or_assert
 .text.hw_claim_unused_from_range
                0x10000d44       0x88 CMakeFiles/dht11_led.dir/home/mech/.pico-sdk/sdk/2.2.0/src/common/hardware_claim/claim.c.o
                0x10000d44                hw_claim_unused_from_range
 .text.hw_claim_clear
                0x10000dcc       0x38 CMakeFiles/dht11_led.dir/home/mech/.pico-sdk/sdk/2.2.0/src/common/hardware_claim/claim.c.o
                0x10000dcc                hw_claim_clear
 .text.next_striped_spin_lock_num
                0x10000e04       0x18 CMakeFiles/dht11_led.dir/home/mech/.pico-sdk/sdk/2.2.0/src/rp2_common/hardware_sync/sync.c.o
                0x10000e04                next_striped_spin_lock_num
 .text.spin_lock_claim_unused
                0x10000e1c       0x24 CMakeFiles/dht11_led.dir/home/mech/.pico-sdk/sdk/2.2.0/src/rp2_common/hardware_sync/sync.c.o
                0x10000e1c                spin_lock_claim_unused
 .text.spin_locks_reset
                0x10000e40       0x1c CMakeFiles/dht11_led.dir/home/mech/.pico-sdk/sdk/2.2.0/src/rp2_common/hardware_sync_spin_lock/sync_spin_lock.c.o
                0x10000e40                spin_locks_reset
 .text.runtime_init_per_core_irq_priorities
                0x10000e5c       0x24 CMakeFiles/dht11_led.dir/home/mech/.pico-sdk/sdk/2.2.0/src/rp2_common/hardware_irq/irq.c.o
                0x10000e5c                runtime_init_per_core_irq_priorities
 .text.irq_set_enabled
                0x10000e80       0x24 CMakeFiles/dht11_led.dir/home/mech/.pico-sdk/sdk/2.2.0/src/rp2_common/hardware_irq/irq.c.o
                0x10000e80                irq_set_enabled
 .text.irq_is_enabled
                0x10000ea4       0x18 CMakeFiles/dht11_led.dir/home/mech/.pico-sdk/sdk/2.2.0/src/rp2_common/hardware_irq/irq.c.o
                0x10000ea4                irq_is_enabled
 .text.irq_set_pending
                0x10000ebc       0x10 CMakeFiles/dht11_led.dir/home/mech/.pico-sdk/sdk/2.2.0/src/rp2_common/hardware_irq/irq.c.o
                0x10000ebc                irq_set_pending
 .text.irq_has_shared_handler
                0x10000ecc       0x24 CMakeFiles/dht11_led.dir/home/mech/.pico-sdk/sdk/2.2.0/src/rp2_common/hardware_irq/irq.c.o
                0x10000ecc                irq_has_shared_handler
 .text.irq_set_exclusive_handler
                0x10000ef0       0x54 CMakeFiles/dht11_led.dir/home/mech/.pico-sdk/sdk/2.2.0/src/rp2_common/hardware_irq/irq.c.o
                0x10000ef0                irq_set_exclusive_handler
 .text.irq_add_shared_handler
                0x10000f44      0x1f4 CMakeFiles/dht11_led.dir/home/mech/.pico-sdk/sdk/2.2.0/src/rp2_common/hardware_irq/irq.c.o
                0x10000f44                irq_add_shared_handler
 .text.irq_add_tail_to_free_list
                0x10001138       0xb4 CMakeFiles/dht11_led.dir/home/mech/.pico-sdk/sdk/2.2.0/src/rp2_common/hardware_irq/irq.c.o
                0x10001138                irq_add_tail_to_free_list
 .text.user_irq_claim_unused
                0x100011ec       0x2c CMakeFiles/dht11_led.dir/home/mech/.pico-sdk/sdk/2.2.0/src/rp2_common/hardware_irq/irq.c.o
                0x100011ec                user_irq_claim_unused
 .text.lock_init
                0x10001218       0x10 CMakeFiles/dht11_led.dir/home/mech/.pico-sdk/sdk/2.2.0/src/common/pico_sync/lock_core.c.o
                0x10001218                lock_init
 .text.runtime_init_mutex
                0x10001228       0x50 CMakeFiles/dht11_led.dir/home/mech/.pico-sdk/sdk/2.2.0/src/common/pico_sync/mutex.c.o
                0x10001228                runtime_init_mutex
 .text.mutex_init
                0x10001278       0x1c CMakeFiles/dht11_led.dir/home/mech/.pico-sdk/sdk/2.2.0/src/common/pico_sync/mutex.c.o
                0x10001278                mutex_init
 .text.critical_section_init
                0x10001294       0x1c CMakeFiles/dht11_led.dir/home/mech/.pico-sdk/sdk/2.2.0/src/common/pico_sync/critical_section.c.o
                0x10001294                critical_section_init
 .text.critical_section_init_with_lock_num
                0x100012b0       0x14 CMakeFiles/dht11_led.dir/home/mech/.pico-sdk/sdk/2.2.0/src/common/pico_sync/critical_section.c.o
                0x100012b0                critical_section_init_with_lock_num
 .text.sleep_until_callback
                0x100012c4       0x30 CMakeFiles/dht11_led.dir/home/mech/.pico-sdk/sdk/2.2.0/src/common/pico_time/time.c.o
 .text.alarm_pool_irq_handler
                0x100012f4      0x300 CMakeFiles/dht11_led.dir/home/mech/.pico-sdk/sdk/2.2.0/src/common/pico_time/time.c.o
 .text.runtime_init_default_alarm_pool
                0x100015f4       0xdc CMakeFiles/dht11_led.dir/home/mech/.pico-sdk/sdk/2.2.0/src/common/pico_time/time.c.o
                0x100015f4                runtime_init_default_alarm_pool
 .text.alarm_pool_get_default
                0x100016d0        0x8 CMakeFiles/dht11_led.dir/home/mech/.pico-sdk/sdk/2.2.0/src/common/pico_time/time.c.o
                0x100016d0                alarm_pool_get_default
 .text.alarm_pool_add_alarm_at
                0x100016d8       0xd0 CMakeFiles/dht11_led.dir/home/mech/.pico-sdk/sdk/2.2.0/src/common/pico_time/time.c.o
                0x100016d8                alarm_pool_add_alarm_at
 .text.alarm_pool_add_alarm_at_force_in_context
                0x100017a8       0xb0 CMakeFiles/dht11_led.dir/home/mech/.pico-sdk/sdk/2.2.0/src/common/pico_time/time.c.o
                0x100017a8                alarm_pool_add_alarm_at_force_in_context
 .text.alarm_pool_cancel_alarm
                0x10001858       0x74 CMakeFiles/dht11_led.dir/home/mech/.pico-sdk/sdk/2.2.0/src/common/pico_time/time.c.o
                0x10001858                alarm_pool_cancel_alarm
 .text.alarm_pool_core_num
                0x100018cc        0x4 CMakeFiles/dht11_led.dir/home/mech/.pico-sdk/sdk/2.2.0/src/common/pico_time/time.c.o
                0x100018cc                alarm_pool_core_num
 .text.sleep_us
                0x100018d0       0xec CMakeFiles/dht11_led.dir/home/mech/.pico-sdk/sdk/2.2.0/src/common/pico_time/time.c.o
                0x100018d0                sleep_us
 .text.sleep_ms
                0x100019bc       0xfc CMakeFiles/dht11_led.dir/home/mech/.pico-sdk/sdk/2.2.0/src/common/pico_time/time.c.o
                0x100019bc                sleep_ms
 .text.best_effort_wfe_or_timeout
                0x10001ab8      0x10c CMakeFiles/dht11_led.dir/home/mech/.pico-sdk/sdk/2.2.0/src/common/pico_time/time.c.o
                0x10001ab8                best_effort_wfe_or_timeout
 .text.timer_hardware_alarm_claim
                0x10001bc4       0x14 CMakeFiles/dht11_led.dir/home/mech/.pico-sdk/sdk/2.2.0/src/rp2_common/hardware_timer/timer.c.o
                0x10001bc4                timer_hardware_alarm_claim
 .text.timer_time_us_64
                0x10001bd8       0x10 CMakeFiles/dht11_led.dir/home/mech/.pico-sdk/sdk/2.2.0/src/rp2_common/hardware_timer/timer.c.o
                0x10001bd8                timer_time_us_64
 .text.time_us_64
                0x10001be8       0x14 CMakeFiles/dht11_led.dir/home/mech/.pico-sdk/sdk/2.2.0/src/rp2_common/hardware_timer/timer.c.o
                0x10001be8                time_us_64
 .text.busy_wait_until
                0x10001bfc       0x20 CMakeFiles/dht11_led.dir/home/mech/.pico-sdk/sdk/2.2.0/src/rp2_common/hardware_timer/timer.c.o
                0x10001bfc                busy_wait_until
 .text.clock_configure_int_divider
                0x10001c1c       0xf4 CMakeFiles/dht11_led.dir/home/mech/.pico-sdk/sdk/2.2.0/src/rp2_common/hardware_clocks/clocks.c.o
                0x10001c1c                clock_configure_int_divider
 .text.clock_configure_undivided
                0x10001d10       0xe8 CMakeFiles/dht11_led.dir/home/mech/.pico-sdk/sdk/2.2.0/src/rp2_common/hardware_clocks/clocks.c.o
                0x10001d10                clock_configure_undivided
 .text.clock_get_hz
                0x10001df8        0xc CMakeFiles/dht11_led.dir/home/mech/.pico-sdk/sdk/2.2.0/src/rp2_common/hardware_clocks/clocks.c.o
                0x10001df8                clock_get_hz
 .text.pll_init
                0x10001e04       0xa4 CMakeFiles/dht11_led.dir/home/mech/.pico-sdk/sdk/2.2.0/src/rp2_common/hardware_pll/pll.c.o
                0x10001e04                pll_init
 .text.watchdog_reboot
                0x10001ea8       0x9c CMakeFiles/dht11_led.dir/home/mech/.pico-sdk/sdk/2.2.0/src/rp2_common/hardware_watchdog/watchdog.c.o
                0x10001ea8                watchdog_reboot
 .text.tick_start
                0x10001f44       0x10 CMakeFiles/dht11_led.dir/home/mech/.pico-sdk/sdk/2.2.0/src/rp2_common/hardware_ticks/ticks.c.o
                0x10001f44                tick_start
 .text.rom_func_lookup
                0x10001f54       0x10 CMakeFiles/dht11_led.dir/home/mech/.pico-sdk/sdk/2.2.0/src/rp2_common/pico_bootrom/bootrom.c.o
                0x10001f54                rom_func_lookup
 .text.rom_data_lookup
                0x10001f64       0x10 CMakeFiles/dht11_led.dir/home/mech/.pico-sdk/sdk/2.2.0/src/rp2_common/pico_bootrom/bootrom.c.o
                0x10001f64                rom_data_lookup
 .text.rom_funcs_lookup
                0x10001f74       0x44 CMakeFiles/dht11_led.dir/home/mech/.pico-sdk/sdk/2.2.0/src/rp2_common/pico_bootrom/bootrom.c.o
                0x10001f74                rom_funcs_lookup
 .text.rom_reset_usb_boot_extra
                0x10001fb8       0x24 CMakeFiles/dht11_led.dir/home/mech/.pico-sdk/sdk/2.2.0/src/rp2_common/pico_bootrom/bootrom.c.o
                0x10001fb8                rom_reset_usb_boot_extra
 .text.xosc_init
                0x10001fdc       0x28 CMakeFiles/dht11_led.dir/home/mech/.pico-sdk/sdk/2.2.0/src/rp2_common/hardware_xosc/xosc.c.o
                0x10001fdc                xosc_init
 .text.first_per_core_initializer
                0x10002004        0x4 CMakeFiles/dht11_led.dir/home/mech/.pico-sdk/sdk/2.2.0/src/rp2_common/pico_runtime/runtime.c.o
 .text.hard_assertion_failure
                0x10002008        0xc CMakeFiles/dht11_led.dir/home/mech/.pico-sdk/sdk/2.2.0/src/rp2_common/pico_runtime/runtime.c.o
                0x10002008                hard_assertion_failure
 .text.runtime_run_initializers
                0x10002014       0x28 CMakeFiles/dht11_led.dir/home/mech/.pico-sdk/sdk/2.2.0/src/rp2_common/pico_runtime/runtime.c.o
                0x10002014                runtime_run_initializers
 .text.runtime_init_early_resets
                0x1000203c       0x2c CMakeFiles/dht11_led.dir/home/mech/.pico-sdk/sdk/2.2.0/src/rp2_common/pico_runtime_init/runtime_init.c.o
                0x1000203c                runtime_init_early_resets
 .text.runtime_init_usb_power_down
                0x10002068       0x1c CMakeFiles/dht11_led.dir/home/mech/.pico-sdk/sdk/2.2.0/src/rp2_common/pico_runtime_init/runtime_init.c.o
                0x10002068                runtime_init_usb_power_down
 .text.runtime_init_post_clock_resets
                0x10002084       0x20 CMakeFiles/dht11_led.dir/home/mech/.pico-sdk/sdk/2.2.0/src/rp2_common/pico_runtime_init/runtime_init.c.o
                0x10002084                runtime_init_post_clock_resets
 .text.runtime_init_rp2040_gpio_ie_disable
                0x100020a4       0x14 CMakeFiles/dht11_led.dir/home/mech/.pico-sdk/sdk/2.2.0/src/rp2_common/pico_runtime_init/runtime_init.c.o
                0x100020a4                runtime_init_rp2040_gpio_ie_disable
 .text.runtime_init_spin_locks_reset
                0x100020b8        0x8 CMakeFiles/dht11_led.dir/home/mech/.pico-sdk/sdk/2.2.0/src/rp2_common/pico_runtime_init/runtime_init.c.o
                0x100020b8                runtime_init_spin_locks_reset
 .text.runtime_init_install_ram_vector_table
                0x100020c0       0xb4 CMakeFiles/dht11_led.dir/home/mech/.pico-sdk/sdk/2.2.0/src/rp2_common/pico_runtime_init/runtime_init.c.o
                0x100020c0                runtime_init_install_ram_vector_table
 .text.runtime_init_clocks
                0x10002174       0xd8 CMakeFiles/dht11_led.dir/home/mech/.pico-sdk/sdk/2.2.0/src/rp2_common/pico_runtime_init/runtime_init_clocks.c.o
                0x10002174                runtime_init_clocks
 .text          0x1000224c       0x10 CMakeFiles/dht11_led.dir/home/mech/.pico-sdk/sdk/2.2.0/src/rp2_common/pico_bit_ops/bit_ops_aeabi.S.o
 .text.__wrap___aeabi_idiv
                0x1000225c       0x50 CMakeFiles/dht11_led.dir/home/mech/.pico-sdk/sdk/2.2.0/src/rp2_common/pico_divider/divider_hardware.S.o
                0x1000225c                __wrap___aeabi_idivmod
                0x1000225c                divmod_s32s32
                0x1000225c                div_s32s32
                0x1000225c                __wrap___aeabi_idiv
                0x10002264                divmod_s32s32_unsafe
                0x10002290                divmod_s32s32_savestate
 .text.__wrap___aeabi_uidiv
                0x100022ac       0x4c CMakeFiles/dht11_led.dir/home/mech/.pico-sdk/sdk/2.2.0/src/rp2_common/pico_divider/divider_hardware.S.o
                0x100022ac                __wrap___aeabi_uidiv
                0x100022ac                __wrap___aeabi_uidivmod
                0x100022ac                div_u32u32
                0x100022ac                divmod_u32u32
                0x100022b4                divmod_u32u32_unsafe
                0x100022dc                divmod_u32u32_savestate
 .text.__wrap___aeabi_ldiv
                0x100022f8      0x424 CMakeFiles/dht11_led.dir/home/mech/.pico-sdk/sdk/2.2.0/src/rp2_common/pico_divider/divider_hardware.S.o
                0x100022f8                div_s64s64
                0x100022f8                divmod_s64s64
                0x100022f8                __wrap___aeabi_ldivmod
                0x10002328                div_u64u64
                0x10002328                divmod_u64u64
                0x10002328                __wrap___aeabi_uldivmod
                0x10002338                divmod_u64u64_savestate
                0x10002358                divmod_s64s64_unsafe
                0x100023e0                divmod_u64u64_unsafe
 .text.__wrap___aeabi_darithmetic
                0x1000271c       0x80 CMakeFiles/dht11_led.dir/home/mech/.pico-sdk/sdk/2.2.0/src/rp2_common/pico_double/double_aeabi_rp2040.S.o
                0x1000271c                __wrap___aeabi_drsub
                0x10002722                __wrap___aeabi_dsub
                0x10002734                __wrap___aeabi_dadd
                0x10002746                __wrap___aeabi_ddiv
                0x10002782                __wrap___aeabi_dmul
 .text.__wrap___aeabi_cdcmple
                0x1000279c       0x6c CMakeFiles/dht11_led.dir/home/mech/.pico-sdk/sdk/2.2.0/src/rp2_common/pico_double/double_aeabi_rp2040.S.o
                0x1000279c                __wrap___aeabi_cdrcmple
                0x100027ac                __wrap___aeabi_cdcmple
                0x100027ac                __wrap___aeabi_cdcmpeq
 .text.__wrap___aeabi_dcmplt
                0x10002808        0xc CMakeFiles/dht11_led.dir/home/mech/.pico-sdk/sdk/2.2.0/src/rp2_common/pico_double/double_aeabi_rp2040.S.o
                0x10002808                __wrap___aeabi_dcmplt
 .text.__wrap___aeabi_dcmple
                0x10002814       0x10 CMakeFiles/dht11_led.dir/home/mech/.pico-sdk/sdk/2.2.0/src/rp2_common/pico_double/double_aeabi_rp2040.S.o
                0x10002814                __wrap___aeabi_dcmple
 .text.__wrap___aeabi_dcmpge
                0x10002824       0x10 CMakeFiles/dht11_led.dir/home/mech/.pico-sdk/sdk/2.2.0/src/rp2_common/pico_double/double_aeabi_rp2040.S.o
                0x10002824                __wrap___aeabi_dcmpge
 .text.__wrap___aeabi_dcmpgt
                0x10002834        0xa CMakeFiles/dht11_led.dir/home/mech/.pico-sdk/sdk/2.2.0/src/rp2_common/pico_double/double_aeabi_rp2040.S.o
                0x10002834                __wrap___aeabi_dcmpgt
 .text.__wrap___aeabi_dcmpun
                0x1000283e       0x18 CMakeFiles/dht11_led.dir/home/mech/.pico-sdk/sdk/2.2.0/src/rp2_common/pico_double/double_aeabi_rp2040.S.o
                0x1000283e                __wrap___aeabi_dcmpun
 *fill*         0x10002856        0x2 
 .text.__wrap___aeabi_i2d
                0x10002858       0x38 CMakeFiles/dht11_led.dir/home/mech/.pico-sdk/sdk/2.2.0/src/rp2_common/pico_double/double_aeabi_rp2040.S.o
                0x10002858                __wrap___aeabi_ui2d
                0x10002858                uint2double
                0x10002860                __wrap___aeabi_i2d
                0x10002860                int2double
 .text.__wrap___aeabi_d2iz
                0x10002890       0x48 CMakeFiles/dht11_led.dir/home/mech/.pico-sdk/sdk/2.2.0/src/rp2_common/pico_double/double_aeabi_rp2040.S.o
                0x10002890                __wrap___aeabi_d2iz
                0x10002890                double2int_z
 .text.__wrap___aeabi_d2uiz
                0x100028d8       0x18 CMakeFiles/dht11_led.dir/home/mech/.pico-sdk/sdk/2.2.0/src/rp2_common/pico_double/double_aeabi_rp2040.S.o
                0x100028d8                double2uint_z
                0x100028d8                double2uint
                0x100028d8                __wrap___aeabi_d2uiz
 .text.__aeabi_double_init
                0x100028f0       0xa4 CMakeFiles/dht11_led.dir/home/mech/.pico-sdk/sdk/2.2.0/src/rp2_common/pico_double/double_init_rom_rp2040.c.o
                0x100028f0                __aeabi_double_init
 .text.double_table_shim_on_use_helper
                0x10002994       0x2c CMakeFiles/dht11_led.dir/home/mech/.pico-sdk/sdk/2.2.0/src/rp2_common/pico_double/double_v1_rom_shim_rp2040.S.o
                0x10002994                double_table_shim_on_use_helper
 .text.__wrap___aeabi_dsub
                0x100029c0       0x10 CMakeFiles/dht11_led.dir/home/mech/.pico-sdk/sdk/2.2.0/src/rp2_common/pico_double/double_v1_rom_shim_rp2040.S.o
                0x100029c0                drsub_shim
                0x100029c6                dsub_shim
 .text.dadd_shim
                0x100029d0      0x15c CMakeFiles/dht11_led.dir/home/mech/.pico-sdk/sdk/2.2.0/src/rp2_common/pico_double/double_v1_rom_shim_rp2040.S.o
                0x100029d0                dadd_shim
 .text.dmul_shim
                0x10002b2c      0x15c CMakeFiles/dht11_led.dir/home/mech/.pico-sdk/sdk/2.2.0/src/rp2_common/pico_double/double_v1_rom_shim_rp2040.S.o
                0x10002b2c                dmul_shim
 .text.ddiv_shim
                0x10002c88      0x1b0 CMakeFiles/dht11_led.dir/home/mech/.pico-sdk/sdk/2.2.0/src/rp2_common/pico_double/double_v1_rom_shim_rp2040.S.o
                0x10002c88                ddiv_shim
 .text.double2uint_shim
                0x10002e38        0xe CMakeFiles/dht11_led.dir/home/mech/.pico-sdk/sdk/2.2.0/src/rp2_common/pico_double/double_v1_rom_shim_rp2040.S.o
                0x10002e38                double2uint_shim
                0x10002e3a                double2ufix_shim
 *fill*         0x10002e46        0x2 
 .text.double2uint64_shim
                0x10002e48       0x70 CMakeFiles/dht11_led.dir/home/mech/.pico-sdk/sdk/2.2.0/src/rp2_common/pico_double/double_v1_rom_shim_rp2040.S.o
                0x10002e48                double2uint64_shim
                0x10002e4a                double2ufix64_shim
                0x10002e6a                d2fix_a
 .text.dunpacks
                0x10002eb8       0x3c CMakeFiles/dht11_led.dir/home/mech/.pico-sdk/sdk/2.2.0/src/rp2_common/pico_double/double_v1_rom_shim_rp2040.S.o
                0x10002eb8                dunpacks
 .text.__aeabi_lmul
                0x10002ef4       0x32 CMakeFiles/dht11_led.dir/home/mech/.pico-sdk/sdk/2.2.0/src/rp2_common/pico_int64_ops/pico_int64_ops_aeabi.S.o
                0x10002ef4                __wrap___aeabi_lmul
 *fill*         0x10002f26        0x2 
 .text.__wrap___aeabi_farithmetic
                0x10002f28       0x48 CMakeFiles/dht11_led.dir/home/mech/.pico-sdk/sdk/2.2.0/src/rp2_common/pico_float/float_aeabi_rp2040.S.o
                0x10002f28                __wrap___aeabi_frsub
                0x10002f2e                __wrap___aeabi_fsub
                0x10002f34                __wrap___aeabi_fadd
                0x10002f3a                __wrap___aeabi_fdiv
                0x10002f62                __wrap___aeabi_fmul
 .text.__wrap___aeabi_cfcmple
                0x10002f70       0x50 CMakeFiles/dht11_led.dir/home/mech/.pico-sdk/sdk/2.2.0/src/rp2_common/pico_float/float_aeabi_rp2040.S.o
                0x10002f70                __wrap___aeabi_cfrcmple
                0x10002f7c                __wrap___aeabi_cfcmpeq
                0x10002f7c                __wrap___aeabi_cfcmple
 .text.__wrap___aeabi_fcmplt
                0x10002fc0        0xc CMakeFiles/dht11_led.dir/home/mech/.pico-sdk/sdk/2.2.0/src/rp2_common/pico_float/float_aeabi_rp2040.S.o
                0x10002fc0                __wrap___aeabi_fcmplt
 .text.__wrap___aeabi_fcmpgt
                0x10002fcc        0xa CMakeFiles/dht11_led.dir/home/mech/.pico-sdk/sdk/2.2.0/src/rp2_common/pico_float/float_aeabi_rp2040.S.o
                0x10002fcc                __wrap___aeabi_fcmpgt
 .text.__wrap___aeabi_ui2f
                0x10002fd6        0xa CMakeFiles/dht11_led.dir/home/mech/.pico-sdk/sdk/2.2.0/src/rp2_common/pico_float/float_aeabi_rp2040.S.o
                0x10002fd6                uint2float
                0x10002fd6                __wrap___aeabi_ui2f
 .text.__wrap___aeabi_i2f
                0x10002fe0       0x44 CMakeFiles/dht11_led.dir/home/mech/.pico-sdk/sdk/2.2.0/src/rp2_common/pico_float/float_aeabi_rp2040.S.o
                0x10002fe0                int2float
                0x10002fe0                __wrap___aeabi_i2f
 .text.__wrap___aeabi_f2uiz
                0x10003024        0xc CMakeFiles/dht11_led.dir/home/mech/.pico-sdk/sdk/2.2.0/src/rp2_common/pico_float/float_aeabi_rp2040.S.o
                0x10003024                float2uint
                0x10003024                float2uint_z
                0x10003024                __wrap___aeabi_f2uiz
 .text.__wrap___aeabi_ul2f
                0x10003030       0x20 CMakeFiles/dht11_led.dir/home/mech/.pico-sdk/sdk/2.2.0/src/rp2_common/pico_float/float_aeabi_rp2040.S.o
                0x10003034                __wrap___aeabi_ul2f
                0x10003034                uint642float
 .text.__wrap___aeabi_f2d
                0x10003050       0x14 CMakeFiles/dht11_led.dir/home/mech/.pico-sdk/sdk/2.2.0/src/rp2_common/pico_float/float_aeabi_rp2040.S.o
                0x10003050                __wrap___aeabi_f2d
 .text.__aeabi_float_init
                0x10003064       0x64 CMakeFiles/dht11_led.dir/home/mech/.pico-sdk/sdk/2.2.0/src/rp2_common/pico_float/float_init_rom_rp2040.c.o
                0x10003064                __aeabi_float_init
 .text.float_table_shim_on_use_helper
                0x100030c8       0x2c CMakeFiles/dht11_led.dir/home/mech/.pico-sdk/sdk/2.2.0/src/rp2_common/pico_float/float_v1_rom_shim_rp2040.S.o
                0x100030c8                float_table_shim_on_use_helper
 .text.642float_shims
                0x100030f4       0x44 CMakeFiles/dht11_led.dir/home/mech/.pico-sdk/sdk/2.2.0/src/rp2_common/pico_float/float_v1_rom_shim_rp2040.S.o
                0x100030f4                uint642float_shim
                0x100030f6                ufix642float_shim
                0x10003106                int642float_shim
                0x10003108                fix642float_shim
 .text.float2double_shim
                0x10003138       0x30 CMakeFiles/dht11_led.dir/home/mech/.pico-sdk/sdk/2.2.0/src/rp2_common/pico_float/float_v1_rom_shim_rp2040.S.o
                0x10003138                float2double_shim
 .text          0x10003168       0x10 CMakeFiles/dht11_led.dir/home/mech/.pico-sdk/sdk/2.2.0/src/rp2_common/pico_mem_ops/mem_ops_aeabi.S.o
                0x10003168                __aeabi_mem_init
 .text.memset   0x10003178        0xc CMakeFiles/dht11_led.dir/home/mech/.pico-sdk/sdk/2.2.0/src/rp2_common/pico_mem_ops/mem_ops_aeabi.S.o
                0x10003178                __wrap_memset
 .text.memcpy   0x10003184        0xc CMakeFiles/dht11_led.dir/home/mech/.pico-sdk/sdk/2.2.0/src/rp2_common/pico_mem_ops/mem_ops_aeabi.S.o
                0x10003184                __wrap___aeabi_memcpy
                0x10003184                __wrap_memcpy
 .text._out_buffer
                0x10003190        0x8 CMakeFiles/dht11_led.dir/home/mech/.pico-sdk/sdk/2.2.0/src/rp2_common/pico_printf/printf.c.o
 .text._out_null
                0x10003198        0x4 CMakeFiles/dht11_led.dir/home/mech/.pico-sdk/sdk/2.2.0/src/rp2_common/pico_printf/printf.c.o
 .text._out_rev
                0x1000319c       0xac CMakeFiles/dht11_led.dir/home/mech/.pico-sdk/sdk/2.2.0/src/rp2_common/pico_printf/printf.c.o
 .text._ntoa_format
                0x10003248      0x1cc CMakeFiles/dht11_led.dir/home/mech/.pico-sdk/sdk/2.2.0/src/rp2_common/pico_printf/printf.c.o
 .text._out_char
                0x10003414       0x10 CMakeFiles/dht11_led.dir/home/mech/.pico-sdk/sdk/2.2.0/src/rp2_common/pico_printf/printf.c.o
 .text._out_fct
                0x10003424       0x10 CMakeFiles/dht11_led.dir/home/mech/.pico-sdk/sdk/2.2.0/src/rp2_common/pico_printf/printf.c.o
 .text._ftoa    0x10003434      0x4a8 CMakeFiles/dht11_led.dir/home/mech/.pico-sdk/sdk/2.2.0/src/rp2_common/pico_printf/printf.c.o
 .text._etoa    0x100038dc      0x57c CMakeFiles/dht11_led.dir/home/mech/.pico-sdk/sdk/2.2.0/src/rp2_common/pico_printf/printf.c.o
 .text._vsnprintf
                0x10003e58      0xbe0 CMakeFiles/dht11_led.dir/home/mech/.pico-sdk/sdk/2.2.0/src/rp2_common/pico_printf/printf.c.o
 .text.__wrap_sprintf
                0x10004a38       0x2c CMakeFiles/dht11_led.dir/home/mech/.pico-sdk/sdk/2.2.0/src/rp2_common/pico_printf/printf.c.o
                0x10004a38                __wrap_sprintf
 .text.vfctprintf
                0x10004a64       0x24 CMakeFiles/dht11_led.dir/home/mech/.pico-sdk/sdk/2.2.0/src/rp2_common/pico_printf/printf.c.o
                0x10004a64                vfctprintf
 .text.weak_raw_vprintf
                0x10004a88       0x30 CMakeFiles/dht11_led.dir/home/mech/.pico-sdk/sdk/2.2.0/src/rp2_common/pico_printf/printf.c.o
                0x10004a88                weak_raw_vprintf
 .text._exit    0x10004ab8        0x4 CMakeFiles/dht11_led.dir/home/mech/.pico-sdk/sdk/2.2.0/src/rp2_common/pico_clib_interface/newlib_interface.c.o
                0x10004ab8                _exit
 .text.exit     0x10004abc        0x8 CMakeFiles/dht11_led.dir/home/mech/.pico-sdk/sdk/2.2.0/src/rp2_common/pico_clib_interface/newlib_interface.c.o
                0x10004abc                exit
 .text.runtime_init
                0x10004ac4       0x2c CMakeFiles/dht11_led.dir/home/mech/.pico-sdk/sdk/2.2.0/src/rp2_common/pico_clib_interface/newlib_interface.c.o
                0x10004ac4                runtime_init
 .text.stdio_out_chars_no_crlf
                0x10004af0       0x10 CMakeFiles/dht11_led.dir/home/mech/.pico-sdk/sdk/2.2.0/src/rp2_common/pico_stdio/stdio.c.o
 .text.stdio_out_chars_crlf
                0x10004b00       0xb0 CMakeFiles/dht11_led.dir/home/mech/.pico-sdk/sdk/2.2.0/src/rp2_common/pico_stdio/stdio.c.o
 .text.stdio_buffered_printer
                0x10004bb0       0x64 CMakeFiles/dht11_led.dir/home/mech/.pico-sdk/sdk/2.2.0/src/rp2_common/pico_stdio/stdio.c.o
 .text.stdio_put_string
                0x10004c14       0xfc CMakeFiles/dht11_led.dir/home/mech/.pico-sdk/sdk/2.2.0/src/rp2_common/pico_stdio/stdio.c.o
                0x10004c14                stdio_put_string
 .text.stdio_set_driver_enabled
                0x10004d10       0x30 CMakeFiles/dht11_led.dir/home/mech/.pico-sdk/sdk/2.2.0/src/rp2_common/pico_stdio/stdio.c.o
                0x10004d10                stdio_set_driver_enabled
 .text.stdio_init_all
                0x10004d40        0x8 CMakeFiles/dht11_led.dir/home/mech/.pico-sdk/sdk/2.2.0/src/rp2_common/pico_stdio/stdio.c.o
                0x10004d40                stdio_init_all
 .text.__wrap_putchar
                0x10004d48       0x94 CMakeFiles/dht11_led.dir/home/mech/.pico-sdk/sdk/2.2.0/src/rp2_common/pico_stdio/stdio.c.o
                0x10004d48                stdio_putchar
                0x10004d48                __wrap_putchar
 .text.__wrap_puts
                0x10004ddc       0x3c CMakeFiles/dht11_led.dir/home/mech/.pico-sdk/sdk/2.2.0/src/rp2_common/pico_stdio/stdio.c.o
                0x10004ddc                __wrap_puts
                0x10004ddc                stdio_puts
 .text.__wrap_vprintf
                0x10004e18       0xcc CMakeFiles/dht11_led.dir/home/mech/.pico-sdk/sdk/2.2.0/src/rp2_common/pico_stdio/stdio.c.o
                0x10004e18                __wrap_vprintf
                0x10004e18                stdio_vprintf
 .text.__wrap_printf
                0x10004ee4       0x18 CMakeFiles/dht11_led.dir/home/mech/.pico-sdk/sdk/2.2.0/src/rp2_common/pico_stdio/stdio.c.o
                0x10004ee4                stdio_printf
                0x10004ee4                __wrap_printf
 .text.resetd_init
                0x10004efc        0x4 CMakeFiles/dht11_led.dir/home/mech/.pico-sdk/sdk/2.2.0/src/rp2_common/pico_stdio_usb/reset_interface.c.o
 .text.resetd_reset
                0x10004f00        0xc CMakeFiles/dht11_led.dir/home/mech/.pico-sdk/sdk/2.2.0/src/rp2_common/pico_stdio_usb/reset_interface.c.o
 .text.resetd_open
                0x10004f0c       0x28 CMakeFiles/dht11_led.dir/home/mech/.pico-sdk/sdk/2.2.0/src/rp2_common/pico_stdio_usb/reset_interface.c.o
 .text.resetd_xfer_cb
                0x10004f34        0x4 CMakeFiles/dht11_led.dir/home/mech/.pico-sdk/sdk/2.2.0/src/rp2_common/pico_stdio_usb/reset_interface.c.o
 .text.resetd_control_xfer_cb
                0x10004f38       0x54 CMakeFiles/dht11_led.dir/home/mech/.pico-sdk/sdk/2.2.0/src/rp2_common/pico_stdio_usb/reset_interface.c.o
 .text.tud_descriptor_bos_cb
                0x10004f8c        0x8 CMakeFiles/dht11_led.dir/home/mech/.pico-sdk/sdk/2.2.0/src/rp2_common/pico_stdio_usb/reset_interface.c.o
                0x10004f8c                tud_descriptor_bos_cb
 .text.tud_vendor_control_xfer_cb
                0x10004f94       0x34 CMakeFiles/dht11_led.dir/home/mech/.pico-sdk/sdk/2.2.0/src/rp2_common/pico_stdio_usb/reset_interface.c.o
                0x10004f94                tud_vendor_control_xfer_cb
 .text.usbd_app_driver_get_cb
                0x10004fc8        0xc CMakeFiles/dht11_led.dir/home/mech/.pico-sdk/sdk/2.2.0/src/rp2_common/pico_stdio_usb/reset_interface.c.o
                0x10004fc8                usbd_app_driver_get_cb
 .text.tud_cdc_line_coding_cb
                0x10004fd4       0x2c CMakeFiles/dht11_led.dir/home/mech/.pico-sdk/sdk/2.2.0/src/rp2_common/pico_stdio_usb/reset_interface.c.o
                0x10004fd4                tud_cdc_line_coding_cb
 .text.stdio_usb_set_chars_available_callback
                0x10005000       0x14 CMakeFiles/dht11_led.dir/home/mech/.pico-sdk/sdk/2.2.0/src/rp2_common/pico_stdio_usb/stdio_usb.c.o
                0x10005000                stdio_usb_set_chars_available_callback
 .text.usb_irq  0x10005014       0x10 CMakeFiles/dht11_led.dir/home/mech/.pico-sdk/sdk/2.2.0/src/rp2_common/pico_stdio_usb/stdio_usb.c.o
 .text.timer_task
                0x10005024       0x64 CMakeFiles/dht11_led.dir/home/mech/.pico-sdk/sdk/2.2.0/src/rp2_common/pico_stdio_usb/stdio_usb.c.o
 .text.stdio_usb_in_chars
                0x10005088       0x8c CMakeFiles/dht11_led.dir/home/mech/.pico-sdk/sdk/2.2.0/src/rp2_common/pico_stdio_usb/stdio_usb.c.o
                0x10005088                stdio_usb_in_chars
 .text.stdio_usb_out_flush
                0x10005114       0x4c CMakeFiles/dht11_led.dir/home/mech/.pico-sdk/sdk/2.2.0/src/rp2_common/pico_stdio_usb/stdio_usb.c.o
 .text.stdio_usb_out_chars
                0x10005160      0x100 CMakeFiles/dht11_led.dir/home/mech/.pico-sdk/sdk/2.2.0/src/rp2_common/pico_stdio_usb/stdio_usb.c.o
 .text.low_priority_worker_irq
                0x10005260       0xc8 CMakeFiles/dht11_led.dir/home/mech/.pico-sdk/sdk/2.2.0/src/rp2_common/pico_stdio_usb/stdio_usb.c.o
 .text.stdio_usb_init
                0x10005328       0xe8 CMakeFiles/dht11_led.dir/home/mech/.pico-sdk/sdk/2.2.0/src/rp2_common/pico_stdio_usb/stdio_usb.c.o
                0x10005328                stdio_usb_init
 .text.tud_descriptor_device_cb
                0x10005410        0x8 CMakeFiles/dht11_led.dir/home/mech/.pico-sdk/sdk/2.2.0/src/rp2_common/pico_stdio_usb/stdio_usb_descriptors.c.o
                0x10005410                tud_descriptor_device_cb
 .text.tud_descriptor_configuration_cb
                0x10005418        0x8 CMakeFiles/dht11_led.dir/home/mech/.pico-sdk/sdk/2.2.0/src/rp2_common/pico_stdio_usb/stdio_usb_descriptors.c.o
                0x10005418                tud_descriptor_configuration_cb
 .text.tud_descriptor_string_cb
                0x10005420       0x78 CMakeFiles/dht11_led.dir/home/mech/.pico-sdk/sdk/2.2.0/src/rp2_common/pico_stdio_usb/stdio_usb_descriptors.c.o
                0x10005420                tud_descriptor_string_cb
 .text.startup._retrieve_unique_id_on_boot
                0x10005498       0x10 CMakeFiles/dht11_led.dir/home/mech/.pico-sdk/sdk/2.2.0/src/rp2_common/pico_unique_id/unique_id.c.o
 .text.pico_get_unique_board_id_string
                0x100054a8      0x1a8 CMakeFiles/dht11_led.dir/home/mech/.pico-sdk/sdk/2.2.0/src/rp2_common/pico_unique_id/unique_id.c.o
                0x100054a8                pico_get_unique_board_id_string
 .text.flash_get_unique_id
                0x10005650       0x3c CMakeFiles/dht11_led.dir/home/mech/.pico-sdk/sdk/2.2.0/src/rp2_common/hardware_flash/flash.c.o
                0x10005650                flash_get_unique_id
 .text.dcd_init
                0x1000568c       0x90 CMakeFiles/dht11_led.dir/home/mech/.pico-sdk/sdk/2.2.0/lib/tinyusb/src/portable/raspberrypi/rp2040/dcd_rp2040.c.o
                0x1000568c                dcd_init
 .text.dcd_int_enable
                0x1000571c        0xc CMakeFiles/dht11_led.dir/home/mech/.pico-sdk/sdk/2.2.0/lib/tinyusb/src/portable/raspberrypi/rp2040/dcd_rp2040.c.o
                0x1000571c                dcd_int_enable
 .text.dcd_set_address
                0x10005728       0x14 CMakeFiles/dht11_led.dir/home/mech/.pico-sdk/sdk/2.2.0/lib/tinyusb/src/portable/raspberrypi/rp2040/dcd_rp2040.c.o
                0x10005728                dcd_set_address
 .text.dcd_sof_enable
                0x1000573c       0x1c CMakeFiles/dht11_led.dir/home/mech/.pico-sdk/sdk/2.2.0/lib/tinyusb/src/portable/raspberrypi/rp2040/dcd_rp2040.c.o
                0x1000573c                dcd_sof_enable
 .text.dcd_edpt0_status_complete
                0x10005758       0x1c CMakeFiles/dht11_led.dir/home/mech/.pico-sdk/sdk/2.2.0/lib/tinyusb/src/portable/raspberrypi/rp2040/dcd_rp2040.c.o
                0x10005758                dcd_edpt0_status_complete
 .text.dcd_edpt_open
                0x10005774      0x114 CMakeFiles/dht11_led.dir/home/mech/.pico-sdk/sdk/2.2.0/lib/tinyusb/src/portable/raspberrypi/rp2040/dcd_rp2040.c.o
                0x10005774                dcd_edpt_open
 .text.dcd_edpt_close_all
                0x10005888        0x8 CMakeFiles/dht11_led.dir/home/mech/.pico-sdk/sdk/2.2.0/lib/tinyusb/src/portable/raspberrypi/rp2040/dcd_rp2040.c.o
                0x10005888                dcd_edpt_close_all
 .text.dcd_edpt_xfer
                0x10005890       0x24 CMakeFiles/dht11_led.dir/home/mech/.pico-sdk/sdk/2.2.0/lib/tinyusb/src/portable/raspberrypi/rp2040/dcd_rp2040.c.o
                0x10005890                dcd_edpt_xfer
 .text.dcd_edpt_stall
                0x100058b4       0x3c CMakeFiles/dht11_led.dir/home/mech/.pico-sdk/sdk/2.2.0/lib/tinyusb/src/portable/raspberrypi/rp2040/dcd_rp2040.c.o
                0x100058b4                dcd_edpt_stall
 .text.dcd_edpt_clear_stall
                0x100058f0       0x30 CMakeFiles/dht11_led.dir/home/mech/.pico-sdk/sdk/2.2.0/lib/tinyusb/src/portable/raspberrypi/rp2040/dcd_rp2040.c.o
                0x100058f0                dcd_edpt_clear_stall
 .text.rp2040_usb_init
                0x10005920       0x40 CMakeFiles/dht11_led.dir/home/mech/.pico-sdk/sdk/2.2.0/lib/tinyusb/src/portable/raspberrypi/rp2040/rp2040_usb.c.o
                0x10005920                rp2040_usb_init
 .text.hw_endpoint_xfer_start
                0x10005960       0x40 CMakeFiles/dht11_led.dir/home/mech/.pico-sdk/sdk/2.2.0/lib/tinyusb/src/portable/raspberrypi/rp2040/rp2040_usb.c.o
                0x10005960                hw_endpoint_xfer_start
 .text.tud_event_hook_cb
                0x100059a0        0x4 CMakeFiles/dht11_led.dir/home/mech/.pico-sdk/sdk/2.2.0/lib/tinyusb/src/device/usbd.c.o
                0x100059a0                tud_event_hook_cb
 .text.tud_sof_cb
                0x100059a4        0x4 CMakeFiles/dht11_led.dir/home/mech/.pico-sdk/sdk/2.2.0/lib/tinyusb/src/device/usbd.c.o
                0x100059a4                tud_sof_cb
 .text.tud_descriptor_device_qualifier_cb
                0x100059a8        0x4 CMakeFiles/dht11_led.dir/home/mech/.pico-sdk/sdk/2.2.0/lib/tinyusb/src/device/usbd.c.o
                0x100059a8                tud_descriptor_device_qualifier_cb
 .text.tud_descriptor_other_speed_configuration_cb
                0x100059ac        0x4 CMakeFiles/dht11_led.dir/home/mech/.pico-sdk/sdk/2.2.0/lib/tinyusb/src/device/usbd.c.o
                0x100059ac                tud_descriptor_other_speed_configuration_cb
 .text.tud_mount_cb
                0x100059b0        0x4 CMakeFiles/dht11_led.dir/home/mech/.pico-sdk/sdk/2.2.0/lib/tinyusb/src/device/usbd.c.o
                0x100059b0                tud_mount_cb
 .text.tud_umount_cb
                0x100059b4        0x4 CMakeFiles/dht11_led.dir/home/mech/.pico-sdk/sdk/2.2.0/lib/tinyusb/src/device/usbd.c.o
                0x100059b4                tud_umount_cb
 .text.tud_suspend_cb
                0x100059b8        0x4 CMakeFiles/dht11_led.dir/home/mech/.pico-sdk/sdk/2.2.0/lib/tinyusb/src/device/usbd.c.o
                0x100059b8                tud_suspend_cb
 .text.tud_resume_cb
                0x100059bc        0x4 CMakeFiles/dht11_led.dir/home/mech/.pico-sdk/sdk/2.2.0/lib/tinyusb/src/device/usbd.c.o
                0x100059bc                tud_resume_cb
 .text.tud_mounted
                0x100059c0       0x10 CMakeFiles/dht11_led.dir/home/mech/.pico-sdk/sdk/2.2.0/lib/tinyusb/src/device/usbd.c.o
                0x100059c0                tud_mounted
 .text.tud_suspended
                0x100059d0       0x10 CMakeFiles/dht11_led.dir/home/mech/.pico-sdk/sdk/2.2.0/lib/tinyusb/src/device/usbd.c.o
                0x100059d0                tud_suspended
 .text.tud_rhport_init
                0x100059e0       0xf4 CMakeFiles/dht11_led.dir/home/mech/.pico-sdk/sdk/2.2.0/lib/tinyusb/src/device/usbd.c.o
                0x100059e0                tud_rhport_init
 .text.tud_task_ext
                0x10005ad4      0x800 CMakeFiles/dht11_led.dir/home/mech/.pico-sdk/sdk/2.2.0/lib/tinyusb/src/device/usbd.c.o
                0x10005ad4                tud_task_ext
 .text.usbd_open_edpt_pair
                0x100062d4       0x9c CMakeFiles/dht11_led.dir/home/mech/.pico-sdk/sdk/2.2.0/lib/tinyusb/src/device/usbd.c.o
                0x100062d4                usbd_open_edpt_pair
 .text.usbd_edpt_open
                0x10006370       0x34 CMakeFiles/dht11_led.dir/home/mech/.pico-sdk/sdk/2.2.0/lib/tinyusb/src/device/usbd.c.o
                0x10006370                usbd_edpt_open
 .text.usbd_edpt_claim
                0x100063a4       0x28 CMakeFiles/dht11_led.dir/home/mech/.pico-sdk/sdk/2.2.0/lib/tinyusb/src/device/usbd.c.o
                0x100063a4                usbd_edpt_claim
 .text.usbd_edpt_release
                0x100063cc       0x28 CMakeFiles/dht11_led.dir/home/mech/.pico-sdk/sdk/2.2.0/lib/tinyusb/src/device/usbd.c.o
                0x100063cc                usbd_edpt_release
 .text.usbd_edpt_xfer
                0x100063f4       0x4c CMakeFiles/dht11_led.dir/home/mech/.pico-sdk/sdk/2.2.0/lib/tinyusb/src/device/usbd.c.o
                0x100063f4                usbd_edpt_xfer
 .text.tud_control_status
                0x10006440       0x2c CMakeFiles/dht11_led.dir/home/mech/.pico-sdk/sdk/2.2.0/lib/tinyusb/src/device/usbd_control.c.o
                0x10006440                tud_control_status
 .text.tud_control_xfer
                0x1000646c       0xa8 CMakeFiles/dht11_led.dir/home/mech/.pico-sdk/sdk/2.2.0/lib/tinyusb/src/device/usbd_control.c.o
                0x1000646c                tud_control_xfer
 .text.usbd_control_reset
                0x10006514       0x14 CMakeFiles/dht11_led.dir/home/mech/.pico-sdk/sdk/2.2.0/lib/tinyusb/src/device/usbd_control.c.o
                0x10006514                usbd_control_reset
 .text.usbd_control_set_complete_callback
                0x10006528        0xc CMakeFiles/dht11_led.dir/home/mech/.pico-sdk/sdk/2.2.0/lib/tinyusb/src/device/usbd_control.c.o
                0x10006528                usbd_control_set_complete_callback
 .text.usbd_control_set_request
                0x10006534       0x1c CMakeFiles/dht11_led.dir/home/mech/.pico-sdk/sdk/2.2.0/lib/tinyusb/src/device/usbd_control.c.o
                0x10006534                usbd_control_set_request
 .text.usbd_control_xfer_cb
                0x10006550       0xec CMakeFiles/dht11_led.dir/home/mech/.pico-sdk/sdk/2.2.0/lib/tinyusb/src/device/usbd_control.c.o
                0x10006550                usbd_control_xfer_cb
 .text._prep_out_transaction.isra.0
                0x1000663c       0x6c CMakeFiles/dht11_led.dir/home/mech/.pico-sdk/sdk/2.2.0/lib/tinyusb/src/class/cdc/cdc_device.c.o
 .text.tud_cdc_n_connected
                0x100066a8       0x2c CMakeFiles/dht11_led.dir/home/mech/.pico-sdk/sdk/2.2.0/lib/tinyusb/src/class/cdc/cdc_device.c.o
                0x100066a8                tud_cdc_n_connected
 .text.tud_cdc_n_available
                0x100066d4       0x14 CMakeFiles/dht11_led.dir/home/mech/.pico-sdk/sdk/2.2.0/lib/tinyusb/src/class/cdc/cdc_device.c.o
                0x100066d4                tud_cdc_n_available
 .text.tud_cdc_n_read
                0x100066e8       0x88 CMakeFiles/dht11_led.dir/home/mech/.pico-sdk/sdk/2.2.0/lib/tinyusb/src/class/cdc/cdc_device.c.o
                0x100066e8                tud_cdc_n_read
 .text.tud_cdc_n_write_flush
                0x10006770       0x74 CMakeFiles/dht11_led.dir/home/mech/.pico-sdk/sdk/2.2.0/lib/tinyusb/src/class/cdc/cdc_device.c.o
                0x10006770                tud_cdc_n_write_flush
 .text.tud_cdc_n_write
                0x100067e4       0x40 CMakeFiles/dht11_led.dir/home/mech/.pico-sdk/sdk/2.2.0/lib/tinyusb/src/class/cdc/cdc_device.c.o
                0x100067e4                tud_cdc_n_write
 .text.tud_cdc_n_write_available
                0x10006824       0x14 CMakeFiles/dht11_led.dir/home/mech/.pico-sdk/sdk/2.2.0/lib/tinyusb/src/class/cdc/cdc_device.c.o
                0x10006824                tud_cdc_n_write_available
 .text.cdcd_init
                0x10006838       0x70 CMakeFiles/dht11_led.dir/home/mech/.pico-sdk/sdk/2.2.0/lib/tinyusb/src/class/cdc/cdc_device.c.o
                0x10006838                cdcd_init
 .text.cdcd_deinit
                0x100068a8       0x30 CMakeFiles/dht11_led.dir/home/mech/.pico-sdk/sdk/2.2.0/lib/tinyusb/src/class/cdc/cdc_device.c.o
                0x100068a8                cdcd_deinit
 .text.cdcd_reset
                0x100068d8       0x4c CMakeFiles/dht11_led.dir/home/mech/.pico-sdk/sdk/2.2.0/lib/tinyusb/src/class/cdc/cdc_device.c.o
                0x100068d8                cdcd_reset
 .text.cdcd_open
                0x10006924       0xa4 CMakeFiles/dht11_led.dir/home/mech/.pico-sdk/sdk/2.2.0/lib/tinyusb/src/class/cdc/cdc_device.c.o
                0x10006924                cdcd_open
 .text.cdcd_control_xfer_cb
                0x100069c8       0xe8 CMakeFiles/dht11_led.dir/home/mech/.pico-sdk/sdk/2.2.0/lib/tinyusb/src/class/cdc/cdc_device.c.o
                0x100069c8                cdcd_control_xfer_cb
 .text.cdcd_xfer_cb
                0x10006ab0      0x100 CMakeFiles/dht11_led.dir/home/mech/.pico-sdk/sdk/2.2.0/lib/tinyusb/src/class/cdc/cdc_device.c.o
                0x10006ab0                cdcd_xfer_cb
 .text.vendord_init
                0x10006bb0       0x5c CMakeFiles/dht11_led.dir/home/mech/.pico-sdk/sdk/2.2.0/lib/tinyusb/src/class/vendor/vendor_device.c.o
                0x10006bb0                vendord_init
 .text.vendord_deinit
                0x10006c0c       0x1c CMakeFiles/dht11_led.dir/home/mech/.pico-sdk/sdk/2.2.0/lib/tinyusb/src/class/vendor/vendor_device.c.o
                0x10006c0c                vendord_deinit
 .text.vendord_reset
                0x10006c28       0x28 CMakeFiles/dht11_led.dir/home/mech/.pico-sdk/sdk/2.2.0/lib/tinyusb/src/class/vendor/vendor_device.c.o
                0x10006c28                vendord_reset
 .text.vendord_open
                0x10006c50      0x120 CMakeFiles/dht11_led.dir/home/mech/.pico-sdk/sdk/2.2.0/lib/tinyusb/src/class/vendor/vendor_device.c.o
                0x10006c50                vendord_open
 .text.vendord_xfer_cb
                0x10006d70       0x9c CMakeFiles/dht11_led.dir/home/mech/.pico-sdk/sdk/2.2.0/lib/tinyusb/src/class/vendor/vendor_device.c.o
                0x10006d70                vendord_xfer_cb
 .text.tusb_rhport_init
                0x10006e0c       0x4c CMakeFiles/dht11_led.dir/home/mech/.pico-sdk/sdk/2.2.0/lib/tinyusb/src/tusb.c.o
                0x10006e0c                tusb_rhport_init
 .text.tu_edpt_claim
                0x10006e58       0x50 CMakeFiles/dht11_led.dir/home/mech/.pico-sdk/sdk/2.2.0/lib/tinyusb/src/tusb.c.o
                0x10006e58                tu_edpt_claim
 .text.tu_edpt_release
                0x10006ea8       0x38 CMakeFiles/dht11_led.dir/home/mech/.pico-sdk/sdk/2.2.0/lib/tinyusb/src/tusb.c.o
                0x10006ea8                tu_edpt_release
 .text.tu_edpt_validate
                0x10006ee0       0x7c CMakeFiles/dht11_led.dir/home/mech/.pico-sdk/sdk/2.2.0/lib/tinyusb/src/tusb.c.o
                0x10006ee0                tu_edpt_validate
 .text.tu_edpt_bind_driver
                0x10006f5c       0x34 CMakeFiles/dht11_led.dir/home/mech/.pico-sdk/sdk/2.2.0/lib/tinyusb/src/tusb.c.o
                0x10006f5c                tu_edpt_bind_driver
 .text.tu_edpt_stream_init
                0x10006f90       0x6c CMakeFiles/dht11_led.dir/home/mech/.pico-sdk/sdk/2.2.0/lib/tinyusb/src/tusb.c.o
                0x10006f90                tu_edpt_stream_init
 .text.tu_edpt_stream_deinit
                0x10006ffc        0x4 CMakeFiles/dht11_led.dir/home/mech/.pico-sdk/sdk/2.2.0/lib/tinyusb/src/tusb.c.o
                0x10006ffc                tu_edpt_stream_deinit
 .text.tu_edpt_stream_write_zlp_if_needed
                0x10007000       0x68 CMakeFiles/dht11_led.dir/home/mech/.pico-sdk/sdk/2.2.0/lib/tinyusb/src/tusb.c.o
                0x10007000                tu_edpt_stream_write_zlp_if_needed
 .text.tu_edpt_stream_write_xfer
                0x10007068       0x68 CMakeFiles/dht11_led.dir/home/mech/.pico-sdk/sdk/2.2.0/lib/tinyusb/src/tusb.c.o
                0x10007068                tu_edpt_stream_write_xfer
 .text.tu_edpt_stream_read_xfer
                0x100070d0       0xd8 CMakeFiles/dht11_led.dir/home/mech/.pico-sdk/sdk/2.2.0/lib/tinyusb/src/tusb.c.o
                0x100070d0                tu_edpt_stream_read_xfer
 .text.tu_fifo_config
                0x100071a8       0x6c CMakeFiles/dht11_led.dir/home/mech/.pico-sdk/sdk/2.2.0/lib/tinyusb/src/common/tusb_fifo.c.o
                0x100071a8                tu_fifo_config
 .text.tu_fifo_count
                0x10007214       0x2c CMakeFiles/dht11_led.dir/home/mech/.pico-sdk/sdk/2.2.0/lib/tinyusb/src/common/tusb_fifo.c.o
                0x10007214                tu_fifo_count
 .text.tu_fifo_empty
                0x10007240       0x10 CMakeFiles/dht11_led.dir/home/mech/.pico-sdk/sdk/2.2.0/lib/tinyusb/src/common/tusb_fifo.c.o
                0x10007240                tu_fifo_empty
 .text.tu_fifo_remaining
                0x10007250       0x2c CMakeFiles/dht11_led.dir/home/mech/.pico-sdk/sdk/2.2.0/lib/tinyusb/src/common/tusb_fifo.c.o
                0x10007250                tu_fifo_remaining
 .text.tu_fifo_read
                0x1000727c       0x9c CMakeFiles/dht11_led.dir/home/mech/.pico-sdk/sdk/2.2.0/lib/tinyusb/src/common/tusb_fifo.c.o
                0x1000727c                tu_fifo_read
 .text.tu_fifo_read_n
                0x10007318       0xe8 CMakeFiles/dht11_led.dir/home/mech/.pico-sdk/sdk/2.2.0/lib/tinyusb/src/common/tusb_fifo.c.o
                0x10007318                tu_fifo_read_n
 .text.tu_fifo_write
                0x10007400       0xa4 CMakeFiles/dht11_led.dir/home/mech/.pico-sdk/sdk/2.2.0/lib/tinyusb/src/common/tusb_fifo.c.o
                0x10007400                tu_fifo_write
 .text.tu_fifo_write_n
                0x100074a4      0x178 CMakeFiles/dht11_led.dir/home/mech/.pico-sdk/sdk/2.2.0/lib/tinyusb/src/common/tusb_fifo.c.o
                0x100074a4                tu_fifo_write_n
 .text.tu_fifo_clear
                0x1000761c       0x40 CMakeFiles/dht11_led.dir/home/mech/.pico-sdk/sdk/2.2.0/lib/tinyusb/src/common/tusb_fifo.c.o
                0x1000761c                tu_fifo_clear
 .text.tu_fifo_set_overwritable
                0x1000765c       0x48 CMakeFiles/dht11_led.dir/home/mech/.pico-sdk/sdk/2.2.0/lib/tinyusb/src/common/tusb_fifo.c.o
                0x1000765c                tu_fifo_set_overwritable
 .text.pio_sm_set_consecutive_pindirs
                0x100076a4       0xb4 CMakeFiles/dht11_led.dir/home/mech/.pico-sdk/sdk/2.2.0/src/rp2_common/hardware_pio/pio.c.o
                0x100076a4                pio_sm_set_consecutive_pindirs
 .text.pio_sm_init
                0x10007758       0x9c CMakeFiles/dht11_led.dir/home/mech/.pico-sdk/sdk/2.2.0/src/rp2_common/hardware_pio/pio.c.o
                0x10007758                pio_sm_init
 .text.pio_claim_free_sm_and_add_program_for_gpio_range
                0x100077f4      0x184 CMakeFiles/dht11_led.dir/home/mech/.pico-sdk/sdk/2.2.0/src/rp2_common/hardware_pio/pio.c.o
                0x100077f4                pio_claim_free_sm_and_add_program_for_gpio_range
 .text.strlen   0x10007978       0x5c /home/mech/.pico-sdk/toolchain/14_2_Rel1/bin/../lib/gcc/arm-none-eabi/14.2.1/../../../../arm-none-eabi/lib/thumb/v6-m/nofp/libg.a(libc_a-strlen-stub.o)
                0x10007978                strlen
 *(.fini)
 .fini          0x100079d4        0x4 /home/mech/.pico-sdk/toolchain/14_2_Rel1/bin/../lib/gcc/arm-none-eabi/14.2.1/thumb/v6-m/nofp/crti.o
                0x100079d4                _fini
 .fini.__stub   0x100079d8       0xc0 linker stubs
 *crtbegin.o(.ctors)
 *crtbegin?.o(.ctors)
 *(EXCLUDE_FILE(*crtend.o *crtend?.o) .ctors)
 *(SORT_BY_NAME(.ctors.*))
 *(.ctors)
 *crtbegin.o(.dtors)
 *crtbegin?.o(.dtors)
 *(EXCLUDE_FILE(*crtend.o *crtend?.o) .dtors)
 *(SORT_BY_NAME(.dtors.*))
 *(.dtors)
                0x10007a98                        . = ALIGN (0x4)
                0x10007a98                        PROVIDE (__preinit_array_start = .)
 *(SORT_BY_NAME(.preinit_array.*))
 .preinit_array.00100
                0x10007a98        0x4 CMakeFiles/dht11_led.dir/home/mech/.pico-sdk/sdk/2.2.0/src/rp2_common/pico_runtime_init/runtime_init.c.o
                0x10007a98                __pre_init_runtime_init_early_resets
 .preinit_array.00101
                0x10007a9c        0x4 CMakeFiles/dht11_led.dir/home/mech/.pico-sdk/sdk/2.2.0/src/rp2_common/pico_runtime_init/runtime_init.c.o
                0x10007a9c                __pre_init_runtime_init_usb_power_down
 .preinit_array.00275
                0x10007aa0        0x4 CMakeFiles/dht11_led.dir/home/mech/.pico-sdk/sdk/2.2.0/src/rp2_common/pico_bit_ops/bit_ops_aeabi.S.o
 .preinit_array.00300
                0x10007aa4        0x4 CMakeFiles/dht11_led.dir/home/mech/.pico-sdk/sdk/2.2.0/src/rp2_common/pico_mem_ops/mem_ops_aeabi.S.o
 .preinit_array.00350
                0x10007aa8        0x4 CMakeFiles/dht11_led.dir/home/mech/.pico-sdk/sdk/2.2.0/src/rp2_common/pico_double/double_aeabi_rp2040.S.o
 .preinit_array.00350
                0x10007aac        0x4 CMakeFiles/dht11_led.dir/home/mech/.pico-sdk/sdk/2.2.0/src/rp2_common/pico_float/float_aeabi_rp2040.S.o
 .preinit_array.00500
                0x10007ab0        0x4 CMakeFiles/dht11_led.dir/home/mech/.pico-sdk/sdk/2.2.0/src/rp2_common/pico_runtime_init/runtime_init.c.o
                0x10007ab0                __pre_init_runtime_init_clocks
 .preinit_array.00600
                0x10007ab4        0x4 CMakeFiles/dht11_led.dir/home/mech/.pico-sdk/sdk/2.2.0/src/rp2_common/pico_runtime_init/runtime_init.c.o
                0x10007ab4                __pre_init_runtime_init_post_clock_resets
 .preinit_array.00700
                0x10007ab8        0x4 CMakeFiles/dht11_led.dir/home/mech/.pico-sdk/sdk/2.2.0/src/rp2_common/pico_runtime_init/runtime_init.c.o
                0x10007ab8                __pre_init_runtime_init_rp2040_gpio_ie_disable
 .preinit_array.01000
                0x10007abc        0x4 CMakeFiles/dht11_led.dir/home/mech/.pico-sdk/sdk/2.2.0/src/rp2_common/pico_runtime_init/runtime_init.c.o
                0x10007abc                __pre_init_runtime_init_spin_locks_reset
 .preinit_array.01100
                0x10007ac0        0x4 CMakeFiles/dht11_led.dir/home/mech/.pico-sdk/sdk/2.2.0/src/common/pico_sync/mutex.c.o
                0x10007ac0                __pre_init_runtime_init_mutex
 .preinit_array.10080
                0x10007ac4        0x4 CMakeFiles/dht11_led.dir/home/mech/.pico-sdk/sdk/2.2.0/src/rp2_common/pico_runtime_init/runtime_init.c.o
                0x10007ac4                __pre_init_runtime_init_install_ram_vector_table
 .preinit_array.11000
                0x10007ac8        0x4 CMakeFiles/dht11_led.dir/home/mech/.pico-sdk/sdk/2.2.0/src/common/pico_time/time.c.o
                0x10007ac8                __pre_init_runtime_init_default_alarm_pool
 .preinit_array.YYYYY
                0x10007acc        0x4 CMakeFiles/dht11_led.dir/home/mech/.pico-sdk/sdk/2.2.0/src/rp2_common/pico_runtime/runtime.c.o
                0x10007acc                __pre_init_first_per_core_initializer
 .preinit_array.ZZZZZ.01200
                0x10007ad0        0x4 CMakeFiles/dht11_led.dir/home/mech/.pico-sdk/sdk/2.2.0/src/rp2_common/hardware_irq/irq.c.o
                0x10007ad0                __pre_init_runtime_init_per_core_irq_priorities
 *(.preinit_array)
                0x10007ad4                        PROVIDE (__preinit_array_end = .)
                0x10007ad4                        . = ALIGN (0x4)
                0x10007ad4                        PROVIDE (__init_array_start = .)
 *(SORT_BY_NAME(.init_array.*))
 .init_array.01000
                0x10007ad4        0x4 CMakeFiles/dht11_led.dir/home/mech/.pico-sdk/sdk/2.2.0/src/rp2_common/pico_unique_id/unique_id.c.o
 *(.init_array)
 .init_array    0x10007ad8        0x4 /home/mech/.pico-sdk/toolchain/14_2_Rel1/bin/../lib/gcc/arm-none-eabi/14.2.1/thumb/v6-m/nofp/crtbegin.o
                0x10007adc                        PROVIDE (__init_array_end = .)
                0x10007adc                        . = ALIGN (0x4)
                [!provide]                        PROVIDE (__fini_array_start = .)
 *(SORT_BY_NAME(.fini_array.*))
 *(.fini_array)
                [!provide]                        PROVIDE (__fini_array_end = .)
 *(.eh_frame*)
 .eh_frame      0x10007adc        0x0 /home/mech/.pico-sdk/toolchain/14_2_Rel1/bin/../lib/gcc/arm-none-eabi/14.2.1/thumb/v6-m/nofp/crtbegin.o
                0x10007adc                        . = ALIGN (0x4)

.glue_7         0x10007adc        0x0
 .glue_7        0x10007adc        0x0 linker stubs

.glue_7t        0x10007adc        0x0
 .glue_7t       0x10007adc        0x0 linker stubs

.vfp11_veneer   0x10007adc        0x0
 .vfp11_veneer  0x10007adc        0x0 linker stubs

.v4_bx          0x10007adc        0x0
 .v4_bx         0x10007adc        0x0 linker stubs

.iplt           0x10007adc        0x0
 .iplt          0x10007adc        0x0 /home/mech/.pico-sdk/toolchain/14_2_Rel1/bin/../lib/gcc/arm-none-eabi/14.2.1/thumb/v6-m/nofp/crtbegin.o

.rodata         0x10007ae0      0x74c
 *(EXCLUDE_FILE(*libm.a: *libc.a:*lib_a-mem*.o *libgcc.a:) .rodata*)
 .rodata.web_read_from_dht.str1.4
                0x10007ae0      0x214 CMakeFiles/dht11_led.dir/dht11_led.c.o
                                 0x2b (size before relaxing)
 .rodata.main.str1.4
                0x10007cf4       0x4f CMakeFiles/dht11_led.dir/dht11_led.c.o
 .rodata.ws2812_program
                0x10007cf4        0x8 CMakeFiles/dht11_led.dir/dht11_led.c.o
 .rodata.ws2812_program_instructions
                0x10007cfc        0x8 CMakeFiles/dht11_led.dir/dht11_led.c.o
 .rodata        0x10007d04       0x74 CMakeFiles/dht11_led.dir/dht11_led.c.o
 .rodata.panic.str1.4
                0x10007d78       0x12 CMakeFiles/dht11_led.dir/home/mech/.pico-sdk/sdk/2.2.0/src/rp2_common/pico_platform_panic/panic.c.o
 .rodata.spin_lock_claim_unused.str1.4
                0x10007d78       0x1b CMakeFiles/dht11_led.dir/home/mech/.pico-sdk/sdk/2.2.0/src/rp2_common/hardware_sync/sync.c.o
 .rodata.user_irq_claim_unused.str1.4
                0x10007d78       0x1b CMakeFiles/dht11_led.dir/home/mech/.pico-sdk/sdk/2.2.0/src/rp2_common/hardware_irq/irq.c.o
 .rodata.timer_hardware_alarm_claim.str1.4
                0x10007d78       0x22 CMakeFiles/dht11_led.dir/home/mech/.pico-sdk/sdk/2.2.0/src/rp2_common/hardware_timer/timer.c.o
 .rodata.hard_assertion_failure.str1.4
                0x10007d78        0xc CMakeFiles/dht11_led.dir/home/mech/.pico-sdk/sdk/2.2.0/src/rp2_common/pico_runtime/runtime.c.o
 .rodata.str1.4
                0x10007d78       0x44 CMakeFiles/dht11_led.dir/home/mech/.pico-sdk/sdk/2.2.0/src/rp2_common/pico_standard_binary_info/standard_binary_info.c.o
 .rodata.__bi_84
                0x10007d78        0xc CMakeFiles/dht11_led.dir/home/mech/.pico-sdk/sdk/2.2.0/src/rp2_common/pico_standard_binary_info/standard_binary_info.c.o
 .rodata.__bi_78
                0x10007d84        0xc CMakeFiles/dht11_led.dir/home/mech/.pico-sdk/sdk/2.2.0/src/rp2_common/pico_standard_binary_info/standard_binary_info.c.o
 .rodata.__bi_60
                0x10007d90        0xc CMakeFiles/dht11_led.dir/home/mech/.pico-sdk/sdk/2.2.0/src/rp2_common/pico_standard_binary_info/standard_binary_info.c.o
 .rodata.__bi_54
                0x10007d9c        0xc CMakeFiles/dht11_led.dir/home/mech/.pico-sdk/sdk/2.2.0/src/rp2_common/pico_standard_binary_info/standard_binary_info.c.o
 .rodata.__bi_48
                0x10007da8        0xc CMakeFiles/dht11_led.dir/home/mech/.pico-sdk/sdk/2.2.0/src/rp2_common/pico_standard_binary_info/standard_binary_info.c.o
 .rodata.__bi_42
                0x10007db4        0xc CMakeFiles/dht11_led.dir/home/mech/.pico-sdk/sdk/2.2.0/src/rp2_common/pico_standard_binary_info/standard_binary_info.c.o
 .rodata.__bi_34
                0x10007dc0        0xc CMakeFiles/dht11_led.dir/home/mech/.pico-sdk/sdk/2.2.0/src/rp2_common/pico_standard_binary_info/standard_binary_info.c.o
 .rodata.__bi_26
                0x10007dcc        0xc CMakeFiles/dht11_led.dir/home/mech/.pico-sdk/sdk/2.2.0/src/rp2_common/pico_standard_binary_info/standard_binary_info.c.o
 .rodata._ftoa.str1.4
                0x10007dd8       0x15 CMakeFiles/dht11_led.dir/home/mech/.pico-sdk/sdk/2.2.0/src/rp2_common/pico_printf/printf.c.o
 .rodata._vsnprintf
                0x10007dd8      0x19c CMakeFiles/dht11_led.dir/home/mech/.pico-sdk/sdk/2.2.0/src/rp2_common/pico_printf/printf.c.o
 *fill*         0x10007f74        0x4 
 .rodata.pow10.0
                0x10007f78       0x50 CMakeFiles/dht11_led.dir/home/mech/.pico-sdk/sdk/2.2.0/src/rp2_common/pico_printf/printf.c.o
 .rodata.crlf_str.0
                0x10007fc8        0x2 CMakeFiles/dht11_led.dir/home/mech/.pico-sdk/sdk/2.2.0/src/rp2_common/pico_stdio/stdio.c.o
 *fill*         0x10007fca        0x2 
 .rodata._resetd_driver
                0x10007fcc       0x20 CMakeFiles/dht11_led.dir/home/mech/.pico-sdk/sdk/2.2.0/src/rp2_common/pico_stdio_usb/reset_interface.c.o
 .rodata.desc_ms_os_20
                0x10007fec       0xa6 CMakeFiles/dht11_led.dir/home/mech/.pico-sdk/sdk/2.2.0/src/rp2_common/pico_stdio_usb/reset_interface.c.o
 *fill*         0x10008092        0x2 
 .rodata.desc_bos
                0x10008094       0x21 CMakeFiles/dht11_led.dir/home/mech/.pico-sdk/sdk/2.2.0/src/rp2_common/pico_stdio_usb/reset_interface.c.o
                0x10008094                desc_bos
 .rodata.str1.4
                0x100080b5       0x13 CMakeFiles/dht11_led.dir/home/mech/.pico-sdk/sdk/2.2.0/src/rp2_common/pico_stdio_usb/stdio_usb.c.o
 *fill*         0x100080b5        0x3 
 .rodata.__bi_202.0
                0x100080b8        0xc CMakeFiles/dht11_led.dir/home/mech/.pico-sdk/sdk/2.2.0/src/rp2_common/pico_stdio_usb/stdio_usb.c.o
 .rodata.str1.4
                0x100080c4       0x2a CMakeFiles/dht11_led.dir/home/mech/.pico-sdk/sdk/2.2.0/src/rp2_common/pico_stdio_usb/stdio_usb_descriptors.c.o
 .rodata.usbd_desc_str
                0x100080c4       0x18 CMakeFiles/dht11_led.dir/home/mech/.pico-sdk/sdk/2.2.0/src/rp2_common/pico_stdio_usb/stdio_usb_descriptors.c.o
 .rodata.usbd_desc_cfg
                0x100080dc       0x54 CMakeFiles/dht11_led.dir/home/mech/.pico-sdk/sdk/2.2.0/src/rp2_common/pico_stdio_usb/stdio_usb_descriptors.c.o
 .rodata.usbd_desc_device
                0x10008130       0x12 CMakeFiles/dht11_led.dir/home/mech/.pico-sdk/sdk/2.2.0/src/rp2_common/pico_stdio_usb/stdio_usb_descriptors.c.o
 .rodata.str1.4
                0x10008142       0x14 CMakeFiles/dht11_led.dir/home/mech/.pico-sdk/sdk/2.2.0/lib/tinyusb/src/portable/raspberrypi/rp2040/dcd_rp2040.c.o
 .rodata.str1.4
                0x10008142       0x48 CMakeFiles/dht11_led.dir/home/mech/.pico-sdk/sdk/2.2.0/lib/tinyusb/src/portable/raspberrypi/rp2040/rp2040_usb.c.o
 *fill*         0x10008142        0x2 
 .rodata.tud_task_ext
                0x10008144       0x8c CMakeFiles/dht11_led.dir/home/mech/.pico-sdk/sdk/2.2.0/lib/tinyusb/src/device/usbd.c.o
 .rodata        0x100081d0       0x1c CMakeFiles/dht11_led.dir/home/mech/.pico-sdk/sdk/2.2.0/lib/tinyusb/src/device/usbd.c.o
 .rodata._usbd_driver
                0x100081ec       0x40 CMakeFiles/dht11_led.dir/home/mech/.pico-sdk/sdk/2.2.0/lib/tinyusb/src/device/usbd.c.o
 .rodata.pio_claim_unused_sm.str1.4
                0x1000822c       0x24 CMakeFiles/dht11_led.dir/home/mech/.pico-sdk/sdk/2.2.0/src/rp2_common/hardware_pio/pio.c.o
                0x10008250                        . = ALIGN (0x4)
 *(SORT_BY_ALIGNMENT(SORT_BY_NAME(.flashdata*)))
                0x10008250                        . = ALIGN (0x4)

.ARM.extab
 *(.ARM.extab* .gnu.linkonce.armextab.*)
                0x1000822c                        __exidx_start = .

.ARM.exidx
 *(.ARM.exidx* .gnu.linkonce.armexidx.*)
                0x1000822c                        __exidx_end = .
                0x10008250                        . = ALIGN (0x4)
                0x1000822c                        __binary_info_start = .

.binary_info    0x1000822c       0x24
 *(.binary_info.keep.*)
 .binary_info.keep.__bi_ptr84
                0x1000822c        0x4 CMakeFiles/dht11_led.dir/home/mech/.pico-sdk/sdk/2.2.0/src/rp2_common/pico_standard_binary_info/standard_binary_info.c.o
 .binary_info.keep.__bi_ptr78
                0x10008230        0x4 CMakeFiles/dht11_led.dir/home/mech/.pico-sdk/sdk/2.2.0/src/rp2_common/pico_standard_binary_info/standard_binary_info.c.o
 .binary_info.keep.__bi_ptr60
                0x10008234        0x4 CMakeFiles/dht11_led.dir/home/mech/.pico-sdk/sdk/2.2.0/src/rp2_common/pico_standard_binary_info/standard_binary_info.c.o
 .binary_info.keep.__bi_ptr54
                0x10008238        0x4 CMakeFiles/dht11_led.dir/home/mech/.pico-sdk/sdk/2.2.0/src/rp2_common/pico_standard_binary_info/standard_binary_info.c.o
 .binary_info.keep.__bi_ptr48
                0x1000823c        0x4 CMakeFiles/dht11_led.dir/home/mech/.pico-sdk/sdk/2.2.0/src/rp2_common/pico_standard_binary_info/standard_binary_info.c.o
 .binary_info.keep.__bi_ptr42
                0x10008240        0x4 CMakeFiles/dht11_led.dir/home/mech/.pico-sdk/sdk/2.2.0/src/rp2_common/pico_standard_binary_info/standard_binary_info.c.o
 .binary_info.keep.__bi_ptr34
                0x10008244        0x4 CMakeFiles/dht11_led.dir/home/mech/.pico-sdk/sdk/2.2.0/src/rp2_common/pico_standard_binary_info/standard_binary_info.c.o
 .binary_info.keep.__bi_ptr26
                0x10008248        0x4 CMakeFiles/dht11_led.dir/home/mech/.pico-sdk/sdk/2.2.0/src/rp2_common/pico_standard_binary_info/standard_binary_info.c.o
 *(.binary_info.*)
 .binary_info.__bi_ptr202
                0x1000824c        0x4 CMakeFiles/dht11_led.dir/home/mech/.pico-sdk/sdk/2.2.0/src/rp2_common/pico_stdio_usb/stdio_usb.c.o
                0x10008250                        __binary_info_end = .
                0x10008250                        . = ALIGN (0x4)

.ram_vector_table
                0x20000000       0xc0
 *(.ram_vector_table)
 .ram_vector_table
                0x20000000       0xc0 CMakeFiles/dht11_led.dir/home/mech/.pico-sdk/sdk/2.2.0/src/rp2_common/pico_runtime_init/runtime_init.c.o
                0x20000000                ram_vector_table

.uninitialized_data
                0x200000c0        0x0
                0x200000c0                        . = ALIGN (0x4)
 *(.uninitialized_data*)

.data           0x200000c0      0xff0 load address 0x10008250
                0x200000c0                        __data_start__ = .
 *(vtable)
 *(.time_critical*)
 .time_critical.mutex_try_enter
                0x200000c0       0x40 CMakeFiles/dht11_led.dir/home/mech/.pico-sdk/sdk/2.2.0/src/common/pico_sync/mutex.c.o
                0x200000c0                mutex_try_enter
 .time_critical.mutex_try_enter_block_until
                0x20000100       0x98 CMakeFiles/dht11_led.dir/home/mech/.pico-sdk/sdk/2.2.0/src/common/pico_sync/mutex.c.o
                0x20000100                mutex_try_enter_block_until
 .time_critical.mutex_enter_timeout_ms
                0x20000198       0x8c CMakeFiles/dht11_led.dir/home/mech/.pico-sdk/sdk/2.2.0/src/common/pico_sync/mutex.c.o
                0x20000198                mutex_enter_timeout_ms
 .time_critical.mutex_exit
                0x20000224       0x28 CMakeFiles/dht11_led.dir/home/mech/.pico-sdk/sdk/2.2.0/src/common/pico_sync/mutex.c.o
                0x20000224                mutex_exit
 .time_critical.flash_init_boot2_copyout
                0x2000024c       0x30 CMakeFiles/dht11_led.dir/home/mech/.pico-sdk/sdk/2.2.0/src/rp2_common/hardware_flash/flash.c.o
 .time_critical.flash_enable_xip_via_boot2
                0x2000027c        0xc CMakeFiles/dht11_led.dir/home/mech/.pico-sdk/sdk/2.2.0/src/rp2_common/hardware_flash/flash.c.o
 .time_critical.flash_save_hardware_state
                0x20000288       0x20 CMakeFiles/dht11_led.dir/home/mech/.pico-sdk/sdk/2.2.0/src/rp2_common/hardware_flash/flash.c.o
 .time_critical.flash_restore_hardware_state
                0x200002a8       0x20 CMakeFiles/dht11_led.dir/home/mech/.pico-sdk/sdk/2.2.0/src/rp2_common/hardware_flash/flash.c.o
 .time_critical.flash_cs_force
                0x200002c8       0x38 CMakeFiles/dht11_led.dir/home/mech/.pico-sdk/sdk/2.2.0/src/rp2_common/hardware_flash/flash.c.o
 .time_critical.flash_do_cmd
                0x20000300      0x13c CMakeFiles/dht11_led.dir/home/mech/.pico-sdk/sdk/2.2.0/src/rp2_common/hardware_flash/flash.c.o
                0x20000300                flash_do_cmd
 .time_critical.reset_non_control_endpoints
                0x2000043c       0x68 CMakeFiles/dht11_led.dir/home/mech/.pico-sdk/sdk/2.2.0/lib/tinyusb/src/portable/raspberrypi/rp2040/dcd_rp2040.c.o
 .time_critical.hw_handle_buff_status
                0x200004a4       0xa0 CMakeFiles/dht11_led.dir/home/mech/.pico-sdk/sdk/2.2.0/lib/tinyusb/src/portable/raspberrypi/rp2040/dcd_rp2040.c.o
 .time_critical.dcd_rp2040_irq
                0x20000544      0x548 CMakeFiles/dht11_led.dir/home/mech/.pico-sdk/sdk/2.2.0/lib/tinyusb/src/portable/raspberrypi/rp2040/dcd_rp2040.c.o
 .time_critical.prepare_ep_buffer
                0x20000a8c       0xc8 CMakeFiles/dht11_led.dir/home/mech/.pico-sdk/sdk/2.2.0/lib/tinyusb/src/portable/raspberrypi/rp2040/rp2040_usb.c.o
 .time_critical.sync_ep_buffer
                0x20000b54       0x9c CMakeFiles/dht11_led.dir/home/mech/.pico-sdk/sdk/2.2.0/lib/tinyusb/src/portable/raspberrypi/rp2040/rp2040_usb.c.o
 .time_critical._hw_endpoint_xfer_sync
                0x20000bf0       0x28 CMakeFiles/dht11_led.dir/home/mech/.pico-sdk/sdk/2.2.0/lib/tinyusb/src/portable/raspberrypi/rp2040/rp2040_usb.c.o
 .time_critical.e15_is_bulkin_ep
                0x20000c18       0x28 CMakeFiles/dht11_led.dir/home/mech/.pico-sdk/sdk/2.2.0/lib/tinyusb/src/portable/raspberrypi/rp2040/rp2040_usb.c.o
 .time_critical.e15_is_critical_frame_period
                0x20000c40       0x34 CMakeFiles/dht11_led.dir/home/mech/.pico-sdk/sdk/2.2.0/lib/tinyusb/src/portable/raspberrypi/rp2040/rp2040_usb.c.o
 .time_critical.hw_endpoint_reset_transfer
                0x20000c74        0xc CMakeFiles/dht11_led.dir/home/mech/.pico-sdk/sdk/2.2.0/lib/tinyusb/src/portable/raspberrypi/rp2040/rp2040_usb.c.o
                0x20000c74                hw_endpoint_reset_transfer
 .time_critical._hw_endpoint_buffer_control_update32
                0x20000c80       0x50 CMakeFiles/dht11_led.dir/home/mech/.pico-sdk/sdk/2.2.0/lib/tinyusb/src/portable/raspberrypi/rp2040/rp2040_usb.c.o
                0x20000c80                _hw_endpoint_buffer_control_update32
 .time_critical.hw_endpoint_start_next_buffer
                0x20000cd0       0x68 CMakeFiles/dht11_led.dir/home/mech/.pico-sdk/sdk/2.2.0/lib/tinyusb/src/portable/raspberrypi/rp2040/rp2040_usb.c.o
                0x20000cd0                hw_endpoint_start_next_buffer
 .time_critical.hw_endpoint_xfer_continue
                0x20000d38       0x40 CMakeFiles/dht11_led.dir/home/mech/.pico-sdk/sdk/2.2.0/lib/tinyusb/src/portable/raspberrypi/rp2040/rp2040_usb.c.o
                0x20000d38                hw_endpoint_xfer_continue
 .time_critical.tinyusb
                0x20000d78      0x1e4 CMakeFiles/dht11_led.dir/home/mech/.pico-sdk/sdk/2.2.0/lib/tinyusb/src/device/usbd.c.o
                0x20000d78                dcd_event_handler
 *(.text*)
 .text          0x20000f5c        0x4 /home/mech/.pico-sdk/toolchain/14_2_Rel1/bin/../lib/gcc/arm-none-eabi/14.2.1/thumb/v6-m/nofp/libgcc.a(_dvmd_tls.o)
                0x20000f5c                __aeabi_ldiv0
                0x20000f5c                __aeabi_idiv0
 .text.__stub   0x20000f60       0x80 linker stubs
                0x20000fe0                        . = ALIGN (0x4)
 *(.rodata*)
                0x20000fe0                        . = ALIGN (0x4)
 *(.data*)
 .data.striped_spin_lock_num
                0x20000fe0        0x1 CMakeFiles/dht11_led.dir/home/mech/.pico-sdk/sdk/2.2.0/src/rp2_common/hardware_sync/sync.c.o
 *fill*         0x20000fe1        0x3 
 .data          0x20000fe4       0x48 CMakeFiles/dht11_led.dir/home/mech/.pico-sdk/sdk/2.2.0/src/rp2_common/hardware_irq/irq_handler_chain.S.o
                0x20000fe4                irq_handler_chain_slots
                0x20001014                irq_handler_chain_first_slot
                0x2000101e                irq_handler_chain_remove_tail
 .data.default_alarm_pool
                0x2000102c       0x18 CMakeFiles/dht11_led.dir/home/mech/.pico-sdk/sdk/2.2.0/src/common/pico_time/time.c.o
 *fill*         0x20001044        0xc 
 .data.aeabi_bits_funcs
                0x20001050       0x10 CMakeFiles/dht11_led.dir/home/mech/.pico-sdk/sdk/2.2.0/src/rp2_common/pico_bit_ops/bit_ops_aeabi.S.o
                0x20001050                aeabi_bits_funcs
                0x20001060                aeabi_bits_funcs_end
 .data.aeabi_mem_funcs
                0x20001060       0x10 CMakeFiles/dht11_led.dir/home/mech/.pico-sdk/sdk/2.2.0/src/rp2_common/pico_mem_ops/mem_ops_aeabi.S.o
                0x20001060                aeabi_mem_funcs
                0x20001070                aeabi_mem_funcs_end
 .data.stdio_usb
                0x20001070       0x18 CMakeFiles/dht11_led.dir/home/mech/.pico-sdk/sdk/2.2.0/src/rp2_common/pico_stdio_usb/stdio_usb.c.o
                0x20001070                stdio_usb
 .data._usbd_qdef
                0x20001088       0x1c CMakeFiles/dht11_led.dir/home/mech/.pico-sdk/sdk/2.2.0/lib/tinyusb/src/device/usbd.c.o
                0x20001088                _usbd_qdef
 .data._usbd_rhport
                0x200010a4        0x1 CMakeFiles/dht11_led.dir/home/mech/.pico-sdk/sdk/2.2.0/lib/tinyusb/src/device/usbd.c.o
                0x200010a8                        . = ALIGN (0x4)
 *fill*         0x200010a5        0x3 
 *(.after_data.*)
                0x200010a8                        . = ALIGN (0x4)
                0x200010a8                        PROVIDE (__mutex_array_start = .)
 *(SORT_BY_NAME(.mutex_array.*))
 *(.mutex_array)
 .mutex_array   0x200010a8        0x8 CMakeFiles/dht11_led.dir/home/mech/.pico-sdk/sdk/2.2.0/src/rp2_common/pico_stdio/stdio.c.o
                0x200010b0                        PROVIDE (__mutex_array_end = .)
                0x200010b0                        . = ALIGN (0x4)
 *(.jcr)
                0x200010b0                        . = ALIGN (0x4)

.tm_clone_table
                0x200010b0        0x0 load address 0x10009240
 .tm_clone_table
                0x200010b0        0x0 /home/mech/.pico-sdk/toolchain/14_2_Rel1/bin/../lib/gcc/arm-none-eabi/14.2.1/thumb/v6-m/nofp/crtbegin.o
 .tm_clone_table
                0x200010b0        0x0 /home/mech/.pico-sdk/toolchain/14_2_Rel1/bin/../lib/gcc/arm-none-eabi/14.2.1/thumb/v6-m/nofp/crtend.o

.igot.plt       0x200010b0        0x0 load address 0x10009240
 .igot.plt      0x200010b0        0x0 /home/mech/.pico-sdk/toolchain/14_2_Rel1/bin/../lib/gcc/arm-none-eabi/14.2.1/thumb/v6-m/nofp/crtbegin.o

.tdata          0x200010b0        0x0 load address 0x10009240
                0x200010b0                        . = ALIGN (0x4)
 *(.tdata .tdata.* .gnu.linkonce.td.*)
                0x200010b0                        __tdata_end = .
                0x200010b0                        PROVIDE (__data_end__ = .)
                0x10008250                        __etext = LOADADDR (.data)

.tbss           0x200010b0        0x0 load address 0x10009240
                0x200010b0                        . = ALIGN (0x4)
                0x200010b0                        __bss_start__ = .
                0x200010b0                        __tls_base = .
 *(.tbss .tbss.* .gnu.linkonce.tb.*)
 *(.tcommon)
                0x200010b0                        __tls_end = .

.bss            0x200010b0      0xf38 load address 0x10009240
                0x200010b0                        . = ALIGN (0x4)
                0x200010b0                        __tbss_end = .
 *(SORT_BY_ALIGNMENT(SORT_BY_NAME(.bss*)))
 .bss.default_alarm_pool_entries
                0x200010b0      0x180 CMakeFiles/dht11_led.dir/home/mech/.pico-sdk/sdk/2.2.0/src/common/pico_time/time.c.o
 .bss.last_avail_time.1
                0x20001230        0x8 CMakeFiles/dht11_led.dir/home/mech/.pico-sdk/sdk/2.2.0/src/rp2_common/pico_stdio_usb/stdio_usb.c.o
 .bss.myLCD     0x20001238       0x30 CMakeFiles/dht11_led.dir/dht11_led.c.o
                0x20001238                myLCD
 .bss.sd_table  0x20001268      0x100 CMakeFiles/dht11_led.dir/home/mech/.pico-sdk/sdk/2.2.0/src/rp2_common/pico_double/double_init_rom_rp2040.c.o
                0x20001268                sd_table
 .bss.sf_table  0x20001368      0x100 CMakeFiles/dht11_led.dir/home/mech/.pico-sdk/sdk/2.2.0/src/rp2_common/pico_float/float_init_rom_rp2040.c.o
                0x20001368                sf_table
 .bss._app_driver
                0x20001468        0x4 CMakeFiles/dht11_led.dir/home/mech/.pico-sdk/sdk/2.2.0/lib/tinyusb/src/device/usbd.c.o
 .bss._cdcd_epbuf
                0x2000146c       0x80 CMakeFiles/dht11_led.dir/home/mech/.pico-sdk/sdk/2.2.0/lib/tinyusb/src/class/cdc/cdc_device.c.o
 .bss._cdcd_fifo_cfg
                0x200014ec        0x1 CMakeFiles/dht11_led.dir/home/mech/.pico-sdk/sdk/2.2.0/lib/tinyusb/src/class/cdc/cdc_device.c.o
 *fill*         0x200014ed        0x3 
 .bss._cdcd_itf
                0x200014f0       0xc8 CMakeFiles/dht11_led.dir/home/mech/.pico-sdk/sdk/2.2.0/lib/tinyusb/src/class/cdc/cdc_device.c.o
 .bss._ctrl_epbuf
                0x200015b8       0x40 CMakeFiles/dht11_led.dir/home/mech/.pico-sdk/sdk/2.2.0/lib/tinyusb/src/device/usbd_control.c.o
 .bss._ctrl_xfer
                0x200015f8       0x14 CMakeFiles/dht11_led.dir/home/mech/.pico-sdk/sdk/2.2.0/lib/tinyusb/src/device/usbd_control.c.o
 .bss._tusb_rhport_role
                0x2000160c        0x2 CMakeFiles/dht11_led.dir/home/mech/.pico-sdk/sdk/2.2.0/lib/tinyusb/src/tusb.c.o
                0x2000160c                _tusb_rhport_role
 *fill*         0x2000160e        0x2 
 .bss._ubsd_mutexdef
                0x20001610        0x8 CMakeFiles/dht11_led.dir/home/mech/.pico-sdk/sdk/2.2.0/lib/tinyusb/src/device/usbd.c.o
 .bss._usbd_dev
                0x20001618       0x54 CMakeFiles/dht11_led.dir/home/mech/.pico-sdk/sdk/2.2.0/lib/tinyusb/src/device/usbd.c.o
 .bss._usbd_mutex
                0x2000166c        0x4 CMakeFiles/dht11_led.dir/home/mech/.pico-sdk/sdk/2.2.0/lib/tinyusb/src/device/usbd.c.o
 .bss._usbd_q   0x20001670        0x4 CMakeFiles/dht11_led.dir/home/mech/.pico-sdk/sdk/2.2.0/lib/tinyusb/src/device/usbd.c.o
 .bss._usbd_qdef_buf
                0x20001674       0xc0 CMakeFiles/dht11_led.dir/home/mech/.pico-sdk/sdk/2.2.0/lib/tinyusb/src/device/usbd.c.o
                0x20001674                _usbd_qdef_buf
 .bss._used_instruction_space
                0x20001734        0x8 CMakeFiles/dht11_led.dir/home/mech/.pico-sdk/sdk/2.2.0/src/rp2_common/hardware_pio/pio.c.o
 .bss._vendord_epbuf
                0x2000173c       0x80 CMakeFiles/dht11_led.dir/home/mech/.pico-sdk/sdk/2.2.0/lib/tinyusb/src/class/vendor/vendor_device.c.o
 .bss._vendord_itf
                0x200017bc      0x24c CMakeFiles/dht11_led.dir/home/mech/.pico-sdk/sdk/2.2.0/lib/tinyusb/src/class/vendor/vendor_device.c.o
 .bss.boot2_copyout
                0x20001a08      0x100 CMakeFiles/dht11_led.dir/home/mech/.pico-sdk/sdk/2.2.0/src/rp2_common/hardware_flash/flash.c.o
 .bss.chars_available_callback
                0x20001b08        0x4 CMakeFiles/dht11_led.dir/home/mech/.pico-sdk/sdk/2.2.0/src/rp2_common/pico_stdio_usb/stdio_usb.c.o
 .bss.chars_available_param
                0x20001b0c        0x4 CMakeFiles/dht11_led.dir/home/mech/.pico-sdk/sdk/2.2.0/src/rp2_common/pico_stdio_usb/stdio_usb.c.o
 .bss.claimed   0x20001b10        0x4 CMakeFiles/dht11_led.dir/home/mech/.pico-sdk/sdk/2.2.0/src/rp2_common/hardware_sync/sync.c.o
 .bss.claimed   0x20001b14        0x1 CMakeFiles/dht11_led.dir/home/mech/.pico-sdk/sdk/2.2.0/src/rp2_common/hardware_timer/timer.c.o
 *fill*         0x20001b15        0x3 
 .bss.claimed   0x20001b18        0x1 CMakeFiles/dht11_led.dir/home/mech/.pico-sdk/sdk/2.2.0/src/rp2_common/hardware_pio/pio.c.o
 *fill*         0x20001b19        0x3 
 .bss.configured_freq
                0x20001b1c       0x28 CMakeFiles/dht11_led.dir/home/mech/.pico-sdk/sdk/2.2.0/src/rp2_common/hardware_clocks/clocks.c.o
 .bss.desc_str.0
                0x20001b44       0x28 CMakeFiles/dht11_led.dir/home/mech/.pico-sdk/sdk/2.2.0/src/rp2_common/pico_stdio_usb/stdio_usb_descriptors.c.o
 .bss.drivers   0x20001b6c        0x4 CMakeFiles/dht11_led.dir/home/mech/.pico-sdk/sdk/2.2.0/src/rp2_common/pico_stdio/stdio.c.o
 .bss.e15_last_sof
                0x20001b70        0x4 CMakeFiles/dht11_led.dir/home/mech/.pico-sdk/sdk/2.2.0/lib/tinyusb/src/portable/raspberrypi/rp2040/rp2040_usb.c.o
                0x20001b70                e15_last_sof
 .bss.filter    0x20001b74        0x4 CMakeFiles/dht11_led.dir/home/mech/.pico-sdk/sdk/2.2.0/src/rp2_common/pico_stdio/stdio.c.o
 .bss.hw_endpoints
                0x20001b78      0x400 CMakeFiles/dht11_led.dir/home/mech/.pico-sdk/sdk/2.2.0/lib/tinyusb/src/portable/raspberrypi/rp2040/dcd_rp2040.c.o
 .bss.lazy_vsnprintf
                0x20001f78        0x4 CMakeFiles/dht11_led.dir/home/mech/.pico-sdk/sdk/2.2.0/src/rp2_common/pico_printf/printf.c.o
 .bss.load_value
                0x20001f7c        0x4 CMakeFiles/dht11_led.dir/home/mech/.pico-sdk/sdk/2.2.0/src/rp2_common/hardware_watchdog/watchdog.c.o
 .bss.next_buffer_ptr
                0x20001f80        0x4 CMakeFiles/dht11_led.dir/home/mech/.pico-sdk/sdk/2.2.0/lib/tinyusb/src/portable/raspberrypi/rp2040/dcd_rp2040.c.o
 .bss.object.0  0x20001f84       0x18 /home/mech/.pico-sdk/toolchain/14_2_Rel1/bin/../lib/gcc/arm-none-eabi/14.2.1/thumb/v6-m/nofp/crtbegin.o
 .bss.one_shot_timer_crit_sec
                0x20001f9c        0x8 CMakeFiles/dht11_led.dir/home/mech/.pico-sdk/sdk/2.2.0/src/rp2_common/pico_stdio_usb/stdio_usb.c.o
 .bss.pools     0x20001fa4       0x10 CMakeFiles/dht11_led.dir/home/mech/.pico-sdk/sdk/2.2.0/src/common/pico_time/time.c.o
 .bss.retrieved_id
                0x20001fb4        0x8 CMakeFiles/dht11_led.dir/home/mech/.pico-sdk/sdk/2.2.0/src/rp2_common/pico_unique_id/unique_id.c.o
 .bss.sf_clz_func
                0x20001fbc        0x4 CMakeFiles/dht11_led.dir/home/mech/.pico-sdk/sdk/2.2.0/src/rp2_common/pico_double/double_init_rom_rp2040.c.o
                0x20001fbc                sf_clz_func
 .bss.sleep_notifier
                0x20001fc0        0x4 CMakeFiles/dht11_led.dir/home/mech/.pico-sdk/sdk/2.2.0/src/common/pico_time/time.c.o
 .bss.stdio_usb_mutex
                0x20001fc4        0x8 CMakeFiles/dht11_led.dir/home/mech/.pico-sdk/sdk/2.2.0/src/rp2_common/pico_stdio_usb/stdio_usb.c.o
 .bss.usbd_serial_str
                0x20001fcc       0x11 CMakeFiles/dht11_led.dir/home/mech/.pico-sdk/sdk/2.2.0/src/rp2_common/pico_stdio_usb/stdio_usb_descriptors.c.o
 .bss._app_driver_count
                0x20001fdd        0x1 CMakeFiles/dht11_led.dir/home/mech/.pico-sdk/sdk/2.2.0/lib/tinyusb/src/device/usbd.c.o
 .bss._sof_enable
                0x20001fde        0x1 CMakeFiles/dht11_led.dir/home/mech/.pico-sdk/sdk/2.2.0/lib/tinyusb/src/portable/raspberrypi/rp2040/dcd_rp2040.c.o
 .bss._usbd_queued_setup
                0x20001fdf        0x1 CMakeFiles/dht11_led.dir/home/mech/.pico-sdk/sdk/2.2.0/lib/tinyusb/src/device/usbd.c.o
 .bss.boot2_copyout_valid
                0x20001fe0        0x1 CMakeFiles/dht11_led.dir/home/mech/.pico-sdk/sdk/2.2.0/src/rp2_common/hardware_flash/flash.c.o
 .bss.irq_handler_chain_free_slot_head
                0x20001fe1        0x1 CMakeFiles/dht11_led.dir/home/mech/.pico-sdk/sdk/2.2.0/src/rp2_common/hardware_irq/irq.c.o
 .bss.itf_num   0x20001fe2        0x1 CMakeFiles/dht11_led.dir/home/mech/.pico-sdk/sdk/2.2.0/src/rp2_common/pico_stdio_usb/reset_interface.c.o
 .bss.low_priority_irq_num
                0x20001fe3        0x1 CMakeFiles/dht11_led.dir/home/mech/.pico-sdk/sdk/2.2.0/src/rp2_common/pico_stdio_usb/stdio_usb.c.o
 .bss.one_shot_timer_pending
                0x20001fe4        0x1 CMakeFiles/dht11_led.dir/home/mech/.pico-sdk/sdk/2.2.0/src/rp2_common/pico_stdio_usb/stdio_usb.c.o
 .bss.user_irq_claimed
                0x20001fe5        0x1 CMakeFiles/dht11_led.dir/home/mech/.pico-sdk/sdk/2.2.0/src/rp2_common/hardware_irq/irq.c.o
 *(COMMON)
                0x20001fe8                        . = ALIGN (0x4)
 *fill*         0x20001fe6        0x2 
                0x20001fe8                        __bss_end__ = .

.heap           0x20001fe8      0x800 load address 0x10009240
                0x20001fe8                        __end__ = .
                0x20001fe8                        end = __end__
 *(.heap*)
 .heap          0x20001fe8      0x800 CMakeFiles/dht11_led.dir/home/mech/.pico-sdk/sdk/2.2.0/src/rp2_common/pico_crt0/crt0.S.o
                0x20040000                        __HeapLimit = (ORIGIN (RAM) + LENGTH (RAM))

.scratch_x      0x20040000        0x0 load address 0x10009240
                0x20040000                        __scratch_x_start__ = .
 *(.scratch_x.*)
                0x20040000                        . = ALIGN (0x4)
                0x20040000                        __scratch_x_end__ = .
                0x10009240                        __scratch_x_source__ = LOADADDR (.scratch_x)

.scratch_y      0x20041000        0x0 load address 0x10009240
                0x20041000                        __scratch_y_start__ = .
 *(.scratch_y.*)
                0x20041000                        . = ALIGN (0x4)
                0x20041000                        __scratch_y_end__ = .
                0x10009240                        __scratch_y_source__ = LOADADDR (.scratch_y)

.stack1_dummy
 *(.stack1*)

.stack_dummy    0x20041000      0x800
 *(.stack*)
 .stack         0x20041000      0x800 CMakeFiles/dht11_led.dir/home/mech/.pico-sdk/sdk/2.2.0/src/rp2_common/pico_crt0/crt0.S.o

.rel.dyn        0x20041800        0x0
 .rel.iplt      0x20041800        0x0 /home/mech/.pico-sdk/toolchain/14_2_Rel1/bin/../lib/gcc/arm-none-eabi/14.2.1/thumb/v6-m/nofp/crtbegin.o

.flash_end      0x10009240        0x0
 *(.embedded_end_block*)
                0x10009240                        PROVIDE (__flash_binary_end = .)
                0x20040000                        __StackLimit = (ORIGIN (RAM) + LENGTH (RAM))
                0x20041000                        __StackOneTop = (ORIGIN (SCRATCH_X) + LENGTH (SCRATCH_X))
                0x20042000                        __StackTop = (ORIGIN (SCRATCH_Y) + LENGTH (SCRATCH_Y))
                0x20041000                        __StackOneBottom = (__StackOneTop - SIZEOF (.stack1_dummy))
                0x20041800                        __StackBottom = (__StackTop - SIZEOF (.stack_dummy))
                0x20042000                        PROVIDE (__stack = __StackTop)
                [!provide]                        PROVIDE (__heap_start = __end__)
                [!provide]                        PROVIDE (__heap_end = __HeapLimit)
                [!provide]                        PROVIDE (__tls_align = MAX (ALIGNOF (.tdata), ALIGNOF (.tbss)))
                [!provide]                        PROVIDE (__tls_size_align = (((__tls_size + __tls_align) - 0x1) & ~ ((__tls_align - 0x1))))
                [!provide]                        PROVIDE (__arm32_tls_tcb_offset = MAX (0x8, __tls_align))
                [!provide]                        PROVIDE (_end = __end__)
                [!provide]                        PROVIDE (__llvm_libc_heap_limit = __HeapLimit)
                0x00000001                        ASSERT ((__StackLimit >= __HeapLimit), region RAM overflowed)
                0x00000001                        ASSERT (((__binary_info_header_end - __logical_binary_start) <= 0x100), Binary info must be in first 256 bytes of the binary)
LOAD CMakeFiles/dht11_led.dir/dht11_led.c.o
LOAD CMakeFiles/dht11_led.dir/home/mech/.pico-sdk/sdk/2.2.0/src/rp2_common/pico_stdlib/stdlib.c.o
LOAD CMakeFiles/dht11_led.dir/home/mech/.pico-sdk/sdk/2.2.0/src/rp2_common/hardware_gpio/gpio.c.o
LOAD CMakeFiles/dht11_led.dir/home/mech/.pico-sdk/sdk/2.2.0/src/rp2040/pico_platform/platform.c.o
LOAD CMakeFiles/dht11_led.dir/home/mech/.pico-sdk/sdk/2.2.0/src/rp2_common/pico_platform_common/common.c.o