Archive member included to satisfy reference by file (symbol)

/home/mech/.pico-sdk/toolchain/14_2_Rel1/bin/../lib/gcc/arm-none-eabi/14.2.1/../../../../arm-none-eabi/lib/thumb/v8-m.main+fp/softfp/libm.a(libm_a-wf_sqrt.o)
                              CMakeFiles/pico_temp_dh11.dir/home/mech/.pico-sdk/sdk/2.2.0/src/rp2_common/pico_float/float_math.c.o (sqrtf)
/home/mech/.pico-sdk/toolchain/14_2_Rel1/bin/../lib/gcc/arm-none-eabi/14.2.1/../../../../arm-none-eabi/lib/thumb/v8-m.main+fp/softfp/libm.a(libm_a-ef_sqrt.o)
                              /home/mech/.pico-sdk/toolchain/14_2_Rel1/bin/../lib/gcc/arm-none-eabi/14.2.1/../../../../arm-none-eabi/lib/thumb/v8-m.main+fp/softfp/libm.a(libm_a-wf_sqrt.o) (__ieee754_sqrtf)
/home/mech/.pico-sdk/toolchain/14_2_Rel1/bin/../lib/gcc/arm-none-eabi/14.2.1/thumb/v8-m.main+fp/softfp/libgcc.a(_arm_addsubdf3.o)
                              CMakeFiles/pico_temp_dh11.dir/pico_temp_dh11.c.o (__aeabi_f2d)
/home/mech/.pico-sdk/toolchain/14_2_Rel1/bin/../lib/gcc/arm-none-eabi/14.2.1/thumb/v8-m.main+fp/softfp/libgcc.a(_aeabi_ldivmod.o)
                              CMakeFiles/pico_temp_dh11.dir/home/mech/.pico-sdk/sdk/2.2.0/src/common/pico_time/time.c.o (__aeabi_ldivmod)
/home/mech/.pico-sdk/toolchain/14_2_Rel1/bin/../lib/gcc/arm-none-eabi/14.2.1/thumb/v8-m.main+fp/softfp/libgcc.a(_aeabi_uldivmod.o)
                              CMakeFiles/pico_temp_dh11.dir/home/mech/.pico-sdk/sdk/2.2.0/src/rp2_common/hardware_clocks/clocks.c.o (__aeabi_uldivmod)
/home/mech/.pico-sdk/toolchain/14_2_Rel1/bin/../lib/gcc/arm-none-eabi/14.2.1/thumb/v8-m.main+fp/softfp/libgcc.a(_udivmoddi4.o)
                              /home/mech/.pico-sdk/toolchain/14_2_Rel1/bin/../lib/gcc/arm-none-eabi/14.2.1/thumb/v8-m.main+fp/softfp/libgcc.a(_aeabi_ldivmod.o) (__udivmoddi4)
/home/mech/.pico-sdk/toolchain/14_2_Rel1/bin/../lib/gcc/arm-none-eabi/14.2.1/thumb/v8-m.main+fp/softfp/libgcc.a(_dvmd_tls.o)
                              /home/mech/.pico-sdk/toolchain/14_2_Rel1/bin/../lib/gcc/arm-none-eabi/14.2.1/thumb/v8-m.main+fp/softfp/libgcc.a(_aeabi_ldivmod.o) (__aeabi_ldiv0)
/home/mech/.pico-sdk/toolchain/14_2_Rel1/bin/../lib/gcc/arm-none-eabi/14.2.1/../../../../arm-none-eabi/lib/thumb/v8-m.main+fp/softfp/libg.a(libc_a-calloc.o)
                              CMakeFiles/pico_temp_dh11.dir/home/mech/.pico-sdk/sdk/2.2.0/src/rp2_common/pico_malloc/malloc.c.o (calloc)
/home/mech/.pico-sdk/toolchain/14_2_Rel1/bin/../lib/gcc/arm-none-eabi/14.2.1/../../../../arm-none-eabi/lib/thumb/v8-m.main+fp/softfp/libg.a(libc_a-callocr.o)
                              /home/mech/.pico-sdk/toolchain/14_2_Rel1/bin/../lib/gcc/arm-none-eabi/14.2.1/../../../../arm-none-eabi/lib/thumb/v8-m.main+fp/softfp/libg.a(libc_a-calloc.o) (_calloc_r)
/home/mech/.pico-sdk/toolchain/14_2_Rel1/bin/../lib/gcc/arm-none-eabi/14.2.1/../../../../arm-none-eabi/lib/thumb/v8-m.main+fp/softfp/libg.a(libc_a-malloc.o)
                              CMakeFiles/pico_temp_dh11.dir/home/mech/.pico-sdk/sdk/2.2.0/src/rp2_common/pico_malloc/malloc.c.o (malloc)
/home/mech/.pico-sdk/toolchain/14_2_Rel1/bin/../lib/gcc/arm-none-eabi/14.2.1/../../../../arm-none-eabi/lib/thumb/v8-m.main+fp/softfp/libg.a(libc_a-mallocr.o)
                              /home/mech/.pico-sdk/toolchain/14_2_Rel1/bin/../lib/gcc/arm-none-eabi/14.2.1/../../../../arm-none-eabi/lib/thumb/v8-m.main+fp/softfp/libg.a(libc_a-callocr.o) (_malloc_r)
/home/mech/.pico-sdk/toolchain/14_2_Rel1/bin/../lib/gcc/arm-none-eabi/14.2.1/../../../../arm-none-eabi/lib/thumb/v8-m.main+fp/softfp/libg.a(libc_a-mlock.o)
                              /home/mech/.pico-sdk/toolchain/14_2_Rel1/bin/../lib/gcc/arm-none-eabi/14.2.1/../../../../arm-none-eabi/lib/thumb/v8-m.main+fp/softfp/libg.a(libc_a-mallocr.o) (__malloc_lock)
/home/mech/.pico-sdk/toolchain/14_2_Rel1/bin/../lib/gcc/arm-none-eabi/14.2.1/../../../../arm-none-eabi/lib/thumb/v8-m.main+fp/softfp/libg.a(libc_a-realloc.o)
                              CMakeFiles/pico_temp_dh11.dir/home/mech/.pico-sdk/sdk/2.2.0/src/rp2_common/pico_malloc/malloc.c.o (realloc)
/home/mech/.pico-sdk/toolchain/14_2_Rel1/bin/../lib/gcc/arm-none-eabi/14.2.1/../../../../arm-none-eabi/lib/thumb/v8-m.main+fp/softfp/libg.a(libc_a-reallocr.o)
                              /home/mech/.pico-sdk/toolchain/14_2_Rel1/bin/../lib/gcc/arm-none-eabi/14.2.1/../../../../arm-none-eabi/lib/thumb/v8-m.main+fp/softfp/libg.a(libc_a-realloc.o) (_realloc_r)
/home/mech/.pico-sdk/toolchain/14_2_Rel1/bin/../lib/gcc/arm-none-eabi/14.2.1/../../../../arm-none-eabi/lib/thumb/v8-m.main+fp/softfp/libg.a(libc_a-memcmp.o)
                              CMakeFiles/pico_temp_dh11.dir/home/mech/.pico-sdk/sdk/2.2.0/src/rp2_common/pico_atomic/atomic.c.o (memcmp)
/home/mech/.pico-sdk/toolchain/14_2_Rel1/bin/../lib/gcc/arm-none-eabi/14.2.1/../../../../arm-none-eabi/lib/thumb/v8-m.main+fp/softfp/libg.a(libc_a-memmove.o)
[...]
Memory Configuration

Name             Origin             Length             Attributes
FLASH            0x10000000         0x00400000         xr
RAM              0x20000000         0x00080000         xrw
SCRATCH_X        0x20080000         0x00001000         xrw
SCRATCH_Y        0x20081000         0x00001000         xrw
*default*        0x00000000         0xffffffff

Linker script and memory map

LOAD /home/mech/.pico-sdk/toolchain/14_2_Rel1/bin/../lib/gcc/arm-none-eabi/14.2.1/thumb/v8-m.main+fp/softfp/crti.o
LOAD /home/mech/.pico-sdk/toolchain/14_2_Rel1/bin/../lib/gcc/arm-none-eabi/14.2.1/thumb/v8-m.main+fp/softfp/crtbegin.o
LOAD /home/mech/.pico-sdk/toolchain/14_2_Rel1/bin/../lib/gcc/arm-none-eabi/14.2.1/../../../../arm-none-eabi/lib/thumb/v8-m.main+fp/softfp/crt0.o

.flash_begin    0x10000000        0x0
                0x10000000                        __flash_binary_start = .

.text           0x10000000     0x6020
                0x10000000                        __logical_binary_start = .
 *(.vectors)
 .vectors       0x10000000      0x124 CMakeFiles/pico_temp_dh11.dir/home/mech/.pico-sdk/sdk/2.2.0/src/rp2_common/pico_crt0/crt0.S.o
                0x10000000                __vectors
                0x10000000                __VECTOR_TABLE
                0x10000110                isr_securefault
                0x10000110                isr_irq30
                0x10000110                __unhandled_user_irq
                0x10000110                isr_irq49
                0x10000110                isr_irq13
                0x10000110                isr_irq43
                0x10000110                isr_irq45
                0x10000110                isr_irq27
                0x10000110                isr_irq32
                0x10000110                isr_irq31
                0x10000110                isr_irq5
                0x10000110                isr_irq11
                0x10000110                isr_irq23
                0x10000110                isr_usagefault
                0x10000110                isr_irq48
                0x10000110                isr_irq35
                0x10000110                isr_irq18
                0x10000110                isr_irq50
                0x10000110                isr_irq40
                0x10000110                isr_irq28
                0x10000110                isr_irq19
                0x10000110                isr_irq36
                0x10000110                isr_irq41
                0x10000110                isr_irq0
                0x10000110                isr_irq6
                0x10000110                isr_memmanage
                0x10000110                isr_irq37
                0x10000110                isr_irq42
                0x10000110                isr_irq22
                0x10000110                isr_irq17
                0x10000110                isr_irq38
                0x10000110                isr_irq14
                0x10000110                __vectors_end
                0x10000110                __default_isrs_start
                0x10000110                isr_irq2
                0x10000110                isr_irq10
                0x10000110                isr_irq8
                0x10000110                isr_debugmonitor
                0x10000110                isr_irq24
                0x10000110                isr_irq46
                0x10000110                isr_irq1
                0x10000110                isr_irq47
                0x10000110                isr_irq51
                0x10000110                isr_irq7
                0x10000110                isr_irq21
                0x10000110                isr_irq39
                0x10000110                isr_irq20
                0x10000110                isr_irq15
                0x10000110                isr_irq25
                0x10000110                isr_irq34
                0x10000110                isr_irq4
                0x10000110                isr_busfault
                0x10000110                isr_irq16
                0x10000110                isr_irq44
                0x10000110                isr_irq29
                0x10000110                isr_irq26
                0x10000110                isr_irq33
                0x10000110                isr_irq3
                0x10000110                isr_irq12
                0x10000110                isr_irq9
                0x10000116                unhandled_user_irq_num_in_r0
                0x10000118                isr_invalid
                0x1000011a                isr_nmi
                0x1000011c                isr_hardfault
                0x1000011e                isr_svcall
                0x10000120                isr_pendsv
                0x10000122                isr_systick
                0x10000124                __default_isrs_end
 *(.binary_info_header)
 .binary_info_header
                0x10000124       0x14 CMakeFiles/pico_temp_dh11.dir/home/mech/.pico-sdk/sdk/2.2.0/src/rp2_common/pico_crt0/crt0.S.o
                0x10000138                        __binary_info_header_end = .
 *(.embedded_block)
 .embedded_block
                0x10000138       0x14 CMakeFiles/pico_temp_dh11.dir/home/mech/.pico-sdk/sdk/2.2.0/src/rp2_common/pico_crt0/crt0.S.o
                0x1000014c                        __embedded_block_end = .
 *(.reset)
 .reset         0x1000014c       0x98 CMakeFiles/pico_temp_dh11.dir/home/mech/.pico-sdk/sdk/2.2.0/src/rp2_common/pico_crt0/crt0.S.o
                0x1000014c                _entry_point
 *(.init)
 .init          0x100001e4        0x4 /home/mech/.pico-sdk/toolchain/14_2_Rel1/bin/../lib/gcc/arm-none-eabi/14.2.1/thumb/v8-m.main+fp/softfp/crti.o
                0x100001e4                _init
 *libgcc.a:cmse_nonsecure_call.o()
 *(EXCLUDE_FILE(*libm.a: *libc.a:*lib_a-mem*.o *libgcc.a:) .text*)
 .text.register_tm_clones
                0x100001e8       0x28 /home/mech/.pico-sdk/toolchain/14_2_Rel1/bin/../lib/gcc/arm-none-eabi/14.2.1/thumb/v8-m.main+fp/softfp/crtbegin.o
 .text.frame_dummy
                0x10000210       0x24 /home/mech/.pico-sdk/toolchain/14_2_Rel1/bin/../lib/gcc/arm-none-eabi/14.2.1/thumb/v8-m.main+fp/softfp/crtbegin.o
 .text.web_read_from_dht
                0x10000234      0x18c CMakeFiles/pico_temp_dh11.dir/pico_temp_dh11.c.o
                0x10000234                web_read_from_dht
 .text.startup.main
                0x100003c0       0x88 CMakeFiles/pico_temp_dh11.dir/pico_temp_dh11.c.o
                0x100003c0                main
 .text.gpio_init
                0x10000448       0x48 CMakeFiles/pico_temp_dh11.dir/home/mech/.pico-sdk/sdk/2.2.0/src/rp2_common/hardware_gpio/gpio.c.o
                0x10000448                gpio_init
 .text.panic    0x10000490       0x30 CMakeFiles/pico_temp_dh11.dir/home/mech/.pico-sdk/sdk/2.2.0/src/rp2_common/pico_platform_panic/panic.c.o
                0x10000490                panic
 .text.hw_claim_or_assert
                0x100004c0       0x58 CMakeFiles/pico_temp_dh11.dir/home/mech/.pico-sdk/sdk/2.2.0/src/common/hardware_claim/claim.c.o
                0x100004c0                hw_claim_or_assert
 .text.hw_claim_unused_from_range
                0x10000518       0x80 CMakeFiles/pico_temp_dh11.dir/home/mech/.pico-sdk/sdk/2.2.0/src/common/hardware_claim/claim.c.o
                0x10000518                hw_claim_unused_from_range
 .text.next_striped_spin_lock_num
                0x10000598       0x18 CMakeFiles/pico_temp_dh11.dir/home/mech/.pico-sdk/sdk/2.2.0/src/rp2_common/hardware_sync/sync.c.o
                0x10000598                next_striped_spin_lock_num
 .text.spin_lock_claim_unused
                0x100005b0       0x20 CMakeFiles/pico_temp_dh11.dir/home/mech/.pico-sdk/sdk/2.2.0/src/rp2_common/hardware_sync/sync.c.o
                0x100005b0                spin_lock_claim_unused
 .text.spinlock_set_extexclall
                0x100005d0       0x10 CMakeFiles/pico_temp_dh11.dir/home/mech/.pico-sdk/sdk/2.2.0/src/rp2_common/hardware_sync_spin_lock/sync_spin_lock.c.o
 .text.spin_locks_reset
                0x100005e0       0x18 CMakeFiles/pico_temp_dh11.dir/home/mech/.pico-sdk/sdk/2.2.0/src/rp2_common/hardware_sync_spin_lock/sync_spin_lock.c.o
                0x100005e0                spin_locks_reset
 .text.runtime_init_per_core_irq_priorities
                0x100005f8       0x40 CMakeFiles/pico_temp_dh11.dir/home/mech/.pico-sdk/sdk/2.2.0/src/rp2_common/hardware_irq/irq.c.o
                0x100005f8                runtime_init_per_core_irq_priorities
 .text.irq_set_enabled
                0x10000638       0x2c CMakeFiles/pico_temp_dh11.dir/home/mech/.pico-sdk/sdk/2.2.0/src/rp2_common/hardware_irq/irq.c.o
                0x10000638                irq_set_enabled
 .text.irq_is_enabled
                0x10000664       0x20 CMakeFiles/pico_temp_dh11.dir/home/mech/.pico-sdk/sdk/2.2.0/src/rp2_common/hardware_irq/irq.c.o
                0x10000664                irq_is_enabled
 .text.irq_set_pending
                0x10000684       0x18 CMakeFiles/pico_temp_dh11.dir/home/mech/.pico-sdk/sdk/2.2.0/src/rp2_common/hardware_irq/irq.c.o
                0x10000684                irq_set_pending
 .text.irq_has_shared_handler
                0x1000069c       0x20 CMakeFiles/pico_temp_dh11.dir/home/mech/.pico-sdk/sdk/2.2.0/src/rp2_common/hardware_irq/irq.c.o
                0x1000069c                irq_has_shared_handler
 .text.irq_set_exclusive_handler
                0x100006bc       0x60 CMakeFiles/pico_temp_dh11.dir/home/mech/.pico-sdk/sdk/2.2.0/src/rp2_common/hardware_irq/irq.c.o
                0x100006bc                irq_set_exclusive_handler
 .text.irq_add_shared_handler
                0x1000071c      0x1e8 CMakeFiles/pico_temp_dh11.dir/home/mech/.pico-sdk/sdk/2.2.0/src/rp2_common/hardware_irq/irq.c.o
                0x1000071c                irq_add_shared_handler
 .text.irq_add_tail_to_free_list
                0x10000904       0xbc CMakeFiles/pico_temp_dh11.dir/home/mech/.pico-sdk/sdk/2.2.0/src/rp2_common/hardware_irq/irq.c.o
                0x10000904                irq_add_tail_to_free_list
 .text.user_irq_claim_unused
                0x100009c0       0x28 CMakeFiles/pico_temp_dh11.dir/home/mech/.pico-sdk/sdk/2.2.0/src/rp2_common/hardware_irq/irq.c.o
                0x100009c0                user_irq_claim_unused
 .text.lock_init
                0x100009e8        0xc CMakeFiles/pico_temp_dh11.dir/home/mech/.pico-sdk/sdk/2.2.0/src/common/pico_sync/lock_core.c.o
                0x100009e8                lock_init
 .text.runtime_init_mutex
                0x100009f4       0x4c CMakeFiles/pico_temp_dh11.dir/home/mech/.pico-sdk/sdk/2.2.0/src/common/pico_sync/mutex.c.o
                0x100009f4                runtime_init_mutex
 .text.mutex_init
                0x10000a40       0x1c CMakeFiles/pico_temp_dh11.dir/home/mech/.pico-sdk/sdk/2.2.0/src/common/pico_sync/mutex.c.o
                0x10000a40                mutex_init
 .text.critical_section_init
                0x10000a5c       0x1c CMakeFiles/pico_temp_dh11.dir/home/mech/.pico-sdk/sdk/2.2.0/src/common/pico_sync/critical_section.c.o
                0x10000a5c                critical_section_init
 .text.critical_section_init_with_lock_num
                0x10000a78       0x10 CMakeFiles/pico_temp_dh11.dir/home/mech/.pico-sdk/sdk/2.2.0/src/common/pico_sync/critical_section.c.o
                0x10000a78                critical_section_init_with_lock_num
 .text.sleep_until_callback
                0x10000a88       0x3c CMakeFiles/pico_temp_dh11.dir/home/mech/.pico-sdk/sdk/2.2.0/src/common/pico_time/time.c.o
 *fill*         0x10000ac4        0x4 
 .text.alarm_pool_irq_handler
                0x10000ac8      0x2f0 CMakeFiles/pico_temp_dh11.dir/home/mech/.pico-sdk/sdk/2.2.0/src/common/pico_time/time.c.o
 .text.runtime_init_default_alarm_pool
                0x10000db8      0x100 CMakeFiles/pico_temp_dh11.dir/home/mech/.pico-sdk/sdk/2.2.0/src/common/pico_time/time.c.o
                0x10000db8                runtime_init_default_alarm_pool
 .text.alarm_pool_get_default
                0x10000eb8        0x8 CMakeFiles/pico_temp_dh11.dir/home/mech/.pico-sdk/sdk/2.2.0/src/common/pico_time/time.c.o
                0x10000eb8                alarm_pool_get_default
 .text.alarm_pool_add_alarm_at
                0x10000ec0       0xdc CMakeFiles/pico_temp_dh11.dir/home/mech/.pico-sdk/sdk/2.2.0/src/common/pico_time/time.c.o
                0x10000ec0                alarm_pool_add_alarm_at
 .text.alarm_pool_add_alarm_at_force_in_context
                0x10000f9c       0xc8 CMakeFiles/pico_temp_dh11.dir/home/mech/.pico-sdk/sdk/2.2.0/src/common/pico_time/time.c.o
                0x10000f9c                alarm_pool_add_alarm_at_force_in_context
 .text.alarm_pool_cancel_alarm
                0x10001064       0x80 CMakeFiles/pico_temp_dh11.dir/home/mech/.pico-sdk/sdk/2.2.0/src/common/pico_time/time.c.o
                0x10001064                alarm_pool_cancel_alarm
 .text.alarm_pool_core_num
                0x100010e4        0x4 CMakeFiles/pico_temp_dh11.dir/home/mech/.pico-sdk/sdk/2.2.0/src/common/pico_time/time.c.o
                0x100010e4                alarm_pool_core_num
 .text.sleep_us
                0x100010e8       0xd8 CMakeFiles/pico_temp_dh11.dir/home/mech/.pico-sdk/sdk/2.2.0/src/common/pico_time/time.c.o
                0x100010e8                sleep_us
 .text.sleep_ms
                0x100011c0       0xdc CMakeFiles/pico_temp_dh11.dir/home/mech/.pico-sdk/sdk/2.2.0/src/common/pico_time/time.c.o
                0x100011c0                sleep_ms
 .text.best_effort_wfe_or_timeout
                0x1000129c       0xd4 CMakeFiles/pico_temp_dh11.dir/home/mech/.pico-sdk/sdk/2.2.0/src/common/pico_time/time.c.o
                0x1000129c                best_effort_wfe_or_timeout
 .text.timer_hardware_alarm_claim
                0x10001370       0x24 CMakeFiles/pico_temp_dh11.dir/home/mech/.pico-sdk/sdk/2.2.0/src/rp2_common/hardware_timer/timer.c.o
                0x10001370                timer_hardware_alarm_claim
 .text.timer_time_us_64
                0x10001394       0x10 CMakeFiles/pico_temp_dh11.dir/home/mech/.pico-sdk/sdk/2.2.0/src/rp2_common/hardware_timer/timer.c.o
                0x10001394                timer_time_us_64
 .text.time_us_64
                0x100013a4       0x14 CMakeFiles/pico_temp_dh11.dir/home/mech/.pico-sdk/sdk/2.2.0/src/rp2_common/hardware_timer/timer.c.o
                0x100013a4                time_us_64
 .text.busy_wait_until
                0x100013b8       0x24 CMakeFiles/pico_temp_dh11.dir/home/mech/.pico-sdk/sdk/2.2.0/src/rp2_common/hardware_timer/timer.c.o
                0x100013b8                busy_wait_until
 .text.clock_configure_undivided
                0x100013dc       0xd0 CMakeFiles/pico_temp_dh11.dir/home/mech/.pico-sdk/sdk/2.2.0/src/rp2_common/hardware_clocks/clocks.c.o
                0x100013dc                clock_configure_undivided
 .text.clock_get_hz
                0x100014ac        0xc CMakeFiles/pico_temp_dh11.dir/home/mech/.pico-sdk/sdk/2.2.0/src/rp2_common/hardware_clocks/clocks.c.o
                0x100014ac                clock_get_hz
 .text.pll_init
                0x100014b8       0x8c CMakeFiles/pico_temp_dh11.dir/home/mech/.pico-sdk/sdk/2.2.0/src/rp2_common/hardware_pll/pll.c.o
                0x100014b8                pll_init
 .text.watchdog_reboot
                0x10001544       0x98 CMakeFiles/pico_temp_dh11.dir/home/mech/.pico-sdk/sdk/2.2.0/src/rp2_common/hardware_watchdog/watchdog.c.o
                0x10001544                watchdog_reboot
 .text.tick_start
                0x100015dc       0x18 CMakeFiles/pico_temp_dh11.dir/home/mech/.pico-sdk/sdk/2.2.0/src/rp2_common/hardware_ticks/ticks.c.o
                0x100015dc                tick_start
 .text.rom_reboot.constprop.0.isra.0
                0x100015f4       0x34 CMakeFiles/pico_temp_dh11.dir/home/mech/.pico-sdk/sdk/2.2.0/src/rp2_common/pico_bootrom/bootrom.c.o
 .text.rom_func_lookup
                0x10001628       0x18 CMakeFiles/pico_temp_dh11.dir/home/mech/.pico-sdk/sdk/2.2.0/src/rp2_common/pico_bootrom/bootrom.c.o
                0x10001628                rom_func_lookup
 .text.rom_reset_usb_boot_extra
                0x10001640       0x1c CMakeFiles/pico_temp_dh11.dir/home/mech/.pico-sdk/sdk/2.2.0/src/rp2_common/pico_bootrom/bootrom.c.o
                0x10001640                rom_reset_usb_boot_extra
 .text.runtime_init_bootrom_locking_enable
                0x1000165c       0x14 CMakeFiles/pico_temp_dh11.dir/home/mech/.pico-sdk/sdk/2.2.0/src/rp2_common/pico_bootrom/bootrom_lock.c.o
                0x1000165c                runtime_init_bootrom_locking_enable
 .text.runtime_init_boot_locks_reset
                0x10001670       0x1c CMakeFiles/pico_temp_dh11.dir/home/mech/.pico-sdk/sdk/2.2.0/src/rp2_common/hardware_boot_lock/boot_lock.c.o
                0x10001670                runtime_init_boot_locks_reset
 .text.xosc_init
                0x1000168c       0x30 CMakeFiles/pico_temp_dh11.dir/home/mech/.pico-sdk/sdk/2.2.0/src/rp2_common/hardware_xosc/xosc.c.o
                0x1000168c                xosc_init
 .text.first_per_core_initializer
                0x100016bc        0x4 CMakeFiles/pico_temp_dh11.dir/home/mech/.pico-sdk/sdk/2.2.0/src/rp2_common/pico_runtime/runtime.c.o
 .text.hard_assertion_failure
                0x100016c0        0xc CMakeFiles/pico_temp_dh11.dir/home/mech/.pico-sdk/sdk/2.2.0/src/rp2_common/pico_runtime/runtime.c.o
                0x100016c0                hard_assertion_failure
 .text.runtime_run_initializers
                0x100016cc       0x20 CMakeFiles/pico_temp_dh11.dir/home/mech/.pico-sdk/sdk/2.2.0/src/rp2_common/pico_runtime/runtime.c.o
                0x100016cc                runtime_run_initializers
 .text.runtime_init_early_resets
                0x100016ec       0x34 CMakeFiles/pico_temp_dh11.dir/home/mech/.pico-sdk/sdk/2.2.0/src/rp2_common/pico_runtime_init/runtime_init.c.o
                0x100016ec                runtime_init_early_resets
 .text.runtime_init_usb_power_down
                0x10001720       0x1c CMakeFiles/pico_temp_dh11.dir/home/mech/.pico-sdk/sdk/2.2.0/src/rp2_common/pico_runtime_init/runtime_init.c.o
                0x10001720                runtime_init_usb_power_down
 .text.runtime_init_per_core_enable_coprocessors
                0x1000173c       0x1c CMakeFiles/pico_temp_dh11.dir/home/mech/.pico-sdk/sdk/2.2.0/src/rp2_common/pico_runtime_init/runtime_init.c.o
                0x1000173c                runtime_init_per_core_enable_coprocessors
 .text.runtime_init_post_clock_resets
                0x10001758       0x20 CMakeFiles/pico_temp_dh11.dir/home/mech/.pico-sdk/sdk/2.2.0/src/rp2_common/pico_runtime_init/runtime_init.c.o
                0x10001758                runtime_init_post_clock_resets
 .text.runtime_init_bootrom_reset
                0x10001778       0x14 CMakeFiles/pico_temp_dh11.dir/home/mech/.pico-sdk/sdk/2.2.0/src/rp2_common/pico_runtime_init/runtime_init.c.o
                0x10001778                runtime_init_bootrom_reset
 .text.runtime_init_per_core_bootrom_reset
                0x1000178c       0x14 CMakeFiles/pico_temp_dh11.dir/home/mech/.pico-sdk/sdk/2.2.0/src/rp2_common/pico_runtime_init/runtime_init.c.o
                0x1000178c                runtime_init_per_core_bootrom_reset
 .text.runtime_init_spin_locks_reset
                0x100017a0        0x4 CMakeFiles/pico_temp_dh11.dir/home/mech/.pico-sdk/sdk/2.2.0/src/rp2_common/pico_runtime_init/runtime_init.c.o
                0x100017a0                runtime_init_spin_locks_reset
 .text.runtime_init_install_ram_vector_table
                0x100017a4       0x68 CMakeFiles/pico_temp_dh11.dir/home/mech/.pico-sdk/sdk/2.2.0/src/rp2_common/pico_runtime_init/runtime_init.c.o
                0x100017a4                runtime_init_install_ram_vector_table
 .text.runtime_init_clocks
                0x1000180c       0xdc CMakeFiles/pico_temp_dh11.dir/home/mech/.pico-sdk/sdk/2.2.0/src/rp2_common/pico_runtime_init/runtime_init_clocks.c.o
                0x1000180c                runtime_init_clocks
 .text.__rp2350_dcp_engaged_state_save_restore
                0x100018e8       0x3a CMakeFiles/pico_temp_dh11.dir/home/mech/.pico-sdk/sdk/2.2.0/src/rp2_common/pico_double/double_aeabi_dcp.S.o
 *fill*         0x10001922        0x2 
 .text.__wrap___aeabi_dadd
                0x10001924       0x28 CMakeFiles/pico_temp_dh11.dir/home/mech/.pico-sdk/sdk/2.2.0/src/rp2_common/pico_double/double_aeabi_dcp.S.o
                0x1000192c                __wrap___aeabi_dadd
 .text.__wrap___aeabi_dsub
                0x1000194c       0x28 CMakeFiles/pico_temp_dh11.dir/home/mech/.pico-sdk/sdk/2.2.0/src/rp2_common/pico_double/double_aeabi_dcp.S.o
                0x10001954                __wrap___aeabi_dsub
 .text.__wrap___aeabi_dmul
                0x10001974       0x4c CMakeFiles/pico_temp_dh11.dir/home/mech/.pico-sdk/sdk/2.2.0/src/rp2_common/pico_double/double_aeabi_dcp.S.o
                0x1000197c                __wrap___aeabi_dmul
 .text.__wrap___aeabi_ddiv
                0x100019c0       0x9c CMakeFiles/pico_temp_dh11.dir/home/mech/.pico-sdk/sdk/2.2.0/src/rp2_common/pico_double/double_aeabi_dcp.S.o
                0x100019c8                __wrap___aeabi_ddiv
 .text.__wrap___aeabi_i2d
                0x10001a5c       0x24 CMakeFiles/pico_temp_dh11.dir/home/mech/.pico-sdk/sdk/2.2.0/src/rp2_common/pico_double/double_aeabi_dcp.S.o
                0x10001a64                __wrap___aeabi_i2d
                0x10001a64                int2double
 .text.__wrap___aeabi_ui2d
                0x10001a80       0x24 CMakeFiles/pico_temp_dh11.dir/home/mech/.pico-sdk/sdk/2.2.0/src/rp2_common/pico_double/double_aeabi_dcp.S.o
                0x10001a88                __wrap___aeabi_ui2d
                0x10001a88                uint2double
 .text.__wrap___aeabi_d2iz
                0x10001aa4       0x24 CMakeFiles/pico_temp_dh11.dir/home/mech/.pico-sdk/sdk/2.2.0/src/rp2_common/pico_double/double_aeabi_dcp.S.o
                0x10001aac                __wrap___aeabi_d2iz
                0x10001aac                double2int_z
 .text.__wrap___aeabi_d2uiz
                0x10001ac8       0x24 CMakeFiles/pico_temp_dh11.dir/home/mech/.pico-sdk/sdk/2.2.0/src/rp2_common/pico_double/double_aeabi_dcp.S.o
                0x10001ad0                double2uint_z
                0x10001ad0                double2uint
                0x10001ad0                __wrap___aeabi_d2uiz
 .text.__wrap___aeabi_dcmpun
                0x10001aec       0x24 CMakeFiles/pico_temp_dh11.dir/home/mech/.pico-sdk/sdk/2.2.0/src/rp2_common/pico_double/double_aeabi_dcp.S.o
                0x10001af4                __wrap___aeabi_dcmpun
 .text.__wrap___aeabi_dcmplt
                0x10001b10       0x28 CMakeFiles/pico_temp_dh11.dir/home/mech/.pico-sdk/sdk/2.2.0/src/rp2_common/pico_double/double_aeabi_dcp.S.o
                0x10001b18                __wrap___aeabi_dcmplt
 .text.__wrap___aeabi_dcmple
                0x10001b38       0x28 CMakeFiles/pico_temp_dh11.dir/home/mech/.pico-sdk/sdk/2.2.0/src/rp2_common/pico_double/double_aeabi_dcp.S.o
                0x10001b40                __wrap___aeabi_dcmple
 .text.__wrap___aeabi_dcmpge
                0x10001b60       0x28 CMakeFiles/pico_temp_dh11.dir/home/mech/.pico-sdk/sdk/2.2.0/src/rp2_common/pico_double/double_aeabi_dcp.S.o
                0x10001b68                __wrap___aeabi_dcmpge
 .text.__wrap___aeabi_dcmpgt
                0x10001b88       0x28 CMakeFiles/pico_temp_dh11.dir/home/mech/.pico-sdk/sdk/2.2.0/src/rp2_common/pico_double/double_aeabi_dcp.S.o
                0x10001b90                __wrap___aeabi_dcmpgt
 .text._out_null
                0x10001bb0        0x4 CMakeFiles/pico_temp_dh11.dir/home/mech/.pico-sdk/sdk/2.2.0/src/rp2_common/pico_printf/printf.c.o
 .text._out_rev
                0x10001bb4       0x9c CMakeFiles/pico_temp_dh11.dir/home/mech/.pico-sdk/sdk/2.2.0/src/rp2_common/pico_printf/printf.c.o
 .text._ntoa_format
                0x10001c50      0x1d4 CMakeFiles/pico_temp_dh11.dir/home/mech/.pico-sdk/sdk/2.2.0/src/rp2_common/pico_printf/printf.c.o
 .text._out_char
                0x10001e24        0x8 CMakeFiles/pico_temp_dh11.dir/home/mech/.pico-sdk/sdk/2.2.0/src/rp2_common/pico_printf/printf.c.o
 .text._out_fct
                0x10001e2c        0xc CMakeFiles/pico_temp_dh11.dir/home/mech/.pico-sdk/sdk/2.2.0/src/rp2_common/pico_printf/printf.c.o
 .text._ftoa    0x10001e38      0x4bc CMakeFiles/pico_temp_dh11.dir/home/mech/.pico-sdk/sdk/2.2.0/src/rp2_common/pico_printf/printf.c.o
 *fill*         0x100022f4        0x4 
 .text._etoa    0x100022f8      0x574 CMakeFiles/pico_temp_dh11.dir/home/mech/.pico-sdk/sdk/2.2.0/src/rp2_common/pico_printf/printf.c.o
 .text._vsnprintf
                0x1000286c      0x9e4 CMakeFiles/pico_temp_dh11.dir/home/mech/.pico-sdk/sdk/2.2.0/src/rp2_common/pico_printf/printf.c.o
 .text.vfctprintf
                0x10003250       0x28 CMakeFiles/pico_temp_dh11.dir/home/mech/.pico-sdk/sdk/2.2.0/src/rp2_common/pico_printf/printf.c.o
                0x10003250                vfctprintf
 .text.weak_raw_vprintf
                0x10003278       0x30 CMakeFiles/pico_temp_dh11.dir/home/mech/.pico-sdk/sdk/2.2.0/src/rp2_common/pico_printf/printf.c.o
                0x10003278                weak_raw_vprintf
 .text._exit    0x100032a8        0x4 CMakeFiles/pico_temp_dh11.dir/home/mech/.pico-sdk/sdk/2.2.0/src/rp2_common/pico_clib_interface/newlib_interface.c.o
                0x100032a8                _exit
 .text.exit     0x100032ac        0x8 CMakeFiles/pico_temp_dh11.dir/home/mech/.pico-sdk/sdk/2.2.0/src/rp2_common/pico_clib_interface/newlib_interface.c.o
                0x100032ac                exit
 .text.runtime_init
                0x100032b4       0x24 CMakeFiles/pico_temp_dh11.dir/home/mech/.pico-sdk/sdk/2.2.0/src/rp2_common/pico_clib_interface/newlib_interface.c.o
                0x100032b4                runtime_init
 .text.stdio_out_chars_no_crlf
                0x100032d8        0x8 CMakeFiles/pico_temp_dh11.dir/home/mech/.pico-sdk/sdk/2.2.0/src/rp2_common/pico_stdio/stdio.c.o
 .text.stdio_out_chars_crlf
                0x100032e0       0xb0 CMakeFiles/pico_temp_dh11.dir/home/mech/.pico-sdk/sdk/2.2.0/src/rp2_common/pico_stdio/stdio.c.o
 .text.stdio_buffered_printer
                0x10003390       0x60 CMakeFiles/pico_temp_dh11.dir/home/mech/.pico-sdk/sdk/2.2.0/src/rp2_common/pico_stdio/stdio.c.o
 .text.stdio_put_string
                0x100033f0       0xec CMakeFiles/pico_temp_dh11.dir/home/mech/.pico-sdk/sdk/2.2.0/src/rp2_common/pico_stdio/stdio.c.o
                0x100033f0                stdio_put_string
 .text.stdio_set_driver_enabled
                0x100034dc       0x28 CMakeFiles/pico_temp_dh11.dir/home/mech/.pico-sdk/sdk/2.2.0/src/rp2_common/pico_stdio/stdio.c.o
                0x100034dc                stdio_set_driver_enabled
 .text.stdio_init_all
                0x10003504        0x4 CMakeFiles/pico_temp_dh11.dir/home/mech/.pico-sdk/sdk/2.2.0/src/rp2_common/pico_stdio/stdio.c.o
                0x10003504                stdio_init_all
 .text.__wrap_putchar
                0x10003508       0x84 CMakeFiles/pico_temp_dh11.dir/home/mech/.pico-sdk/sdk/2.2.0/src/rp2_common/pico_stdio/stdio.c.o
                0x10003508                stdio_putchar
                0x10003508                __wrap_putchar
 .text.__wrap_puts
                0x1000358c       0x3c CMakeFiles/pico_temp_dh11.dir/home/mech/.pico-sdk/sdk/2.2.0/src/rp2_common/pico_stdio/stdio.c.o
                0x1000358c                __wrap_puts
                0x1000358c                stdio_puts
 .text.__wrap_vprintf
                0x100035c8       0xc4 CMakeFiles/pico_temp_dh11.dir/home/mech/.pico-sdk/sdk/2.2.0/src/rp2_common/pico_stdio/stdio.c.o
                0x100035c8                __wrap_vprintf
                0x100035c8                stdio_vprintf
 .text.__wrap_printf
                0x1000368c       0x1c CMakeFiles/pico_temp_dh11.dir/home/mech/.pico-sdk/sdk/2.2.0/src/rp2_common/pico_stdio/stdio.c.o
                0x1000368c                stdio_printf
                0x1000368c                __wrap_printf
 .text.resetd_init
                0x100036a8        0x4 CMakeFiles/pico_temp_dh11.dir/home/mech/.pico-sdk/sdk/2.2.0/src/rp2_common/pico_stdio_usb/reset_interface.c.o
 .text.resetd_reset
                0x100036ac        0xc CMakeFiles/pico_temp_dh11.dir/home/mech/.pico-sdk/sdk/2.2.0/src/rp2_common/pico_stdio_usb/reset_interface.c.o
 .text.resetd_open
                0x100036b8       0x28 CMakeFiles/pico_temp_dh11.dir/home/mech/.pico-sdk/sdk/2.2.0/src/rp2_common/pico_stdio_usb/reset_interface.c.o
 .text.resetd_xfer_cb
                0x100036e0        0x4 CMakeFiles/pico_temp_dh11.dir/home/mech/.pico-sdk/sdk/2.2.0/src/rp2_common/pico_stdio_usb/reset_interface.c.o
 .text.resetd_control_xfer_cb
                0x100036e4       0x50 CMakeFiles/pico_temp_dh11.dir/home/mech/.pico-sdk/sdk/2.2.0/src/rp2_common/pico_stdio_usb/reset_interface.c.o
 .text.tud_descriptor_bos_cb
                0x10003734        0x8 CMakeFiles/pico_temp_dh11.dir/home/mech/.pico-sdk/sdk/2.2.0/src/rp2_common/pico_stdio_usb/reset_interface.c.o
                0x10003734                tud_descriptor_bos_cb
 .text.tud_vendor_control_xfer_cb
                0x1000373c       0x28 CMakeFiles/pico_temp_dh11.dir/home/mech/.pico-sdk/sdk/2.2.0/src/rp2_common/pico_stdio_usb/reset_interface.c.o
                0x1000373c                tud_vendor_control_xfer_cb
 .text.usbd_app_driver_get_cb
                0x10003764       0x10 CMakeFiles/pico_temp_dh11.dir/home/mech/.pico-sdk/sdk/2.2.0/src/rp2_common/pico_stdio_usb/reset_interface.c.o
                0x10003764                usbd_app_driver_get_cb
 .text.tud_cdc_line_coding_cb
                0x10003774       0x18 CMakeFiles/pico_temp_dh11.dir/home/mech/.pico-sdk/sdk/2.2.0/src/rp2_common/pico_stdio_usb/reset_interface.c.o
                0x10003774                tud_cdc_line_coding_cb
 .text.stdio_usb_set_chars_available_callback
                0x1000378c       0x14 CMakeFiles/pico_temp_dh11.dir/home/mech/.pico-sdk/sdk/2.2.0/src/rp2_common/pico_stdio_usb/stdio_usb.c.o
                0x1000378c                stdio_usb_set_chars_available_callback
 .text.timer_task
                0x100037a0       0x70 CMakeFiles/pico_temp_dh11.dir/home/mech/.pico-sdk/sdk/2.2.0/src/rp2_common/pico_stdio_usb/stdio_usb.c.o
 .text.usb_irq  0x10003810        0xc CMakeFiles/pico_temp_dh11.dir/home/mech/.pico-sdk/sdk/2.2.0/src/rp2_common/pico_stdio_usb/stdio_usb.c.o
 .text.stdio_usb_in_chars
                0x1000381c       0x88 CMakeFiles/pico_temp_dh11.dir/home/mech/.pico-sdk/sdk/2.2.0/src/rp2_common/pico_stdio_usb/stdio_usb.c.o
                0x1000381c                stdio_usb_in_chars
 .text.stdio_usb_out_flush
                0x100038a4       0x54 CMakeFiles/pico_temp_dh11.dir/home/mech/.pico-sdk/sdk/2.2.0/src/rp2_common/pico_stdio_usb/stdio_usb.c.o
 .text.stdio_usb_out_chars
                0x100038f8       0xf4 CMakeFiles/pico_temp_dh11.dir/home/mech/.pico-sdk/sdk/2.2.0/src/rp2_common/pico_stdio_usb/stdio_usb.c.o
 .text.low_priority_worker_irq
                0x100039ec       0xd8 CMakeFiles/pico_temp_dh11.dir/home/mech/.pico-sdk/sdk/2.2.0/src/rp2_common/pico_stdio_usb/stdio_usb.c.o
 .text.stdio_usb_init
                0x10003ac4       0xe8 CMakeFiles/pico_temp_dh11.dir/home/mech/.pico-sdk/sdk/2.2.0/src/rp2_common/pico_stdio_usb/stdio_usb.c.o
                0x10003ac4                stdio_usb_init
 .text.tud_descriptor_device_cb
                0x10003bac        0x8 CMakeFiles/pico_temp_dh11.dir/home/mech/.pico-sdk/sdk/2.2.0/src/rp2_common/pico_stdio_usb/stdio_usb_descriptors.c.o
                0x10003bac                tud_descriptor_device_cb
 .text.tud_descriptor_configuration_cb
                0x10003bb4        0x8 CMakeFiles/pico_temp_dh11.dir/home/mech/.pico-sdk/sdk/2.2.0/src/rp2_common/pico_stdio_usb/stdio_usb_descriptors.c.o
                0x10003bb4                tud_descriptor_configuration_cb
 .text.tud_descriptor_string_cb
                0x10003bbc       0x70 CMakeFiles/pico_temp_dh11.dir/home/mech/.pico-sdk/sdk/2.2.0/src/rp2_common/pico_stdio_usb/stdio_usb_descriptors.c.o
                0x10003bbc                tud_descriptor_string_cb
 .text.startup._retrieve_unique_id_on_boot
                0x10003c2c       0x30 CMakeFiles/pico_temp_dh11.dir/home/mech/.pico-sdk/sdk/2.2.0/src/rp2_common/pico_unique_id/unique_id.c.o
 .text.pico_get_unique_board_id_string
                0x10003c5c      0x184 CMakeFiles/pico_temp_dh11.dir/home/mech/.pico-sdk/sdk/2.2.0/src/rp2_common/pico_unique_id/unique_id.c.o
                0x10003c5c                pico_get_unique_board_id_string
 .text.dcd_init
                0x10003de0       0x8c CMakeFiles/pico_temp_dh11.dir/home/mech/.pico-sdk/sdk/2.2.0/lib/tinyusb/src/portable/raspberrypi/rp2040/dcd_rp2040.c.o
                0x10003de0                dcd_init
 .text.dcd_int_enable
                0x10003e6c        0x8 CMakeFiles/pico_temp_dh11.dir/home/mech/.pico-sdk/sdk/2.2.0/lib/tinyusb/src/portable/raspberrypi/rp2040/dcd_rp2040.c.o
                0x10003e6c                dcd_int_enable
 .text.dcd_set_address
                0x10003e74       0x10 CMakeFiles/pico_temp_dh11.dir/home/mech/.pico-sdk/sdk/2.2.0/lib/tinyusb/src/portable/raspberrypi/rp2040/dcd_rp2040.c.o
                0x10003e74                dcd_set_address
 .text.dcd_sof_enable
                0x10003e84       0x1c CMakeFiles/pico_temp_dh11.dir/home/mech/.pico-sdk/sdk/2.2.0/lib/tinyusb/src/portable/raspberrypi/rp2040/dcd_rp2040.c.o
                0x10003e84                dcd_sof_enable
 .text.dcd_edpt0_status_complete
                0x10003ea0       0x1c CMakeFiles/pico_temp_dh11.dir/home/mech/.pico-sdk/sdk/2.2.0/lib/tinyusb/src/portable/raspberrypi/rp2040/dcd_rp2040.c.o
                0x10003ea0                dcd_edpt0_status_complete
 .text.dcd_edpt_open
                0x10003ebc      0x104 CMakeFiles/pico_temp_dh11.dir/home/mech/.pico-sdk/sdk/2.2.0/lib/tinyusb/src/portable/raspberrypi/rp2040/dcd_rp2040.c.o
                0x10003ebc                dcd_edpt_open
 .text.dcd_edpt_close_all
                0x10003fc0        0x4 CMakeFiles/pico_temp_dh11.dir/home/mech/.pico-sdk/sdk/2.2.0/lib/tinyusb/src/portable/raspberrypi/rp2040/dcd_rp2040.c.o
                0x10003fc0                dcd_edpt_close_all
 .text.dcd_edpt_xfer
                0x10003fc4       0x28 CMakeFiles/pico_temp_dh11.dir/home/mech/.pico-sdk/sdk/2.2.0/lib/tinyusb/src/portable/raspberrypi/rp2040/dcd_rp2040.c.o
                0x10003fc4                dcd_edpt_xfer
 .text.dcd_edpt_stall
                0x10003fec       0x30 CMakeFiles/pico_temp_dh11.dir/home/mech/.pico-sdk/sdk/2.2.0/lib/tinyusb/src/portable/raspberrypi/rp2040/dcd_rp2040.c.o
                0x10003fec                dcd_edpt_stall
 .text.dcd_edpt_clear_stall
                0x1000401c       0x24 CMakeFiles/pico_temp_dh11.dir/home/mech/.pico-sdk/sdk/2.2.0/lib/tinyusb/src/portable/raspberrypi/rp2040/dcd_rp2040.c.o
                0x1000401c                dcd_edpt_clear_stall
 .text.rp2040_usb_init
                0x10004040       0x40 CMakeFiles/pico_temp_dh11.dir/home/mech/.pico-sdk/sdk/2.2.0/lib/tinyusb/src/portable/raspberrypi/rp2040/rp2040_usb.c.o
                0x10004040                rp2040_usb_init
 .text.hw_endpoint_xfer_start
                0x10004080       0x40 CMakeFiles/pico_temp_dh11.dir/home/mech/.pico-sdk/sdk/2.2.0/lib/tinyusb/src/portable/raspberrypi/rp2040/rp2040_usb.c.o
                0x10004080                hw_endpoint_xfer_start
 .text.configuration_reset
                0x100040c0       0x8c CMakeFiles/pico_temp_dh11.dir/home/mech/.pico-sdk/sdk/2.2.0/lib/tinyusb/src/device/usbd.c.o
 .text.tud_event_hook_cb
                0x1000414c        0x4 CMakeFiles/pico_temp_dh11.dir/home/mech/.pico-sdk/sdk/2.2.0/lib/tinyusb/src/device/usbd.c.o
                0x1000414c                tud_event_hook_cb
 .text.tud_sof_cb
                0x10004150        0x4 CMakeFiles/pico_temp_dh11.dir/home/mech/.pico-sdk/sdk/2.2.0/lib/tinyusb/src/device/usbd.c.o
                0x10004150                tud_sof_cb
 .text.tud_descriptor_device_qualifier_cb
                0x10004154        0x4 CMakeFiles/pico_temp_dh11.dir/home/mech/.pico-sdk/sdk/2.2.0/lib/tinyusb/src/device/usbd.c.o
                0x10004154                tud_descriptor_device_qualifier_cb
 .text.tud_descriptor_other_speed_configuration_cb
                0x10004158        0x4 CMakeFiles/pico_temp_dh11.dir/home/mech/.pico-sdk/sdk/2.2.0/lib/tinyusb/src/device/usbd.c.o
                0x10004158                tud_descriptor_other_speed_configuration_cb
 .text.tud_mount_cb
                0x1000415c        0x4 CMakeFiles/pico_temp_dh11.dir/home/mech/.pico-sdk/sdk/2.2.0/lib/tinyusb/src/device/usbd.c.o
                0x1000415c                tud_mount_cb
 .text.tud_umount_cb
                0x10004160        0x4 CMakeFiles/pico_temp_dh11.dir/home/mech/.pico-sdk/sdk/2.2.0/lib/tinyusb/src/device/usbd.c.o
                0x10004160                tud_umount_cb
 .text.tud_suspend_cb
                0x10004164        0x4 CMakeFiles/pico_temp_dh11.dir/home/mech/.pico-sdk/sdk/2.2.0/lib/tinyusb/src/device/usbd.c.o
                0x10004164                tud_suspend_cb
 .text.tud_resume_cb
                0x10004168        0x4 CMakeFiles/pico_temp_dh11.dir/home/mech/.pico-sdk/sdk/2.2.0/lib/tinyusb/src/device/usbd.c.o
                0x10004168                tud_resume_cb
 .text.tud_mounted
                0x1000416c       0x10 CMakeFiles/pico_temp_dh11.dir/home/mech/.pico-sdk/sdk/2.2.0/lib/tinyusb/src/device/usbd.c.o
                0x1000416c                tud_mounted
 .text.tud_suspended
                0x1000417c       0x10 CMakeFiles/pico_temp_dh11.dir/home/mech/.pico-sdk/sdk/2.2.0/lib/tinyusb/src/device/usbd.c.o
                0x1000417c                tud_suspended
 .text.tud_rhport_init
                0x1000418c       0xf4 CMakeFiles/pico_temp_dh11.dir/home/mech/.pico-sdk/sdk/2.2.0/lib/tinyusb/src/device/usbd.c.o
                0x1000418c                tud_rhport_init
 .text.tud_task_ext
                0x10004280      0x784 CMakeFiles/pico_temp_dh11.dir/home/mech/.pico-sdk/sdk/2.2.0/lib/tinyusb/src/device/usbd.c.o
                0x10004280                tud_task_ext
 .text.usbd_open_edpt_pair
                0x10004a04       0x9c CMakeFiles/pico_temp_dh11.dir/home/mech/.pico-sdk/sdk/2.2.0/lib/tinyusb/src/device/usbd.c.o
                0x10004a04                usbd_open_edpt_pair
 .text.usbd_edpt_open
                0x10004aa0       0x44 CMakeFiles/pico_temp_dh11.dir/home/mech/.pico-sdk/sdk/2.2.0/lib/tinyusb/src/device/usbd.c.o
                0x10004aa0                usbd_edpt_open
 .text.usbd_edpt_claim
                0x10004ae4       0x24 CMakeFiles/pico_temp_dh11.dir/home/mech/.pico-sdk/sdk/2.2.0/lib/tinyusb/src/device/usbd.c.o
                0x10004ae4                usbd_edpt_claim
 .text.usbd_edpt_release
                0x10004b08       0x24 CMakeFiles/pico_temp_dh11.dir/home/mech/.pico-sdk/sdk/2.2.0/lib/tinyusb/src/device/usbd.c.o
                0x10004b08                usbd_edpt_release
 .text.usbd_edpt_xfer
                0x10004b2c       0x70 CMakeFiles/pico_temp_dh11.dir/home/mech/.pico-sdk/sdk/2.2.0/lib/tinyusb/src/device/usbd.c.o
                0x10004b2c                usbd_edpt_xfer
 .text.tud_control_status
                0x10004b9c       0x34 CMakeFiles/pico_temp_dh11.dir/home/mech/.pico-sdk/sdk/2.2.0/lib/tinyusb/src/device/usbd_control.c.o
                0x10004b9c                tud_control_status
 .text.tud_control_xfer
                0x10004bd0       0xb0 CMakeFiles/pico_temp_dh11.dir/home/mech/.pico-sdk/sdk/2.2.0/lib/tinyusb/src/device/usbd_control.c.o
                0x10004bd0                tud_control_xfer
 .text.usbd_control_reset
                0x10004c80       0x14 CMakeFiles/pico_temp_dh11.dir/home/mech/.pico-sdk/sdk/2.2.0/lib/tinyusb/src/device/usbd_control.c.o
                0x10004c80                usbd_control_reset
 .text.usbd_control_set_complete_callback
                0x10004c94        0xc CMakeFiles/pico_temp_dh11.dir/home/mech/.pico-sdk/sdk/2.2.0/lib/tinyusb/src/device/usbd_control.c.o
                0x10004c94                usbd_control_set_complete_callback
 .text.usbd_control_set_request
                0x10004ca0       0x1c CMakeFiles/pico_temp_dh11.dir/home/mech/.pico-sdk/sdk/2.2.0/lib/tinyusb/src/device/usbd_control.c.o
                0x10004ca0                usbd_control_set_request
 .text.usbd_control_xfer_cb
                0x10004cbc      0x100 CMakeFiles/pico_temp_dh11.dir/home/mech/.pico-sdk/sdk/2.2.0/lib/tinyusb/src/device/usbd_control.c.o
                0x10004cbc                usbd_control_xfer_cb
 .text._prep_out_transaction.isra.0
                0x10004dbc       0x74 CMakeFiles/pico_temp_dh11.dir/home/mech/.pico-sdk/sdk/2.2.0/lib/tinyusb/src/class/cdc/cdc_device.c.o
 .text.tud_cdc_n_connected
                0x10004e30       0x2c CMakeFiles/pico_temp_dh11.dir/home/mech/.pico-sdk/sdk/2.2.0/lib/tinyusb/src/class/cdc/cdc_device.c.o
                0x10004e30                tud_cdc_n_connected
 .text.tud_cdc_n_available
                0x10004e5c       0x14 CMakeFiles/pico_temp_dh11.dir/home/mech/.pico-sdk/sdk/2.2.0/lib/tinyusb/src/class/cdc/cdc_device.c.o
                0x10004e5c                tud_cdc_n_available
 .text.tud_cdc_n_read
                0x10004e70       0x90 CMakeFiles/pico_temp_dh11.dir/home/mech/.pico-sdk/sdk/2.2.0/lib/tinyusb/src/class/cdc/cdc_device.c.o
                0x10004e70                tud_cdc_n_read
 .text.tud_cdc_n_write_flush
                0x10004f00       0x8c CMakeFiles/pico_temp_dh11.dir/home/mech/.pico-sdk/sdk/2.2.0/lib/tinyusb/src/class/cdc/cdc_device.c.o
                0x10004f00                tud_cdc_n_write_flush
 .text.tud_cdc_n_write
                0x10004f8c       0x40 CMakeFiles/pico_temp_dh11.dir/home/mech/.pico-sdk/sdk/2.2.0/lib/tinyusb/src/class/cdc/cdc_device.c.o
                0x10004f8c                tud_cdc_n_write
 .text.tud_cdc_n_write_available
                0x10004fcc       0x14 CMakeFiles/pico_temp_dh11.dir/home/mech/.pico-sdk/sdk/2.2.0/lib/tinyusb/src/class/cdc/cdc_device.c.o
                0x10004fcc                tud_cdc_n_write_available
 .text.cdcd_init
                0x10004fe0       0x70 CMakeFiles/pico_temp_dh11.dir/home/mech/.pico-sdk/sdk/2.2.0/lib/tinyusb/src/class/cdc/cdc_device.c.o
                0x10004fe0                cdcd_init
 .text.cdcd_deinit
                0x10005050       0x30 CMakeFiles/pico_temp_dh11.dir/home/mech/.pico-sdk/sdk/2.2.0/lib/tinyusb/src/class/cdc/cdc_device.c.o
                0x10005050                cdcd_deinit
 .text.cdcd_reset
                0x10005080       0x4c CMakeFiles/pico_temp_dh11.dir/home/mech/.pico-sdk/sdk/2.2.0/lib/tinyusb/src/class/cdc/cdc_device.c.o
                0x10005080                cdcd_reset
 .text.cdcd_open
                0x100050cc       0xc0 CMakeFiles/pico_temp_dh11.dir/home/mech/.pico-sdk/sdk/2.2.0/lib/tinyusb/src/class/cdc/cdc_device.c.o
                0x100050cc                cdcd_open
 .text.cdcd_control_xfer_cb
                0x1000518c       0xc0 CMakeFiles/pico_temp_dh11.dir/home/mech/.pico-sdk/sdk/2.2.0/lib/tinyusb/src/class/cdc/cdc_device.c.o
                0x1000518c                cdcd_control_xfer_cb
 .text.cdcd_xfer_cb
                0x1000524c       0xf8 CMakeFiles/pico_temp_dh11.dir/home/mech/.pico-sdk/sdk/2.2.0/lib/tinyusb/src/class/cdc/cdc_device.c.o
                0x1000524c                cdcd_xfer_cb
 .text.vendord_init
                0x10005344       0x5c CMakeFiles/pico_temp_dh11.dir/home/mech/.pico-sdk/sdk/2.2.0/lib/tinyusb/src/class/vendor/vendor_device.c.o
                0x10005344                vendord_init
 .text.vendord_deinit
                0x100053a0       0x1c CMakeFiles/pico_temp_dh11.dir/home/mech/.pico-sdk/sdk/2.2.0/lib/tinyusb/src/class/vendor/vendor_device.c.o
                0x100053a0                vendord_deinit
 .text.vendord_reset
                0x100053bc       0x24 CMakeFiles/pico_temp_dh11.dir/home/mech/.pico-sdk/sdk/2.2.0/lib/tinyusb/src/class/vendor/vendor_device.c.o
                0x100053bc                vendord_reset
 .text.vendord_open
                0x100053e0       0xf4 CMakeFiles/pico_temp_dh11.dir/home/mech/.pico-sdk/sdk/2.2.0/lib/tinyusb/src/class/vendor/vendor_device.c.o
                0x100053e0                vendord_open
 .text.vendord_xfer_cb
                0x100054d4       0x88 CMakeFiles/pico_temp_dh11.dir/home/mech/.pico-sdk/sdk/2.2.0/lib/tinyusb/src/class/vendor/vendor_device.c.o
                0x100054d4                vendord_xfer_cb
 .text.tusb_rhport_init
                0x1000555c       0x64 CMakeFiles/pico_temp_dh11.dir/home/mech/.pico-sdk/sdk/2.2.0/lib/tinyusb/src/tusb.c.o
                0x1000555c                tusb_rhport_init
 .text.tu_edpt_claim
                0x100055c0       0x54 CMakeFiles/pico_temp_dh11.dir/home/mech/.pico-sdk/sdk/2.2.0/lib/tinyusb/src/tusb.c.o
                0x100055c0                tu_edpt_claim
 .text.tu_edpt_release
                0x10005614       0x38 CMakeFiles/pico_temp_dh11.dir/home/mech/.pico-sdk/sdk/2.2.0/lib/tinyusb/src/tusb.c.o
                0x10005614                tu_edpt_release
 .text.tu_edpt_validate
                0x1000564c       0x60 CMakeFiles/pico_temp_dh11.dir/home/mech/.pico-sdk/sdk/2.2.0/lib/tinyusb/src/tusb.c.o
                0x1000564c                tu_edpt_validate
 .text.tu_edpt_bind_driver
                0x100056ac       0x58 CMakeFiles/pico_temp_dh11.dir/home/mech/.pico-sdk/sdk/2.2.0/lib/tinyusb/src/tusb.c.o
                0x100056ac                tu_edpt_bind_driver
 .text.tu_edpt_stream_init
                0x10005704       0x58 CMakeFiles/pico_temp_dh11.dir/home/mech/.pico-sdk/sdk/2.2.0/lib/tinyusb/src/tusb.c.o
                0x10005704                tu_edpt_stream_init
 .text.tu_edpt_stream_deinit
                0x1000575c        0x4 CMakeFiles/pico_temp_dh11.dir/home/mech/.pico-sdk/sdk/2.2.0/lib/tinyusb/src/tusb.c.o
                0x1000575c                tu_edpt_stream_deinit
 .text.tu_edpt_stream_write_zlp_if_needed
                0x10005760       0x68 CMakeFiles/pico_temp_dh11.dir/home/mech/.pico-sdk/sdk/2.2.0/lib/tinyusb/src/tusb.c.o
                0x10005760                tu_edpt_stream_write_zlp_if_needed
 .text.tu_edpt_stream_write_xfer
                0x100057c8       0x70 CMakeFiles/pico_temp_dh11.dir/home/mech/.pico-sdk/sdk/2.2.0/lib/tinyusb/src/tusb.c.o
                0x100057c8                tu_edpt_stream_write_xfer
 .text.tu_edpt_stream_read_xfer
                0x10005838       0xc8 CMakeFiles/pico_temp_dh11.dir/home/mech/.pico-sdk/sdk/2.2.0/lib/tinyusb/src/tusb.c.o
                0x10005838                tu_edpt_stream_read_xfer
 .text.tu_fifo_config
                0x10005900       0x60 CMakeFiles/pico_temp_dh11.dir/home/mech/.pico-sdk/sdk/2.2.0/lib/tinyusb/src/common/tusb_fifo.c.o
                0x10005900                tu_fifo_config
 .text.tu_fifo_count
                0x10005960       0x20 CMakeFiles/pico_temp_dh11.dir/home/mech/.pico-sdk/sdk/2.2.0/lib/tinyusb/src/common/tusb_fifo.c.o
                0x10005960                tu_fifo_count
 .text.tu_fifo_empty
                0x10005980       0x14 CMakeFiles/pico_temp_dh11.dir/home/mech/.pico-sdk/sdk/2.2.0/lib/tinyusb/src/common/tusb_fifo.c.o
                0x10005980                tu_fifo_empty
 .text.tu_fifo_remaining
                0x10005994       0x24 CMakeFiles/pico_temp_dh11.dir/home/mech/.pico-sdk/sdk/2.2.0/lib/tinyusb/src/common/tusb_fifo.c.o
                0x10005994                tu_fifo_remaining
 .text.tu_fifo_read
                0x100059b8       0x94 CMakeFiles/pico_temp_dh11.dir/home/mech/.pico-sdk/sdk/2.2.0/lib/tinyusb/src/common/tusb_fifo.c.o
                0x100059b8                tu_fifo_read
 .text.tu_fifo_read_n
                0x10005a4c       0xd8 CMakeFiles/pico_temp_dh11.dir/home/mech/.pico-sdk/sdk/2.2.0/lib/tinyusb/src/common/tusb_fifo.c.o
                0x10005a4c                tu_fifo_read_n
 .text.tu_fifo_write
                0x10005b24       0xa4 CMakeFiles/pico_temp_dh11.dir/home/mech/.pico-sdk/sdk/2.2.0/lib/tinyusb/src/common/tusb_fifo.c.o
                0x10005b24                tu_fifo_write
 .text.tu_fifo_write_n
                0x10005bc8      0x15c CMakeFiles/pico_temp_dh11.dir/home/mech/.pico-sdk/sdk/2.2.0/lib/tinyusb/src/common/tusb_fifo.c.o
                0x10005bc8                tu_fifo_write_n
 .text.tu_fifo_clear
                0x10005d24       0x38 CMakeFiles/pico_temp_dh11.dir/home/mech/.pico-sdk/sdk/2.2.0/lib/tinyusb/src/common/tusb_fifo.c.o
                0x10005d24                tu_fifo_clear
 .text.tu_fifo_set_overwritable
                0x10005d5c       0x3c CMakeFiles/pico_temp_dh11.dir/home/mech/.pico-sdk/sdk/2.2.0/lib/tinyusb/src/common/tusb_fifo.c.o
                0x10005d5c                tu_fifo_set_overwritable
 .text.memset   0x10005d98       0x9c /home/mech/.pico-sdk/toolchain/14_2_Rel1/bin/../lib/gcc/arm-none-eabi/14.2.1/../../../../arm-none-eabi/lib/thumb/v8-m.main+fp/softfp/libg.a(libc_a-memset.o)
                0x10005d98                memset
 .text          0x10005e34       0xec /home/mech/.pico-sdk/toolchain/14_2_Rel1/bin/../lib/gcc/arm-none-eabi/14.2.1/../../../../arm-none-eabi/lib/thumb/v8-m.main+fp/softfp/libg.a(libc_a-memcpy.o)
                0x10005e34                memcpy
 .text.strlen   0x10005f20       0x5c /home/mech/.pico-sdk/toolchain/14_2_Rel1/bin/../lib/gcc/arm-none-eabi/14.2.1/../../../../arm-none-eabi/lib/thumb/v8-m.main+fp/softfp/libg.a(libc_a-strlen-stub.o)
                0x10005f20                strlen
 *(.fini)
 .fini          0x10005f7c        0x4 /home/mech/.pico-sdk/toolchain/14_2_Rel1/bin/../lib/gcc/arm-none-eabi/14.2.1/thumb/v8-m.main+fp/softfp/crti.o
                0x10005f7c                _fini
 .fini.__stub   0x10005f80       0x58 linker stubs
 *crtbegin.o(.ctors)
 *crtbegin?.o(.ctors)
 *(EXCLUDE_FILE(*crtend.o *crtend?.o) .ctors)
 *(SORT_BY_NAME(.ctors.*))
 *(.ctors)
 *crtbegin.o(.dtors)
 *crtbegin?.o(.dtors)
 *(EXCLUDE_FILE(*crtend.o *crtend?.o) .dtors)
 *(SORT_BY_NAME(.dtors.*))
 *(.dtors)
                0x10005fd8                        . = ALIGN (0x4)
                0x10005fd8                        PROVIDE (__preinit_array_start = .)
 *(SORT_BY_NAME(.preinit_array.*))
 .preinit_array.00050
                0x10005fd8        0x4 CMakeFiles/pico_temp_dh11.dir/home/mech/.pico-sdk/sdk/2.2.0/src/rp2_common/pico_runtime_init/runtime_init.c.o
                0x10005fd8                __pre_init_runtime_init_bootrom_reset
 .preinit_array.00100
                0x10005fdc        0x4 CMakeFiles/pico_temp_dh11.dir/home/mech/.pico-sdk/sdk/2.2.0/src/rp2_common/pico_runtime_init/runtime_init.c.o
                0x10005fdc                __pre_init_runtime_init_early_resets
 .preinit_array.00101
                0x10005fe0        0x4 CMakeFiles/pico_temp_dh11.dir/home/mech/.pico-sdk/sdk/2.2.0/src/rp2_common/pico_runtime_init/runtime_init.c.o
                0x10005fe0                __pre_init_runtime_init_usb_power_down
 .preinit_array.00500
                0x10005fe4        0x4 CMakeFiles/pico_temp_dh11.dir/home/mech/.pico-sdk/sdk/2.2.0/src/rp2_common/pico_runtime_init/runtime_init.c.o
                0x10005fe4                __pre_init_runtime_init_clocks
 .preinit_array.00600
                0x10005fe8        0x4 CMakeFiles/pico_temp_dh11.dir/home/mech/.pico-sdk/sdk/2.2.0/src/rp2_common/pico_runtime_init/runtime_init.c.o
                0x10005fe8                __pre_init_runtime_init_post_clock_resets
 .preinit_array.01000
                0x10005fec        0x4 CMakeFiles/pico_temp_dh11.dir/home/mech/.pico-sdk/sdk/2.2.0/src/rp2_common/hardware_boot_lock/boot_lock.c.o
                0x10005fec                __pre_init_runtime_init_boot_locks_reset
 .preinit_array.01000
                0x10005ff0        0x4 CMakeFiles/pico_temp_dh11.dir/home/mech/.pico-sdk/sdk/2.2.0/src/rp2_common/pico_runtime_init/runtime_init.c.o
                0x10005ff0                __pre_init_runtime_init_spin_locks_reset
 .preinit_array.01010
                0x10005ff4        0x4 CMakeFiles/pico_temp_dh11.dir/home/mech/.pico-sdk/sdk/2.2.0/src/rp2_common/pico_bootrom/bootrom_lock.c.o
                0x10005ff4                __pre_init_runtime_init_bootrom_locking_enable
 .preinit_array.01100
                0x10005ff8        0x4 CMakeFiles/pico_temp_dh11.dir/home/mech/.pico-sdk/sdk/2.2.0/src/common/pico_sync/mutex.c.o
                0x10005ff8                __pre_init_runtime_init_mutex
 .preinit_array.10080
                0x10005ffc        0x4 CMakeFiles/pico_temp_dh11.dir/home/mech/.pico-sdk/sdk/2.2.0/src/rp2_common/pico_runtime_init/runtime_init.c.o
                0x10005ffc                __pre_init_runtime_init_install_ram_vector_table
 .preinit_array.11000
                0x10006000        0x4 CMakeFiles/pico_temp_dh11.dir/home/mech/.pico-sdk/sdk/2.2.0/src/common/pico_time/time.c.o
                0x10006000                __pre_init_runtime_init_default_alarm_pool
 .preinit_array.YYYYY
                0x10006004        0x4 CMakeFiles/pico_temp_dh11.dir/home/mech/.pico-sdk/sdk/2.2.0/src/rp2_common/pico_runtime/runtime.c.o
                0x10006004                __pre_init_first_per_core_initializer
 .preinit_array.ZZZZZ.00051
                0x10006008        0x4 CMakeFiles/pico_temp_dh11.dir/home/mech/.pico-sdk/sdk/2.2.0/src/rp2_common/pico_runtime_init/runtime_init.c.o
                0x10006008                __pre_init_runtime_init_per_core_bootrom_reset
 .preinit_array.ZZZZZ.00200
                0x1000600c        0x4 CMakeFiles/pico_temp_dh11.dir/home/mech/.pico-sdk/sdk/2.2.0/src/rp2_common/pico_runtime_init/runtime_init.c.o
                0x1000600c                __pre_init_runtime_init_per_core_enable_coprocessors
 .preinit_array.ZZZZZ.01000
                0x10006010        0x4 CMakeFiles/pico_temp_dh11.dir/home/mech/.pico-sdk/sdk/2.2.0/src/rp2_common/hardware_sync_spin_lock/sync_spin_lock.c.o
                0x10006010                __pre_init_spinlock_set_extexclall
 .preinit_array.ZZZZZ.01200
                0x10006014        0x4 CMakeFiles/pico_temp_dh11.dir/home/mech/.pico-sdk/sdk/2.2.0/src/rp2_common/hardware_irq/irq.c.o
                0x10006014                __pre_init_runtime_init_per_core_irq_priorities
 *(.preinit_array)
                0x10006018                        PROVIDE (__preinit_array_end = .)
                0x10006018                        . = ALIGN (0x4)
                0x10006018                        PROVIDE (__init_array_start = .)
 *(SORT_BY_NAME(.init_array.*))
 .init_array.01000
                0x10006018        0x4 CMakeFiles/pico_temp_dh11.dir/home/mech/.pico-sdk/sdk/2.2.0/src/rp2_common/pico_unique_id/unique_id.c.o
 *(.init_array)
 .init_array    0x1000601c        0x4 /home/mech/.pico-sdk/toolchain/14_2_Rel1/bin/../lib/gcc/arm-none-eabi/14.2.1/thumb/v8-m.main+fp/softfp/crtbegin.o
                0x10006020                        PROVIDE (__init_array_end = .)
                0x10006020                        . = ALIGN (0x4)
                [!provide]                        PROVIDE (__fini_array_start = .)
 *(SORT_BY_NAME(.fini_array.*))
 *(.fini_array)
                [!provide]                        PROVIDE (__fini_array_end = .)
 *(.eh_frame*)
 .eh_frame      0x10006020        0x0 /home/mech/.pico-sdk/toolchain/14_2_Rel1/bin/../lib/gcc/arm-none-eabi/14.2.1/thumb/v8-m.main+fp/softfp/crtbegin.o
                0x10006020                        . = ALIGN (0x4)

.glue_7         0x10006020        0x0
 .glue_7        0x10006020        0x0 linker stubs

.glue_7t        0x10006020        0x0
 .glue_7t       0x10006020        0x0 linker stubs

.vfp11_veneer   0x10006020        0x0
 .vfp11_veneer  0x10006020        0x0 linker stubs

.v4_bx          0x10006020        0x0
 .v4_bx         0x10006020        0x0 linker stubs

.iplt           0x10006020        0x0
 .iplt          0x10006020        0x0 /home/mech/.pico-sdk/toolchain/14_2_Rel1/bin/../lib/gcc/arm-none-eabi/14.2.1/thumb/v8-m.main+fp/softfp/crtbegin.o

.boot2          0x10006020        0x0
                0x10006020                        __boot2_start__ = .
 *(.boot2)
                0x10006020                        __boot2_end__ = .
                0x00000001                        ASSERT (((__boot2_end__ - __boot2_start__) <= 0x100), ERROR: Pico second stage bootloader must be no more than 256 bytes in size)

.rodata         0x10006020      0x43c
 *(EXCLUDE_FILE(*libm.a: *libc.a:*lib_a-mem*.o *libgcc.a:) .rodata*)
 .rodata.web_read_from_dht.str1.4
                0x10006020      0x1d0 CMakeFiles/pico_temp_dh11.dir/pico_temp_dh11.c.o
                                 0x2b (size before relaxing)
 .rodata.main.str1.4
                0x100061f0       0x29 CMakeFiles/pico_temp_dh11.dir/pico_temp_dh11.c.o
 .rodata.panic.str1.4
                0x100061f0       0x12 CMakeFiles/pico_temp_dh11.dir/home/mech/.pico-sdk/sdk/2.2.0/src/rp2_common/pico_platform_panic/panic.c.o
 .rodata.spin_lock_claim_unused.str1.4
                0x100061f0       0x1b CMakeFiles/pico_temp_dh11.dir/home/mech/.pico-sdk/sdk/2.2.0/src/rp2_common/hardware_sync/sync.c.o
 .rodata.user_irq_claim_unused.str1.4
                0x100061f0       0x1b CMakeFiles/pico_temp_dh11.dir/home/mech/.pico-sdk/sdk/2.2.0/src/rp2_common/hardware_irq/irq.c.o
 .rodata.timer_hardware_alarm_claim.str1.4
                0x100061f0       0x22 CMakeFiles/pico_temp_dh11.dir/home/mech/.pico-sdk/sdk/2.2.0/src/rp2_common/hardware_timer/timer.c.o
 .rodata.hard_assertion_failure.str1.4
                0x100061f0        0xc CMakeFiles/pico_temp_dh11.dir/home/mech/.pico-sdk/sdk/2.2.0/src/rp2_common/pico_runtime/runtime.c.o
 .rodata.str1.4
                0x100061f0       0x48 CMakeFiles/pico_temp_dh11.dir/home/mech/.pico-sdk/sdk/2.2.0/src/rp2_common/pico_standard_binary_info/standard_binary_info.c.o
 .rodata.__bi_84
                0x100061f0        0xc CMakeFiles/pico_temp_dh11.dir/home/mech/.pico-sdk/sdk/2.2.0/src/rp2_common/pico_standard_binary_info/standard_binary_info.c.o
 .rodata.__bi_78
                0x100061fc        0xc CMakeFiles/pico_temp_dh11.dir/home/mech/.pico-sdk/sdk/2.2.0/src/rp2_common/pico_standard_binary_info/standard_binary_info.c.o
 .rodata.__bi_60
                0x10006208        0xc CMakeFiles/pico_temp_dh11.dir/home/mech/.pico-sdk/sdk/2.2.0/src/rp2_common/pico_standard_binary_info/standard_binary_info.c.o
 .rodata.__bi_54
                0x10006214        0xc CMakeFiles/pico_temp_dh11.dir/home/mech/.pico-sdk/sdk/2.2.0/src/rp2_common/pico_standard_binary_info/standard_binary_info.c.o
 .rodata.__bi_48
                0x10006220        0xc CMakeFiles/pico_temp_dh11.dir/home/mech/.pico-sdk/sdk/2.2.0/src/rp2_common/pico_standard_binary_info/standard_binary_info.c.o
 .rodata.__bi_42
                0x1000622c        0xc CMakeFiles/pico_temp_dh11.dir/home/mech/.pico-sdk/sdk/2.2.0/src/rp2_common/pico_standard_binary_info/standard_binary_info.c.o
 .rodata.__bi_34
                0x10006238        0xc CMakeFiles/pico_temp_dh11.dir/home/mech/.pico-sdk/sdk/2.2.0/src/rp2_common/pico_standard_binary_info/standard_binary_info.c.o
 .rodata.__bi_26
                0x10006244        0xc CMakeFiles/pico_temp_dh11.dir/home/mech/.pico-sdk/sdk/2.2.0/src/rp2_common/pico_standard_binary_info/standard_binary_info.c.o
 .rodata._ftoa.str1.4
                0x10006250       0x15 CMakeFiles/pico_temp_dh11.dir/home/mech/.pico-sdk/sdk/2.2.0/src/rp2_common/pico_printf/printf.c.o
 .rodata.pow10.0
                0x10006250       0x50 CMakeFiles/pico_temp_dh11.dir/home/mech/.pico-sdk/sdk/2.2.0/src/rp2_common/pico_printf/printf.c.o
 .rodata.crlf_str.0
                0x100062a0        0x2 CMakeFiles/pico_temp_dh11.dir/home/mech/.pico-sdk/sdk/2.2.0/src/rp2_common/pico_stdio/stdio.c.o
 *fill*         0x100062a2        0x2 
 .rodata._resetd_driver
                0x100062a4       0x20 CMakeFiles/pico_temp_dh11.dir/home/mech/.pico-sdk/sdk/2.2.0/src/rp2_common/pico_stdio_usb/reset_interface.c.o
 .rodata.desc_ms_os_20
                0x100062c4       0xa6 CMakeFiles/pico_temp_dh11.dir/home/mech/.pico-sdk/sdk/2.2.0/src/rp2_common/pico_stdio_usb/reset_interface.c.o
 *fill*         0x1000636a        0x2 
 .rodata.desc_bos
                0x1000636c       0x21 CMakeFiles/pico_temp_dh11.dir/home/mech/.pico-sdk/sdk/2.2.0/src/rp2_common/pico_stdio_usb/reset_interface.c.o
                0x1000636c                desc_bos
 .rodata.str1.4
                0x1000638d       0x13 CMakeFiles/pico_temp_dh11.dir/home/mech/.pico-sdk/sdk/2.2.0/src/rp2_common/pico_stdio_usb/stdio_usb.c.o
 *fill*         0x1000638d        0x3 
 .rodata.__bi_202.0
                0x10006390        0xc CMakeFiles/pico_temp_dh11.dir/home/mech/.pico-sdk/sdk/2.2.0/src/rp2_common/pico_stdio_usb/stdio_usb.c.o
 .rodata.str1.4
                0x1000639c       0x2a CMakeFiles/pico_temp_dh11.dir/home/mech/.pico-sdk/sdk/2.2.0/src/rp2_common/pico_stdio_usb/stdio_usb_descriptors.c.o
 .rodata.usbd_desc_str
                0x1000639c       0x18 CMakeFiles/pico_temp_dh11.dir/home/mech/.pico-sdk/sdk/2.2.0/src/rp2_common/pico_stdio_usb/stdio_usb_descriptors.c.o
 .rodata.usbd_desc_cfg
                0x100063b4       0x54 CMakeFiles/pico_temp_dh11.dir/home/mech/.pico-sdk/sdk/2.2.0/src/rp2_common/pico_stdio_usb/stdio_usb_descriptors.c.o
 .rodata.usbd_desc_device
                0x10006408       0x12 CMakeFiles/pico_temp_dh11.dir/home/mech/.pico-sdk/sdk/2.2.0/src/rp2_common/pico_stdio_usb/stdio_usb_descriptors.c.o
 .rodata.str1.4
                0x1000641a       0x14 CMakeFiles/pico_temp_dh11.dir/home/mech/.pico-sdk/sdk/2.2.0/lib/tinyusb/src/portable/raspberrypi/rp2040/dcd_rp2040.c.o
 .rodata.str1.4
                0x1000641a       0x48 CMakeFiles/pico_temp_dh11.dir/home/mech/.pico-sdk/sdk/2.2.0/lib/tinyusb/src/portable/raspberrypi/rp2040/rp2040_usb.c.o
 *fill*         0x1000641a        0x2 
 .rodata._usbd_driver
                0x1000641c       0x40 CMakeFiles/pico_temp_dh11.dir/home/mech/.pico-sdk/sdk/2.2.0/lib/tinyusb/src/device/usbd.c.o
 *(.srodata*)
                0x1000645c                        . = ALIGN (0x4)
 *(SORT_BY_ALIGNMENT(SORT_BY_NAME(.flashdata*)))
                0x1000645c                        . = ALIGN (0x4)

.ARM.extab
 *(.ARM.extab* .gnu.linkonce.armextab.*)
                0x1000645c                        __exidx_start = .

.ARM.exidx      0x1000645c        0x8
 *(.ARM.exidx* .gnu.linkonce.armexidx.*)
 .ARM.exidx     0x1000645c        0x8 /home/mech/.pico-sdk/toolchain/14_2_Rel1/bin/../lib/gcc/arm-none-eabi/14.2.1/../../../../arm-none-eabi/lib/thumb/v8-m.main+fp/softfp/libg.a(libc_a-memcpy.o)
 .ARM.exidx.text.__udivmoddi4
                0x10006464        0x0 /home/mech/.pico-sdk/toolchain/14_2_Rel1/bin/../lib/gcc/arm-none-eabi/14.2.1/thumb/v8-m.main+fp/softfp/libgcc.a(_udivmoddi4.o)
                                  0x8 (size before relaxing)
                0x10006464                        __exidx_end = .
                0x10006464                        . = ALIGN (0x4)
                0x10006464                        __binary_info_start = .

.binary_info    0x10006464       0x24
 *(.binary_info.keep.*)
 .binary_info.keep.__bi_ptr84
                0x10006464        0x4 CMakeFiles/pico_temp_dh11.dir/home/mech/.pico-sdk/sdk/2.2.0/src/rp2_common/pico_standard_binary_info/standard_binary_info.c.o
 .binary_info.keep.__bi_ptr78
                0x10006468        0x4 CMakeFiles/pico_temp_dh11.dir/home/mech/.pico-sdk/sdk/2.2.0/src/rp2_common/pico_standard_binary_info/standard_binary_info.c.o
 .binary_info.keep.__bi_ptr60
                0x1000646c        0x4 CMakeFiles/pico_temp_dh11.dir/home/mech/.pico-sdk/sdk/2.2.0/src/rp2_common/pico_standard_binary_info/standard_binary_info.c.o
 .binary_info.keep.__bi_ptr54
                0x10006470        0x4 CMakeFiles/pico_temp_dh11.dir/home/mech/.pico-sdk/sdk/2.2.0/src/rp2_common/pico_standard_binary_info/standard_binary_info.c.o
 .binary_info.keep.__bi_ptr48
                0x10006474        0x4 CMakeFiles/pico_temp_dh11.dir/home/mech/.pico-sdk/sdk/2.2.0/src/rp2_common/pico_standard_binary_info/standard_binary_info.c.o
 .binary_info.keep.__bi_ptr42
                0x10006478        0x4 CMakeFiles/pico_temp_dh11.dir/home/mech/.pico-sdk/sdk/2.2.0/src/rp2_common/pico_standard_binary_info/standard_binary_info.c.o
 .binary_info.keep.__bi_ptr34
                0x1000647c        0x4 CMakeFiles/pico_temp_dh11.dir/home/mech/.pico-sdk/sdk/2.2.0/src/rp2_common/pico_standard_binary_info/standard_binary_info.c.o
 .binary_info.keep.__bi_ptr26
                0x10006480        0x4 CMakeFiles/pico_temp_dh11.dir/home/mech/.pico-sdk/sdk/2.2.0/src/rp2_common/pico_standard_binary_info/standard_binary_info.c.o
 *(.binary_info.*)
 .binary_info.__bi_ptr202
                0x10006484        0x4 CMakeFiles/pico_temp_dh11.dir/home/mech/.pico-sdk/sdk/2.2.0/src/rp2_common/pico_stdio_usb/stdio_usb.c.o
                0x10006488                        __binary_info_end = .
                0x10006488                        . = ALIGN (0x4)

.ram_vector_table
                0x20000000      0x110
 *(.ram_vector_table)
 .ram_vector_table
                0x20000000      0x110 CMakeFiles/pico_temp_dh11.dir/home/mech/.pico-sdk/sdk/2.2.0/src/rp2_common/pico_runtime_init/runtime_init.c.o
                0x20000000                ram_vector_table

.uninitialized_data
                0x20000110        0x0
                0x20000110                        . = ALIGN (0x4)
 *(.uninitialized_data*)

.data           0x20000110     0x148c load address 0x10006488
                0x20000110                        __data_start__ = .
 *(vtable)
 *(.time_critical*)
 .time_critical.mutex_try_enter
                0x20000110       0x50 CMakeFiles/pico_temp_dh11.dir/home/mech/.pico-sdk/sdk/2.2.0/src/common/pico_sync/mutex.c.o
                0x20000110                mutex_try_enter
 .time_critical.mutex_enter_block_until
                0x20000160       0x6c CMakeFiles/pico_temp_dh11.dir/home/mech/.pico-sdk/sdk/2.2.0/src/common/pico_sync/mutex.c.o
                0x20000160                mutex_enter_block_until
 .time_critical.mutex_try_enter_block_until
                0x200001cc       0x68 CMakeFiles/pico_temp_dh11.dir/home/mech/.pico-sdk/sdk/2.2.0/src/common/pico_sync/mutex.c.o
                0x200001cc                mutex_try_enter_block_until
 .time_critical.mutex_enter_timeout_ms
                0x20000234       0x38 CMakeFiles/pico_temp_dh11.dir/home/mech/.pico-sdk/sdk/2.2.0/src/common/pico_sync/mutex.c.o
                0x20000234                mutex_enter_timeout_ms
 .time_critical.mutex_exit
                0x2000026c       0x3c CMakeFiles/pico_temp_dh11.dir/home/mech/.pico-sdk/sdk/2.2.0/src/common/pico_sync/mutex.c.o
                0x2000026c                mutex_exit
 .time_critical.reset_non_control_endpoints
                0x200002a8       0x64 CMakeFiles/pico_temp_dh11.dir/home/mech/.pico-sdk/sdk/2.2.0/lib/tinyusb/src/portable/raspberrypi/rp2040/dcd_rp2040.c.o
 .time_critical.hw_handle_buff_status
                0x2000030c       0x90 CMakeFiles/pico_temp_dh11.dir/home/mech/.pico-sdk/sdk/2.2.0/lib/tinyusb/src/portable/raspberrypi/rp2040/dcd_rp2040.c.o
 .time_critical.dcd_rp2040_irq
                0x2000039c      0x530 CMakeFiles/pico_temp_dh11.dir/home/mech/.pico-sdk/sdk/2.2.0/lib/tinyusb/src/portable/raspberrypi/rp2040/dcd_rp2040.c.o
 .time_critical.prepare_ep_buffer
                0x200008cc       0xc0 CMakeFiles/pico_temp_dh11.dir/home/mech/.pico-sdk/sdk/2.2.0/lib/tinyusb/src/portable/raspberrypi/rp2040/rp2040_usb.c.o
 .time_critical.sync_ep_buffer
                0x2000098c       0xb4 CMakeFiles/pico_temp_dh11.dir/home/mech/.pico-sdk/sdk/2.2.0/lib/tinyusb/src/portable/raspberrypi/rp2040/rp2040_usb.c.o
 .time_critical._hw_endpoint_xfer_sync
                0x20000a40       0x2c CMakeFiles/pico_temp_dh11.dir/home/mech/.pico-sdk/sdk/2.2.0/lib/tinyusb/src/portable/raspberrypi/rp2040/rp2040_usb.c.o
 .time_critical.e15_is_bulkin_ep
                0x20000a6c       0x28 CMakeFiles/pico_temp_dh11.dir/home/mech/.pico-sdk/sdk/2.2.0/lib/tinyusb/src/portable/raspberrypi/rp2040/rp2040_usb.c.o
 .time_critical.e15_is_critical_frame_period
                0x20000a94       0x28 CMakeFiles/pico_temp_dh11.dir/home/mech/.pico-sdk/sdk/2.2.0/lib/tinyusb/src/portable/raspberrypi/rp2040/rp2040_usb.c.o
 .time_critical.hw_endpoint_reset_transfer
                0x20000abc        0xc CMakeFiles/pico_temp_dh11.dir/home/mech/.pico-sdk/sdk/2.2.0/lib/tinyusb/src/portable/raspberrypi/rp2040/rp2040_usb.c.o
                0x20000abc                hw_endpoint_reset_transfer
 .time_critical._hw_endpoint_buffer_control_update32
                0x20000ac8       0x44 CMakeFiles/pico_temp_dh11.dir/home/mech/.pico-sdk/sdk/2.2.0/lib/tinyusb/src/portable/raspberrypi/rp2040/rp2040_usb.c.o
                0x20000ac8                _hw_endpoint_buffer_control_update32
 .time_critical.hw_endpoint_start_next_buffer
                0x20000b0c       0x64 CMakeFiles/pico_temp_dh11.dir/home/mech/.pico-sdk/sdk/2.2.0/lib/tinyusb/src/portable/raspberrypi/rp2040/rp2040_usb.c.o
                0x20000b0c                hw_endpoint_start_next_buffer
 .time_critical.hw_endpoint_xfer_continue
                0x20000b70       0x3c CMakeFiles/pico_temp_dh11.dir/home/mech/.pico-sdk/sdk/2.2.0/lib/tinyusb/src/portable/raspberrypi/rp2040/rp2040_usb.c.o
                0x20000b70                hw_endpoint_xfer_continue
 .time_critical.tinyusb
                0x20000bac      0x224 CMakeFiles/pico_temp_dh11.dir/home/mech/.pico-sdk/sdk/2.2.0/lib/tinyusb/src/device/usbd.c.o
                0x20000bac                dcd_event_handler
 *(.text*)
 .text          0x20000dd0      0x378 /home/mech/.pico-sdk/toolchain/14_2_Rel1/bin/../lib/gcc/arm-none-eabi/14.2.1/thumb/v8-m.main+fp/softfp/libgcc.a(_arm_addsubdf3.o)
                0x20000dd0                __aeabi_drsub
                0x20000dd8                __aeabi_dsub
                0x20000dd8                __subdf3
                0x20000ddc                __adddf3
                0x20000ddc                __aeabi_dadd
                0x20001054                __aeabi_ui2d
                0x20001054                __floatunsidf
                0x20001074                __floatsidf
                0x20001074                __aeabi_i2d
                0x20001098                __extendsfdf2
                0x20001098                __aeabi_f2d
                0x200010dc                __aeabi_ul2d
                0x200010dc                __floatundidf
                0x200010ec                __floatdidf
                0x200010ec                __aeabi_l2d
 .text          0x20001148       0x30 /home/mech/.pico-sdk/toolchain/14_2_Rel1/bin/../lib/gcc/arm-none-eabi/14.2.1/thumb/v8-m.main+fp/softfp/libgcc.a(_aeabi_uldivmod.o)
                0x20001148                __aeabi_uldivmod
 .text.__udivmoddi4
                0x20001178      0x34c /home/mech/.pico-sdk/toolchain/14_2_Rel1/bin/../lib/gcc/arm-none-eabi/14.2.1/thumb/v8-m.main+fp/softfp/libgcc.a(_udivmoddi4.o)
                0x20001178                __udivmoddi4
 .text          0x200014c4        0x4 /home/mech/.pico-sdk/toolchain/14_2_Rel1/bin/../lib/gcc/arm-none-eabi/14.2.1/thumb/v8-m.main+fp/softfp/libgcc.a(_dvmd_tls.o)
                0x200014c4                __aeabi_ldiv0
                0x200014c4                __aeabi_idiv0
 .text.__stub   0x200014c8       0x30 linker stubs
                0x200014f8                        . = ALIGN (0x4)
 *(.rodata*)
                0x200014f8                        . = ALIGN (0x4)
 *(.data*)
 .data.striped_spin_lock_num
                0x200014f8        0x1 CMakeFiles/pico_temp_dh11.dir/home/mech/.pico-sdk/sdk/2.2.0/src/rp2_common/hardware_sync/sync.c.o
 *fill*         0x200014f9        0x3 
 .data          0x200014fc       0x48 CMakeFiles/pico_temp_dh11.dir/home/mech/.pico-sdk/sdk/2.2.0/src/rp2_common/hardware_irq/irq_handler_chain.S.o
                0x200014fc                irq_handler_chain_slots
                0x2000152c                irq_handler_chain_first_slot
                0x20001536                irq_handler_chain_remove_tail
 .data.default_alarm_pool
                0x20001544       0x18 CMakeFiles/pico_temp_dh11.dir/home/mech/.pico-sdk/sdk/2.2.0/src/common/pico_time/time.c.o
 .data.stdio_usb
                0x2000155c       0x18 CMakeFiles/pico_temp_dh11.dir/home/mech/.pico-sdk/sdk/2.2.0/src/rp2_common/pico_stdio_usb/stdio_usb.c.o
                0x2000155c                stdio_usb
 .data._usbd_qdef
                0x20001574       0x1c CMakeFiles/pico_temp_dh11.dir/home/mech/.pico-sdk/sdk/2.2.0/lib/tinyusb/src/device/usbd.c.o
                0x20001574                _usbd_qdef
 .data._usbd_rhport
                0x20001590        0x1 CMakeFiles/pico_temp_dh11.dir/home/mech/.pico-sdk/sdk/2.2.0/lib/tinyusb/src/device/usbd.c.o
 *(.sdata*)
                0x20001594                        . = ALIGN (0x4)
 *fill*         0x20001591        0x3 
 *(.after_data.*)
                0x20001594                        . = ALIGN (0x4)
                0x20001594                        PROVIDE (__mutex_array_start = .)
 *(SORT_BY_NAME(.mutex_array.*))
 *(.mutex_array)
 .mutex_array   0x20001594        0x8 CMakeFiles/pico_temp_dh11.dir/home/mech/.pico-sdk/sdk/2.2.0/src/rp2_common/pico_stdio/stdio.c.o
                0x2000159c                        PROVIDE (__mutex_array_end = .)
 *(.jcr)
                0x2000159c                        . = ALIGN (0x4)

.tm_clone_table
                0x2000159c        0x0 load address 0x10007914
 .tm_clone_table
                0x2000159c        0x0 /home/mech/.pico-sdk/toolchain/14_2_Rel1/bin/../lib/gcc/arm-none-eabi/14.2.1/thumb/v8-m.main+fp/softfp/crtbegin.o
 .tm_clone_table
                0x2000159c        0x0 /home/mech/.pico-sdk/toolchain/14_2_Rel1/bin/../lib/gcc/arm-none-eabi/14.2.1/thumb/v8-m.main+fp/softfp/crtend.o

.igot.plt       0x2000159c        0x0 load address 0x10007914
 .igot.plt      0x2000159c        0x0 /home/mech/.pico-sdk/toolchain/14_2_Rel1/bin/../lib/gcc/arm-none-eabi/14.2.1/thumb/v8-m.main+fp/softfp/crtbegin.o

.tdata          0x2000159c        0x0 load address 0x10007914
                0x2000159c                        . = ALIGN (0x4)
 *(.tdata .tdata.* .gnu.linkonce.td.*)
                0x2000159c                        __tdata_end = .
                0x2000159c                        PROVIDE (__data_end__ = .)
                0x10006488                        __etext = LOADADDR (.data)

.tbss           0x2000159c        0x0 load address 0x10007914
                0x2000159c                        . = ALIGN (0x4)
                0x2000159c                        __bss_start__ = .
                0x2000159c                        __tls_base = .
 *(.tbss .tbss.* .gnu.linkonce.tb.*)
 *(.tcommon)
                0x2000159c                        __tls_end = .

.bss            0x200015a0      0xc28 load address 0x10007914
                0x200015a0                        . = ALIGN (0x4)
                0x200015a0                        __tbss_end = .
 *(SORT_BY_ALIGNMENT(SORT_BY_NAME(.bss*)))
 .bss.default_alarm_pool_entries
                0x200015a0      0x180 CMakeFiles/pico_temp_dh11.dir/home/mech/.pico-sdk/sdk/2.2.0/src/common/pico_time/time.c.o
 .bss.last_avail_time.1
                0x20001720        0x8 CMakeFiles/pico_temp_dh11.dir/home/mech/.pico-sdk/sdk/2.2.0/src/rp2_common/pico_stdio_usb/stdio_usb.c.o
 .bss._app_driver
                0x20001728        0x4 CMakeFiles/pico_temp_dh11.dir/home/mech/.pico-sdk/sdk/2.2.0/lib/tinyusb/src/device/usbd.c.o
 .bss._cdcd_epbuf
                0x2000172c       0x80 CMakeFiles/pico_temp_dh11.dir/home/mech/.pico-sdk/sdk/2.2.0/lib/tinyusb/src/class/cdc/cdc_device.c.o
 .bss._cdcd_fifo_cfg
                0x200017ac        0x1 CMakeFiles/pico_temp_dh11.dir/home/mech/.pico-sdk/sdk/2.2.0/lib/tinyusb/src/class/cdc/cdc_device.c.o
 *fill*         0x200017ad        0x3 
 .bss._cdcd_itf
                0x200017b0       0xc8 CMakeFiles/pico_temp_dh11.dir/home/mech/.pico-sdk/sdk/2.2.0/lib/tinyusb/src/class/cdc/cdc_device.c.o
 .bss._ctrl_epbuf
                0x20001878       0x40 CMakeFiles/pico_temp_dh11.dir/home/mech/.pico-sdk/sdk/2.2.0/lib/tinyusb/src/device/usbd_control.c.o
 .bss._ctrl_xfer
                0x200018b8       0x14 CMakeFiles/pico_temp_dh11.dir/home/mech/.pico-sdk/sdk/2.2.0/lib/tinyusb/src/device/usbd_control.c.o
 .bss._sw_spin_locks
                0x200018cc       0x20 CMakeFiles/pico_temp_dh11.dir/home/mech/.pico-sdk/sdk/2.2.0/src/rp2_common/hardware_sync_spin_lock/sync_spin_lock.c.o
                0x200018cc                _sw_spin_locks
 .bss._tusb_rhport_role
                0x200018ec        0x2 CMakeFiles/pico_temp_dh11.dir/home/mech/.pico-sdk/sdk/2.2.0/lib/tinyusb/src/tusb.c.o
                0x200018ec                _tusb_rhport_role
 *fill*         0x200018ee        0x2 
 .bss._ubsd_mutexdef
                0x200018f0        0x8 CMakeFiles/pico_temp_dh11.dir/home/mech/.pico-sdk/sdk/2.2.0/lib/tinyusb/src/device/usbd.c.o
 .bss._usbd_dev
                0x200018f8       0x54 CMakeFiles/pico_temp_dh11.dir/home/mech/.pico-sdk/sdk/2.2.0/lib/tinyusb/src/device/usbd.c.o
 .bss._usbd_mutex
                0x2000194c        0x4 CMakeFiles/pico_temp_dh11.dir/home/mech/.pico-sdk/sdk/2.2.0/lib/tinyusb/src/device/usbd.c.o
 .bss._usbd_q   0x20001950        0x4 CMakeFiles/pico_temp_dh11.dir/home/mech/.pico-sdk/sdk/2.2.0/lib/tinyusb/src/device/usbd.c.o
 .bss._usbd_qdef_buf
                0x20001954       0xc0 CMakeFiles/pico_temp_dh11.dir/home/mech/.pico-sdk/sdk/2.2.0/lib/tinyusb/src/device/usbd.c.o
                0x20001954                _usbd_qdef_buf
 .bss._vendord_epbuf
                0x20001a14       0x80 CMakeFiles/pico_temp_dh11.dir/home/mech/.pico-sdk/sdk/2.2.0/lib/tinyusb/src/class/vendor/vendor_device.c.o
 .bss._vendord_itf
                0x20001a94      0x24c CMakeFiles/pico_temp_dh11.dir/home/mech/.pico-sdk/sdk/2.2.0/lib/tinyusb/src/class/vendor/vendor_device.c.o
 .bss.chars_available_callback
                0x20001ce0        0x4 CMakeFiles/pico_temp_dh11.dir/home/mech/.pico-sdk/sdk/2.2.0/src/rp2_common/pico_stdio_usb/stdio_usb.c.o
 .bss.chars_available_param
                0x20001ce4        0x4 CMakeFiles/pico_temp_dh11.dir/home/mech/.pico-sdk/sdk/2.2.0/src/rp2_common/pico_stdio_usb/stdio_usb.c.o
 .bss.claimed   0x20001ce8        0x4 CMakeFiles/pico_temp_dh11.dir/home/mech/.pico-sdk/sdk/2.2.0/src/rp2_common/hardware_sync/sync.c.o
 .bss.claimed   0x20001cec        0x2 CMakeFiles/pico_temp_dh11.dir/home/mech/.pico-sdk/sdk/2.2.0/src/rp2_common/hardware_timer/timer.c.o
 *fill*         0x20001cee        0x2 
 .bss.configured_freq
                0x20001cf0       0x28 CMakeFiles/pico_temp_dh11.dir/home/mech/.pico-sdk/sdk/2.2.0/src/rp2_common/hardware_clocks/clocks.c.o
 .bss.desc_str.0
                0x20001d18       0x28 CMakeFiles/pico_temp_dh11.dir/home/mech/.pico-sdk/sdk/2.2.0/src/rp2_common/pico_stdio_usb/stdio_usb_descriptors.c.o
 .bss.drivers   0x20001d40        0x4 CMakeFiles/pico_temp_dh11.dir/home/mech/.pico-sdk/sdk/2.2.0/src/rp2_common/pico_stdio/stdio.c.o
 .bss.e15_last_sof
                0x20001d44        0x4 CMakeFiles/pico_temp_dh11.dir/home/mech/.pico-sdk/sdk/2.2.0/lib/tinyusb/src/portable/raspberrypi/rp2040/rp2040_usb.c.o
                0x20001d44                e15_last_sof
 .bss.filter    0x20001d48        0x4 CMakeFiles/pico_temp_dh11.dir/home/mech/.pico-sdk/sdk/2.2.0/src/rp2_common/pico_stdio/stdio.c.o
 .bss.hw_endpoints
                0x20001d4c      0x400 CMakeFiles/pico_temp_dh11.dir/home/mech/.pico-sdk/sdk/2.2.0/lib/tinyusb/src/portable/raspberrypi/rp2040/dcd_rp2040.c.o
 .bss.lazy_vsnprintf
                0x2000214c        0x4 CMakeFiles/pico_temp_dh11.dir/home/mech/.pico-sdk/sdk/2.2.0/src/rp2_common/pico_printf/printf.c.o
 .bss.load_value
                0x20002150        0x4 CMakeFiles/pico_temp_dh11.dir/home/mech/.pico-sdk/sdk/2.2.0/src/rp2_common/hardware_watchdog/watchdog.c.o
 .bss.next_buffer_ptr
                0x20002154        0x4 CMakeFiles/pico_temp_dh11.dir/home/mech/.pico-sdk/sdk/2.2.0/lib/tinyusb/src/portable/raspberrypi/rp2040/dcd_rp2040.c.o
 .bss.object.0  0x20002158       0x18 /home/mech/.pico-sdk/toolchain/14_2_Rel1/bin/../lib/gcc/arm-none-eabi/14.2.1/thumb/v8-m.main+fp/softfp/crtbegin.o
 .bss.one_shot_timer_crit_sec
                0x20002170        0x8 CMakeFiles/pico_temp_dh11.dir/home/mech/.pico-sdk/sdk/2.2.0/src/rp2_common/pico_stdio_usb/stdio_usb.c.o
 .bss.pools     0x20002178       0x20 CMakeFiles/pico_temp_dh11.dir/home/mech/.pico-sdk/sdk/2.2.0/src/common/pico_time/time.c.o
 .bss.retrieved_id
                0x20002198        0x8 CMakeFiles/pico_temp_dh11.dir/home/mech/.pico-sdk/sdk/2.2.0/src/rp2_common/pico_unique_id/unique_id.c.o
 .bss.sleep_notifier
                0x200021a0        0x4 CMakeFiles/pico_temp_dh11.dir/home/mech/.pico-sdk/sdk/2.2.0/src/common/pico_time/time.c.o
 .bss.stdio_usb_mutex
                0x200021a4        0x8 CMakeFiles/pico_temp_dh11.dir/home/mech/.pico-sdk/sdk/2.2.0/src/rp2_common/pico_stdio_usb/stdio_usb.c.o
 .bss.usbd_serial_str
                0x200021ac       0x11 CMakeFiles/pico_temp_dh11.dir/home/mech/.pico-sdk/sdk/2.2.0/src/rp2_common/pico_stdio_usb/stdio_usb_descriptors.c.o
 .bss._app_driver_count
                0x200021bd        0x1 CMakeFiles/pico_temp_dh11.dir/home/mech/.pico-sdk/sdk/2.2.0/lib/tinyusb/src/device/usbd.c.o
 .bss._sof_enable
                0x200021be        0x1 CMakeFiles/pico_temp_dh11.dir/home/mech/.pico-sdk/sdk/2.2.0/lib/tinyusb/src/portable/raspberrypi/rp2040/dcd_rp2040.c.o
 .bss._usbd_queued_setup
                0x200021bf        0x1 CMakeFiles/pico_temp_dh11.dir/home/mech/.pico-sdk/sdk/2.2.0/lib/tinyusb/src/device/usbd.c.o
 .bss.irq_handler_chain_free_slot_head
                0x200021c0        0x1 CMakeFiles/pico_temp_dh11.dir/home/mech/.pico-sdk/sdk/2.2.0/src/rp2_common/hardware_irq/irq.c.o
 .bss.itf_num   0x200021c1        0x1 CMakeFiles/pico_temp_dh11.dir/home/mech/.pico-sdk/sdk/2.2.0/src/rp2_common/pico_stdio_usb/reset_interface.c.o
 .bss.low_priority_irq_num
                0x200021c2        0x1 CMakeFiles/pico_temp_dh11.dir/home/mech/.pico-sdk/sdk/2.2.0/src/rp2_common/pico_stdio_usb/stdio_usb.c.o
 .bss.one_shot_timer_pending
                0x200021c3        0x1 CMakeFiles/pico_temp_dh11.dir/home/mech/.pico-sdk/sdk/2.2.0/src/rp2_common/pico_stdio_usb/stdio_usb.c.o
 .bss.user_irq_claimed
                0x200021c4        0x1 CMakeFiles/pico_temp_dh11.dir/home/mech/.pico-sdk/sdk/2.2.0/src/rp2_common/hardware_irq/irq.c.o
 *(COMMON)
                [!provide]                        PROVIDE (__global_pointer$ = (. + 0x800))
 *(.sbss*)
                0x200021c8                        . = ALIGN (0x4)
 *fill*         0x200021c5        0x3 
                0x200021c8                        __bss_end__ = .

.heap           0x200021c8      0x800 load address 0x10007914
                0x200021c8                        __end__ = .
                0x200021c8                        end = __end__
 *(.heap*)
 .heap          0x200021c8      0x800 CMakeFiles/pico_temp_dh11.dir/home/mech/.pico-sdk/sdk/2.2.0/src/rp2_common/pico_crt0/crt0.S.o
                0x20080000                        __HeapLimit = (ORIGIN (RAM) + LENGTH (RAM))

.scratch_x      0x20080000        0x0 load address 0x10007914
                0x20080000                        __scratch_x_start__ = .
 *(.scratch_x.*)
                0x20080000                        . = ALIGN (0x4)
                0x20080000                        __scratch_x_end__ = .
                0x10007914                        __scratch_x_source__ = LOADADDR (.scratch_x)

.scratch_y      0x20081000        0x0 load address 0x10007914
                0x20081000                        __scratch_y_start__ = .
 *(.scratch_y.*)
                0x20081000                        . = ALIGN (0x4)
                0x20081000                        __scratch_y_end__ = .
                0x10007914                        __scratch_y_source__ = LOADADDR (.scratch_y)

.stack1_dummy
 *(.stack1*)

.stack_dummy    0x20081000      0x800
 *(.stack*)
 .stack         0x20081000      0x800 CMakeFiles/pico_temp_dh11.dir/home/mech/.pico-sdk/sdk/2.2.0/src/rp2_common/pico_crt0/crt0.S.o

.flash_end      0x10007914       0x14
 *(.embedded_end_block*)
 .embedded_end_block
                0x10007914       0x14 CMakeFiles/pico_temp_dh11.dir/home/mech/.pico-sdk/sdk/2.2.0/src/rp2_common/pico_crt0/crt0.S.o
                0x10007928                        PROVIDE (__flash_binary_end = .)
                0x20080000                        __StackLimit = (ORIGIN (RAM) + LENGTH (RAM))
                0x20081000                        __StackOneTop = (ORIGIN (SCRATCH_X) + LENGTH (SCRATCH_X))
                0x20082000                        __StackTop = (ORIGIN (SCRATCH_Y) + LENGTH (SCRATCH_Y))
                0x20081000                        __StackOneBottom = (__StackOneTop - SIZEOF (.stack1_dummy))
                0x20081800                        __StackBottom = (__StackTop - SIZEOF (.stack_dummy))
                0x20082000                        PROVIDE (__stack = __StackTop)
                [!provide]                        PROVIDE (__heap_start = __end__)
                [!provide]                        PROVIDE (__heap_end = __HeapLimit)
                [!provide]                        PROVIDE (__tls_align = MAX (ALIGNOF (.tdata), ALIGNOF (.tbss)))
                [!provide]                        PROVIDE (__tls_size_align = (((__tls_size + __tls_align) - 0x1) & ~ ((__tls_align - 0x1))))
                [!provide]                        PROVIDE (__arm32_tls_tcb_offset = MAX (0x8, __tls_align))
                [!provide]                        PROVIDE (_end = __end__)
                [!provide]                        PROVIDE (__llvm_libc_heap_limit = __HeapLimit)
                0x00000001                        ASSERT ((__StackLimit >= __HeapLimit), region RAM overflowed)
                0x00000001                        ASSERT (((__binary_info_header_end - __logical_binary_start) <= 0x400), Binary info must be in first 1024 bytes of the binary)
                0x00000001                        ASSERT (((__embedded_block_end - __logical_binary_start) <= 0x1000), Embedded block must be in first 4096 bytes of the binary)
LOAD CMakeFiles/pico_temp_dh11.dir/pico_temp_dh11.c.o
LOAD CMakeFiles/pico_temp_dh11.dir/home/mech/.pico-sdk/sdk/2.2.0/src/rp2_common/pico_stdlib/stdlib.c.o
LOAD CMakeFiles/pico_temp_dh11.dir/home/mech/.pico-sdk/sdk/2.2.0/src/rp2_common/hardware_gpio/gpio.c.o
LOAD CMakeFiles/pico_temp_dh11.dir/home/mech/.pico-sdk/sdk/2.2.0/src/rp2350/pico_platform/platform.c.o
LOAD CMakeFiles/pico_temp_dh11.dir/home/mech/.pico-sdk/sdk/2.2.0/src/rp2_common/pico_platform_common/common.c.o
LOAD CMakeFiles/pico_temp_dh11.dir/home/mech/.pico-sdk/sdk/2.2.0/src/rp2_common/pico_platform_panic/panic.c.o
LOAD CMakeFiles/pico_temp_dh11.dir/home/mech/.pico-sdk/sdk/2.2.0/src/common/hardware_claim/claim.c.o
LOAD CMakeFiles/pico_temp_dh11.dir/home/mech/.pico-sdk/sdk/2.2.0/src/rp2_common/hardware_sync/sync.c.o
LOAD CMakeFiles/pico_temp_dh11.dir/home/mech/.pico-sdk/sdk/2.2.0/src/rp2_common/hardware_sync_spin_lock/sync_spin_lock.c.o
LOAD CMakeFiles/pico_temp_dh11.dir/home/mech/.pico-sdk/sdk/2.2.0/src/rp2_common/hardware_irq/irq.c.o
LOAD CMakeFiles/pico_temp_dh11.dir/home/mech/.pico-sdk/sdk/2.2.0/src/rp2_common/hardware_irq/irq_handler_chain.S.o
LOAD CMakeFiles/pico_temp_dh11.dir/home/mech/.pico-sdk/sdk/2.2.0/src/common/pico_sync/sem.c.o
LOAD CMakeFiles/pico_temp_dh11.dir/home/mech/.pico-sdk/sdk/2.2.0/src/common/pico_sync/lock_core.c.o
LOAD CMakeFiles/pico_temp_dh11.dir/home/mech/.pico-sdk/sdk/2.2.0/src/common/pico_sync/mutex.c.o
LOAD CMakeFiles/pico_temp_dh11.dir/home/mech/.pico-sdk/sdk/2.2.0/src/common/pico_sync/critical_section.c.o
LOAD CMakeFiles/pico_temp_dh11.dir/home/mech/.pico-sdk/sdk/2.2.0/src/common/pico_time/time.c.o
LOAD CMakeFiles/pico_temp_dh11.dir/home/mech/.pico-sdk/sdk/2.2.0/src/common/pico_time/timeout_helper.c.o
LOAD CMakeFiles/pico_temp_dh11.dir/home/mech/.pico-sdk/sdk/2.2.0/src/rp2_common/hardware_timer/timer.c.o
LOAD CMakeFiles/pico_temp_dh11.dir/home/mech/.pico-sdk/sdk/2.2.0/src/common/pico_util/datetime.c.o
LOAD CMakeFiles/pico_temp_dh11.dir/home/mech/.pico-sdk/sdk/2.2.0/src/common/pico_util/pheap.c.o
LOAD CMakeFiles/pico_temp_dh11.dir/home/mech/.pico-sdk/sdk/2.2.0/src/common/pico_util/queue.c.o
LOAD CMakeFiles/pico_temp_dh11.dir/home/mech/.pico-sdk/sdk/2.2.0/src/rp2_common/hardware_uart/uart.c.o
LOAD CMakeFiles/pico_temp_dh11.dir/home/mech/.pico-sdk/sdk/2.2.0/src/rp2_common/hardware_clocks/clocks.c.o
LOAD CMakeFiles/pico_temp_dh11.dir/home/mech/.pico-sdk/sdk/2.2.0/src/rp2_common/hardware_pll/pll.c.o
LOAD CMakeFiles/pico_temp_dh11.dir/home/mech/.pico-sdk/sdk/2.2.0/src/rp2_common/hardware_vreg/vreg.c.o
LOAD CMakeFiles/pico_temp_dh11.dir/home/mech/.pico-sdk/sdk/2.2.0/src/rp2_common/hardware_watchdog/watchdog.c.o
LOAD CMakeFiles/pico_temp_dh11.dir/home/mech/.pico-sdk/sdk/2.2.0/src/rp2_common/hardware_ticks/ticks.c.o
LOAD CMakeFiles/pico_temp_dh11.dir/home/mech/.pico-sdk/sdk/2.2.0/src/rp2_common/pico_bootrom/bootrom.c.o
LOAD CMakeFiles/pico_temp_dh11.dir/home/mech/.pico-sdk/sdk/2.2.0/src/rp2_common/pico_bootrom/bootrom_lock.c.o
LOAD CMakeFiles/pico_temp_dh11.dir/home/mech/.pico-sdk/sdk/2.2.0/src/rp2_common/hardware_boot_lock/boot_lock.c.o
LOAD CMakeFiles/pico_temp_dh11.dir/home/mech/.pico-sdk/sdk/2.2.0/src/rp2_common/pico_flash/flash.c.o
LOAD CMakeFiles/pico_temp_dh11.dir/home/mech/.pico-sdk/sdk/2.2.0/src/rp2_common/hardware_xosc/xosc.c.o
LOAD CMakeFiles/pico_temp_dh11.dir/home/mech/.pico-sdk/sdk/2.2.0/src/rp2_common/hardware_divider/divider.c.o
LOAD CMakeFiles/pico_temp_dh11.dir/home/mech/.pico-sdk/sdk/2.2.0/src/rp2_common/pico_runtime/runtime.c.o
LOAD CMakeFiles/pico_temp_dh11.dir/home/mech/.pico-sdk/sdk/2.2.0/src/rp2_common/pico_runtime_init/runtime_init.c.o
LOAD CMakeFiles/pico_temp_dh11.dir/home/mech/.pico-sdk/sdk/2.2.0/src/rp2_common/pico_runtime_init/runtime_init_clocks.c.o
LOAD CMakeFiles/pico_temp_dh11.dir/home/mech/.pico-sdk/sdk/2.2.0/src/rp2_common/pico_runtime_init/runtime_init_stack_guard.c.o
LOAD CMakeFiles/pico_temp_dh11.dir/home/mech/.pico-sdk/sdk/2.2.0/src/rp2_common/pico_bit_ops/bit_ops_aeabi.S.o
LOAD CMakeFiles/pico_temp_dh11.dir/home/mech/.pico-sdk/sdk/2.2.0/src/rp2_common/pico_divider/divider_compiler.c.o
LOAD CMakeFiles/pico_temp_dh11.dir/home/mech/.pico-sdk/sdk/2.2.0/src/rp2_common/pico_double/double_math.c.o
LOAD CMakeFiles/pico_temp_dh11.dir/home/mech/.pico-sdk/sdk/2.2.0/src/rp2_common/pico_double/double_aeabi_dcp.S.o
LOAD CMakeFiles/pico_temp_dh11.dir/home/mech/.pico-sdk/sdk/2.2.0/src/rp2_common/pico_double/double_fma_dcp.S.o
LOAD CMakeFiles/pico_temp_dh11.dir/home/mech/.pico-sdk/sdk/2.2.0/src/rp2_common/pico_double/double_sci_m33.S.o
LOAD CMakeFiles/pico_temp_dh11.dir/home/mech/.pico-sdk/sdk/2.2.0/src/rp2_common/pico_double/double_conv_m33.S.o
LOAD CMakeFiles/pico_temp_dh11.dir/home/mech/.pico-sdk/sdk/2.2.0/src/rp2_common/pico_float/float_math.c.o
LOAD CMakeFiles/pico_temp_dh11.dir/home/mech/.pico-sdk/sdk/2.2.0/src/rp2_common/pico_float/float_conv32_vfp.S.o
LOAD CMakeFiles/pico_temp_dh11.dir/home/mech/.pico-sdk/sdk/2.2.0/src/rp2_common/pico_float/float_common_m33.S.o
LOAD CMakeFiles/pico_temp_dh11.dir/home/mech/.pico-sdk/sdk/2.2.0/src/rp2_common/pico_float/float_sci_m33_vfp.S.o
LOAD CMakeFiles/pico_temp_dh11.dir/home/mech/.pico-sdk/sdk/2.2.0/src/rp2_common/pico_malloc/malloc.c.o
LOAD CMakeFiles/pico_temp_dh11.dir/home/mech/.pico-sdk/sdk/2.2.0/src/rp2_common/pico_atomic/atomic.c.o
LOAD CMakeFiles/pico_temp_dh11.dir/home/mech/.pico-sdk/sdk/2.2.0/src/rp2_common/pico_cxx_options/new_delete.cpp.o
LOAD CMakeFiles/pico_temp_dh11.dir/home/mech/.pico-sdk/sdk/2.2.0/src/rp2_common/pico_standard_binary_info/standard_binary_info.c.o
LOAD CMakeFiles/pico_temp_dh11.dir/home/mech/.pico-sdk/sdk/2.2.0/src/rp2_common/pico_printf/printf.c.o
LOAD CMakeFiles/pico_temp_dh11.dir/home/mech/.pico-sdk/sdk/2.2.0/src/rp2_common/pico_crt0/crt0.S.o
LOAD CMakeFiles/pico_temp_dh11.dir/home/mech/.pico-sdk/sdk/2.2.0/src/rp2_common/pico_clib_interface/newlib_interface.c.o
LOAD CMakeFiles/pico_temp_dh11.dir/home/mech/.pico-sdk/sdk/2.2.0/src/rp2_common/pico_stdio/stdio.c.o
LOAD CMakeFiles/pico_temp_dh11.dir/home/mech/.pico-sdk/sdk/2.2.0/src/rp2_common/pico_stdio_usb/reset_interface.c.o
LOAD CMakeFiles/pico_temp_dh11.dir/home/mech/.pico-sdk/sdk/2.2.0/src/rp2_common/pico_stdio_usb/stdio_usb.c.o
LOAD CMakeFiles/pico_temp_dh11.dir/home/mech/.pico-sdk/sdk/2.2.0/src/rp2_common/pico_stdio_usb/stdio_usb_descriptors.c.o
LOAD CMakeFiles/pico_temp_dh11.dir/home/mech/.pico-sdk/sdk/2.2.0/src/rp2_common/pico_unique_id/unique_id.c.o
LOAD CMakeFiles/pico_temp_dh11.dir/home/mech/.pico-sdk/sdk/2.2.0/src/rp2_common/hardware_flash/flash.c.o
LOAD CMakeFiles/pico_temp_dh11.dir/home/mech/.pico-sdk/sdk/2.2.0/src/rp2_common/hardware_xip_cache/xip_cache.c.o
LOAD CMakeFiles/pico_temp_dh11.dir/home/mech/.pico-sdk/sdk/2.2.0/lib/tinyusb/src/portable/raspberrypi/rp2040/dcd_rp2040.c.o
LOAD CMakeFiles/pico_temp_dh11.dir/home/mech/.pico-sdk/sdk/2.2.0/lib/tinyusb/src/portable/raspberrypi/rp2040/rp2040_usb.c.o
LOAD CMakeFiles/pico_temp_dh11.dir/home/mech/.pico-sdk/sdk/2.2.0/lib/tinyusb/src/device/usbd.c.o
LOAD CMakeFiles/pico_temp_dh11.dir/home/mech/.pico-sdk/sdk/2.2.0/lib/tinyusb/src/device/usbd_control.c.o
LOAD CMakeFiles/pico_temp_dh11.dir/home/mech/.pico-sdk/sdk/2.2.0/lib/tinyusb/src/class/audio/audio_device.c.o
LOAD CMakeFiles/pico_temp_dh11.dir/home/mech/.pico-sdk/sdk/2.2.0/lib/tinyusb/src/class/cdc/cdc_device.c.o
LOAD CMakeFiles/pico_temp_dh11.dir/home/mech/.pico-sdk/sdk/2.2.0/lib/tinyusb/src/class/dfu/dfu_device.c.o
LOAD CMakeFiles/pico_temp_dh11.dir/home/mech/.pico-sdk/sdk/2.2.0/lib/tinyusb/src/class/dfu/dfu_rt_device.c.o
LOAD CMakeFiles/pico_temp_dh11.dir/home/mech/.pico-sdk/sdk/2.2.0/lib/tinyusb/src/class/hid/hid_device.c.o
LOAD CMakeFiles/pico_temp_dh11.dir/home/mech/.pico-sdk/sdk/2.2.0/lib/tinyusb/src/class/midi/midi_device.c.o
LOAD CMakeFiles/pico_temp_dh11.dir/home/mech/.pico-sdk/sdk/2.2.0/lib/tinyusb/src/class/msc/msc_device.c.o
LOAD CMakeFiles/pico_temp_dh11.dir/home/mech/.pico-sdk/sdk/2.2.0/lib/tinyusb/src/class/net/ecm_rndis_device.c.o
LOAD CMakeFiles/pico_temp_dh11.dir/home/mech/.pico-sdk/sdk/2.2.0/lib/tinyusb/src/class/net/ncm_device.c.o
LOAD CMakeFiles/pico_temp_dh11.dir/home/mech/.pico-sdk/sdk/2.2.0/lib/tinyusb/src/class/usbtmc/usbtmc_device.c.o
LOAD CMakeFiles/pico_temp_dh11.dir/home/mech/.pico-sdk/sdk/2.2.0/lib/tinyusb/src/class/vendor/vendor_device.c.o
LOAD CMakeFiles/pico_temp_dh11.dir/home/mech/.pico-sdk/sdk/2.2.0/lib/tinyusb/src/class/video/video_device.c.o