Archive member included to satisfy reference by file (symbol)

/home/mech/.pico-sdk/toolchain/14_2_Rel1/bin/../lib/gcc/arm-none-eabi/14.2.1/thumb/v6-m/nofp/libgcc.a(_dvmd_tls.o)
                              CMakeFiles/16x2_display_pico1.dir/home/mech/.pico-sdk/sdk/2.2.0/src/rp2_common/pico_divider/divider_hardware.S.o (__aeabi_idiv0)
/home/mech/.pico-sdk/toolchain/14_2_Rel1/bin/../lib/gcc/arm-none-eabi/14.2.1/../../../../arm-none-eabi/lib/thumb/v6-m/nofp/libg.a(libc_a-calloc.o)
                              CMakeFiles/16x2_display_pico1.dir/home/mech/.pico-sdk/sdk/2.2.0/src/rp2_common/pico_malloc/malloc.c.o (calloc)
/home/mech/.pico-sdk/toolchain/14_2_Rel1/bin/../lib/gcc/arm-none-eabi/14.2.1/../../../../arm-none-eabi/lib/thumb/v6-m/nofp/libg.a(libc_a-callocr.o)
                              /home/mech/.pico-sdk/toolchain/14_2_Rel1/bin/../lib/gcc/arm-none-eabi/14.2.1/../../../../arm-none-eabi/lib/thumb/v6-m/nofp/libg.a(libc_a-calloc.o) (_calloc_r)
/home/mech/.pico-sdk/toolchain/14_2_Rel1/bin/../lib/gcc/arm-none-eabi/14.2.1/../../../../arm-none-eabi/lib/thumb/v6-m/nofp/libg.a(libc_a-malloc.o)
                              CMakeFiles/16x2_display_pico1.dir/home/mech/.pico-sdk/sdk/2.2.0/src/rp2_common/pico_malloc/malloc.c.o (malloc)
/home/mech/.pico-sdk/toolchain/14_2_Rel1/bin/../lib/gcc/arm-none-eabi/14.2.1/../../../../arm-none-eabi/lib/thumb/v6-m/nofp/libg.a(libc_a-mallocr.o)
                              /home/mech/.pico-sdk/toolchain/14_2_Rel1/bin/../lib/gcc/arm-none-eabi/14.2.1/../../../../arm-none-eabi/lib/thumb/v6-m/nofp/libg.a(libc_a-callocr.o) (_malloc_r)
/home/mech/.pico-sdk/toolchain/14_2_Rel1/bin/../lib/gcc/arm-none-eabi/14.2.1/../../../../arm-none-eabi/lib/thumb/v6-m/nofp/libg.a(libc_a-mlock.o)
                              /home/mech/.pico-sdk/toolchain/14_2_Rel1/bin/../lib/gcc/arm-none-eabi/14.2.1/../../../../arm-none-eabi/lib/thumb/v6-m/nofp/libg.a(libc_a-mallocr.o) (__malloc_lock)
/home/mech/.pico-sdk/toolchain/14_2_Rel1/bin/../lib/gcc/arm-none-eabi/14.2.1/../../../../arm-none-eabi/lib/thumb/v6-m/nofp/libg.a(libc_a-realloc.o)
                              CMakeFiles/16x2_display_pico1.dir/home/mech/.pico-sdk/sdk/2.2.0/src/rp2_common/pico_malloc/malloc.c.o (realloc)
/home/mech/.pico-sdk/toolchain/14_2_Rel1/bin/../lib/gcc/arm-none-eabi/14.2.1/../../../../arm-none-eabi/lib/thumb/v6-m/nofp/libg.a(libc_a-reallocr.o)
                              /home/mech/.pico-sdk/toolchain/14_2_Rel1/bin/../lib/gcc/arm-none-eabi/14.2.1/../../../../arm-none-eabi/lib/thumb/v6-m/nofp/libg.a(libc_a-realloc.o) (_realloc_r)
/home/mech/.pico-sdk/toolchain/14_2_Rel1/bin/../lib/gcc/arm-none-eabi/14.2.1/../../../../arm-none-eabi/lib/thumb/v6-m/nofp/libg.a(libc_a-memcmp.o)
                              CMakeFiles/16x2_display_pico1.dir/home/mech/.pico-sdk/sdk/2.2.0/src/rp2_common/pico_atomic/atomic.c.o (memcmp)
/home/mech/.pico-sdk/toolchain/14_2_Rel1/bin/../lib/gcc/arm-none-eabi/14.2.1/../../../../arm-none-eabi/lib/thumb/v6-m/nofp/libg.a(libc_a-memmove.o)
                              /home/mech/.pico-sdk/toolchain/14_2_Rel1/bin/../lib/gcc/arm-none-eabi/14.2.1/../../../../arm-none-eabi/lib/thumb/v6-m/nofp/libg.a(libc_a-reallocr.o) (memmove)
/home/mech/.pico-sdk/toolchain/14_2_Rel1/bin/../lib/gcc/arm-none-eabi/14.2.1/../../../../arm-none-eabi/lib/thumb/v6-m/nofp/libg.a(libc_a-lcltime_r.o)
                              CMakeFiles/16x2_display_pico1.dir/home/mech/.pico-sdk/sdk/2.2.0/src/common/pico_util/datetime.c.o (localtime_r)
/home/mech/.pico-sdk/toolchain/14_2_Rel1/bin/../lib/gcc/arm-none-eabi/14.2.1/../../../../arm-none-eabi/lib/thumb/v6-m/nofp/libg.a(libc_a-mktime.o)
                              CMakeFiles/16x2_display_pico1.dir/home/mech/.pico-sdk/sdk/2.2.0/src/common/pico_util/datetime.c.o (mktime)
/home/mech/.pico-sdk/toolchain/14_2_Rel1/bin/../lib/gcc/arm-none-eabi/14.2.1/../../../../arm-none-eabi/lib/thumb/v6-m/nofp/libg.a(libc_a-month_lengths.o)
                              /home/mech/.pico-sdk/toolchain/14_2_Rel1/bin/../lib/gcc/arm-none-eabi/14.2.1/../../../../arm-none-eabi/lib/thumb/v6-m/nofp/libg.a(libc_a-lcltime_r.o) (__month_lengths)
/home/mech/.pico-sdk/toolchain/14_2_Rel1/bin/../lib/gcc/arm-none-eabi/14.2.1/../../../../arm-none-eabi/lib/thumb/v6-m/nofp/libg.a(libc_a-tzcalc_limits.o)
                              /home/mech/.pico-sdk/toolchain/14_2_Rel1/bin/../lib/gcc/arm-none-eabi/14.2.1/../../../../arm-none-eabi/lib/thumb/v6-m/nofp/libg.a(libc_a-lcltime_r.o) (__tzcalc_limits)
/home/mech/.pico-sdk/toolchain/14_2_Rel1/bin/../lib/gcc/arm-none-eabi/14.2.1/../../../../arm-none-eabi/lib/thumb/v6-m/nofp/libg.a(libc_a-tzlock.o)
                              /home/mech/.pico-sdk/toolchain/14_2_Rel1/bin/../lib/gcc/arm-none-eabi/14.2.1/../../../../arm-none-eabi/lib/thumb/v6-m/nofp/libg.a(libc_a-lcltime_r.o) (__tz_lock)
/home/mech/.pico-sdk/toolchain/14_2_Rel1/bin/../lib/gcc/arm-none-eabi/14.2.1/../../../../arm-none-eabi/lib/thumb/v6-m/nofp/libg.a(libc_a-tzset.o)
[...]
Memory Configuration

Name             Origin             Length             Attributes
FLASH            0x10000000         0x00200000         xr
RAM              0x20000000         0x00040000         xrw
SCRATCH_X        0x20040000         0x00001000         xrw
SCRATCH_Y        0x20041000         0x00001000         xrw
*default*        0x00000000         0xffffffff

Linker script and memory map

LOAD /home/mech/.pico-sdk/toolchain/14_2_Rel1/bin/../lib/gcc/arm-none-eabi/14.2.1/thumb/v6-m/nofp/crti.o
LOAD /home/mech/.pico-sdk/toolchain/14_2_Rel1/bin/../lib/gcc/arm-none-eabi/14.2.1/thumb/v6-m/nofp/crtbegin.o
LOAD /home/mech/.pico-sdk/toolchain/14_2_Rel1/bin/../lib/gcc/arm-none-eabi/14.2.1/../../../../arm-none-eabi/lib/thumb/v6-m/nofp/crt0.o

.flash_begin    0x10000000        0x0
                0x10000000                        __flash_binary_start = .

.boot2          0x10000000      0x100
                0x10000000                        __boot2_start__ = .
 *(.boot2)
 .boot2         0x10000000      0x100 pico-sdk/src/rp2040/boot_stage2/CMakeFiles/bs2_default_library.dir/./bs2_default_padded_checksummed.S.o
                0x10000100                        __boot2_end__ = .
                0x00000001                        ASSERT (((__boot2_end__ - __boot2_start__) == 0x100), ERROR: Pico second stage bootloader must be 256 bytes in size)

.text           0x10000100     0x731c
                0x10000100                        __logical_binary_start = .
 *(.vectors)
 .vectors       0x10000100       0xd4 CMakeFiles/16x2_display_pico1.dir/home/mech/.pico-sdk/sdk/2.2.0/src/rp2_common/pico_crt0/crt0.S.o
                0x10000100                __vectors
                0x10000100                __VECTOR_TABLE
                0x100001c0                isr_irq30
                0x100001c0                __unhandled_user_irq
                0x100001c0                isr_irq13
                0x100001c0                isr_irq27
                0x100001c0                isr_irq31
                0x100001c0                isr_irq5
                0x100001c0                isr_irq11
                0x100001c0                isr_irq23
                0x100001c0                isr_irq18
                0x100001c0                isr_irq28
                0x100001c0                isr_irq19
                0x100001c0                isr_irq0
                0x100001c0                isr_irq6
                0x100001c0                isr_irq22
                0x100001c0                isr_irq17
                0x100001c0                isr_irq14
                0x100001c0                __vectors_end
                0x100001c0                __default_isrs_start
                0x100001c0                isr_irq2
                0x100001c0                isr_irq10
                0x100001c0                isr_irq8
                0x100001c0                isr_irq24
                0x100001c0                isr_irq1
                0x100001c0                isr_irq7
                0x100001c0                isr_irq21
                0x100001c0                isr_irq20
                0x100001c0                isr_irq15
                0x100001c0                isr_irq25
                0x100001c0                isr_irq4
                0x100001c0                isr_irq16
                0x100001c0                isr_irq29
                0x100001c0                isr_irq26
                0x100001c0                isr_irq3
                0x100001c0                isr_irq12
                0x100001c0                isr_irq9
                0x100001c6                unhandled_user_irq_num_in_r0
                0x100001c8                isr_invalid
                0x100001ca                isr_nmi
                0x100001cc                isr_hardfault
                0x100001ce                isr_svcall
                0x100001d0                isr_pendsv
                0x100001d2                isr_systick
                0x100001d4                __default_isrs_end
 *(.binary_info_header)
 .binary_info_header
                0x100001d4       0x14 CMakeFiles/16x2_display_pico1.dir/home/mech/.pico-sdk/sdk/2.2.0/src/rp2_common/pico_crt0/crt0.S.o
                0x100001e8                        __binary_info_header_end = .
 *(.embedded_block)
                0x100001e8                        __embedded_block_end = .
 *(.reset)
 .reset         0x100001e8       0x9c CMakeFiles/16x2_display_pico1.dir/home/mech/.pico-sdk/sdk/2.2.0/src/rp2_common/pico_crt0/crt0.S.o
                0x100001e8                _entry_point
 *(.init)
 .init          0x10000284        0x4 /home/mech/.pico-sdk/toolchain/14_2_Rel1/bin/../lib/gcc/arm-none-eabi/14.2.1/thumb/v6-m/nofp/crti.o
                0x10000284                _init
 *(EXCLUDE_FILE(*libm.a: *libc.a:*lib_a-mem*.o *libgcc.a:) .text*)
 .text.register_tm_clones
                0x10000288       0x28 /home/mech/.pico-sdk/toolchain/14_2_Rel1/bin/../lib/gcc/arm-none-eabi/14.2.1/thumb/v6-m/nofp/crtbegin.o
 .text.frame_dummy
                0x100002b0       0x24 /home/mech/.pico-sdk/toolchain/14_2_Rel1/bin/../lib/gcc/arm-none-eabi/14.2.1/thumb/v6-m/nofp/crtbegin.o
 .text.web_read_from_dht
                0x100002d4      0x1a4 CMakeFiles/16x2_display_pico1.dir/16x2_display_pico1.c.o
                0x100002d4                web_read_from_dht
 .text.sendRawDataOneCycle
                0x10000478       0x84 CMakeFiles/16x2_display_pico1.dir/16x2_display_pico1.c.o
                0x10000478                sendRawDataOneCycle
 .text.LCDinit  0x100004fc      0x1d8 CMakeFiles/16x2_display_pico1.dir/16x2_display_pico1.c.o
                0x100004fc                LCDinit
 .text.startup.main
                0x100006d4      0x210 CMakeFiles/16x2_display_pico1.dir/16x2_display_pico1.c.o
                0x100006d4                main
 .text.gpio_init
                0x100008e4       0x40 CMakeFiles/16x2_display_pico1.dir/home/mech/.pico-sdk/sdk/2.2.0/src/rp2_common/hardware_gpio/gpio.c.o
                0x100008e4                gpio_init
 .text.gpio_init_mask
                0x10000924       0x64 CMakeFiles/16x2_display_pico1.dir/home/mech/.pico-sdk/sdk/2.2.0/src/rp2_common/hardware_gpio/gpio.c.o
                0x10000924                gpio_init_mask
 .text.rp2040_chip_version
                0x10000988        0xc CMakeFiles/16x2_display_pico1.dir/home/mech/.pico-sdk/sdk/2.2.0/src/rp2040/pico_platform/platform.c.o
                0x10000988                rp2040_chip_version
 .text.panic    0x10000994       0x30 CMakeFiles/16x2_display_pico1.dir/home/mech/.pico-sdk/sdk/2.2.0/src/rp2_common/pico_platform_panic/panic.c.o
                0x10000994                panic
 .text.hw_claim_or_assert
                0x100009c4       0x44 CMakeFiles/16x2_display_pico1.dir/home/mech/.pico-sdk/sdk/2.2.0/src/common/hardware_claim/claim.c.o
                0x100009c4                hw_claim_or_assert
 .text.hw_claim_unused_from_range
                0x10000a08       0x88 CMakeFiles/16x2_display_pico1.dir/home/mech/.pico-sdk/sdk/2.2.0/src/common/hardware_claim/claim.c.o
                0x10000a08                hw_claim_unused_from_range
 .text.next_striped_spin_lock_num
                0x10000a90       0x18 CMakeFiles/16x2_display_pico1.dir/home/mech/.pico-sdk/sdk/2.2.0/src/rp2_common/hardware_sync/sync.c.o
                0x10000a90                next_striped_spin_lock_num
 .text.spin_lock_claim_unused
                0x10000aa8       0x24 CMakeFiles/16x2_display_pico1.dir/home/mech/.pico-sdk/sdk/2.2.0/src/rp2_common/hardware_sync/sync.c.o
                0x10000aa8                spin_lock_claim_unused
 .text.spin_locks_reset
                0x10000acc       0x1c CMakeFiles/16x2_display_pico1.dir/home/mech/.pico-sdk/sdk/2.2.0/src/rp2_common/hardware_sync_spin_lock/sync_spin_lock.c.o
                0x10000acc                spin_locks_reset
 .text.runtime_init_per_core_irq_priorities
                0x10000ae8       0x24 CMakeFiles/16x2_display_pico1.dir/home/mech/.pico-sdk/sdk/2.2.0/src/rp2_common/hardware_irq/irq.c.o
                0x10000ae8                runtime_init_per_core_irq_priorities
 .text.irq_set_enabled
                0x10000b0c       0x24 CMakeFiles/16x2_display_pico1.dir/home/mech/.pico-sdk/sdk/2.2.0/src/rp2_common/hardware_irq/irq.c.o
                0x10000b0c                irq_set_enabled
 .text.irq_is_enabled
                0x10000b30       0x18 CMakeFiles/16x2_display_pico1.dir/home/mech/.pico-sdk/sdk/2.2.0/src/rp2_common/hardware_irq/irq.c.o
                0x10000b30                irq_is_enabled
 .text.irq_set_pending
                0x10000b48       0x10 CMakeFiles/16x2_display_pico1.dir/home/mech/.pico-sdk/sdk/2.2.0/src/rp2_common/hardware_irq/irq.c.o
                0x10000b48                irq_set_pending
 .text.irq_has_shared_handler
                0x10000b58       0x24 CMakeFiles/16x2_display_pico1.dir/home/mech/.pico-sdk/sdk/2.2.0/src/rp2_common/hardware_irq/irq.c.o
                0x10000b58                irq_has_shared_handler
 .text.irq_set_exclusive_handler
                0x10000b7c       0x54 CMakeFiles/16x2_display_pico1.dir/home/mech/.pico-sdk/sdk/2.2.0/src/rp2_common/hardware_irq/irq.c.o
                0x10000b7c                irq_set_exclusive_handler
 .text.irq_add_shared_handler
                0x10000bd0      0x1f4 CMakeFiles/16x2_display_pico1.dir/home/mech/.pico-sdk/sdk/2.2.0/src/rp2_common/hardware_irq/irq.c.o
                0x10000bd0                irq_add_shared_handler
 .text.irq_add_tail_to_free_list
                0x10000dc4       0xb4 CMakeFiles/16x2_display_pico1.dir/home/mech/.pico-sdk/sdk/2.2.0/src/rp2_common/hardware_irq/irq.c.o
                0x10000dc4                irq_add_tail_to_free_list
 .text.user_irq_claim_unused
                0x10000e78       0x2c CMakeFiles/16x2_display_pico1.dir/home/mech/.pico-sdk/sdk/2.2.0/src/rp2_common/hardware_irq/irq.c.o
                0x10000e78                user_irq_claim_unused
 .text.lock_init
                0x10000ea4       0x10 CMakeFiles/16x2_display_pico1.dir/home/mech/.pico-sdk/sdk/2.2.0/src/common/pico_sync/lock_core.c.o
                0x10000ea4                lock_init
 .text.runtime_init_mutex
                0x10000eb4       0x50 CMakeFiles/16x2_display_pico1.dir/home/mech/.pico-sdk/sdk/2.2.0/src/common/pico_sync/mutex.c.o
                0x10000eb4                runtime_init_mutex
 .text.mutex_init
                0x10000f04       0x1c CMakeFiles/16x2_display_pico1.dir/home/mech/.pico-sdk/sdk/2.2.0/src/common/pico_sync/mutex.c.o
                0x10000f04                mutex_init
 .text.critical_section_init
                0x10000f20       0x1c CMakeFiles/16x2_display_pico1.dir/home/mech/.pico-sdk/sdk/2.2.0/src/common/pico_sync/critical_section.c.o
                0x10000f20                critical_section_init
 .text.critical_section_init_with_lock_num
                0x10000f3c       0x14 CMakeFiles/16x2_display_pico1.dir/home/mech/.pico-sdk/sdk/2.2.0/src/common/pico_sync/critical_section.c.o
                0x10000f3c                critical_section_init_with_lock_num
 .text.sleep_until_callback
                0x10000f50       0x30 CMakeFiles/16x2_display_pico1.dir/home/mech/.pico-sdk/sdk/2.2.0/src/common/pico_time/time.c.o
 .text.alarm_pool_irq_handler
                0x10000f80      0x300 CMakeFiles/16x2_display_pico1.dir/home/mech/.pico-sdk/sdk/2.2.0/src/common/pico_time/time.c.o
 .text.runtime_init_default_alarm_pool
                0x10001280       0xdc CMakeFiles/16x2_display_pico1.dir/home/mech/.pico-sdk/sdk/2.2.0/src/common/pico_time/time.c.o
                0x10001280                runtime_init_default_alarm_pool
 .text.alarm_pool_get_default
                0x1000135c        0x8 CMakeFiles/16x2_display_pico1.dir/home/mech/.pico-sdk/sdk/2.2.0/src/common/pico_time/time.c.o
                0x1000135c                alarm_pool_get_default
 .text.alarm_pool_add_alarm_at
                0x10001364       0xd0 CMakeFiles/16x2_display_pico1.dir/home/mech/.pico-sdk/sdk/2.2.0/src/common/pico_time/time.c.o
                0x10001364                alarm_pool_add_alarm_at
 .text.alarm_pool_add_alarm_at_force_in_context
                0x10001434       0xb0 CMakeFiles/16x2_display_pico1.dir/home/mech/.pico-sdk/sdk/2.2.0/src/common/pico_time/time.c.o
                0x10001434                alarm_pool_add_alarm_at_force_in_context
 .text.alarm_pool_cancel_alarm
                0x100014e4       0x74 CMakeFiles/16x2_display_pico1.dir/home/mech/.pico-sdk/sdk/2.2.0/src/common/pico_time/time.c.o
                0x100014e4                alarm_pool_cancel_alarm
 .text.alarm_pool_core_num
                0x10001558        0x4 CMakeFiles/16x2_display_pico1.dir/home/mech/.pico-sdk/sdk/2.2.0/src/common/pico_time/time.c.o
                0x10001558                alarm_pool_core_num
 .text.sleep_us
                0x1000155c       0xec CMakeFiles/16x2_display_pico1.dir/home/mech/.pico-sdk/sdk/2.2.0/src/common/pico_time/time.c.o
                0x1000155c                sleep_us
 .text.sleep_ms
                0x10001648       0xfc CMakeFiles/16x2_display_pico1.dir/home/mech/.pico-sdk/sdk/2.2.0/src/common/pico_time/time.c.o
                0x10001648                sleep_ms
 .text.best_effort_wfe_or_timeout
                0x10001744      0x10c CMakeFiles/16x2_display_pico1.dir/home/mech/.pico-sdk/sdk/2.2.0/src/common/pico_time/time.c.o
                0x10001744                best_effort_wfe_or_timeout
 .text.timer_hardware_alarm_claim
                0x10001850       0x14 CMakeFiles/16x2_display_pico1.dir/home/mech/.pico-sdk/sdk/2.2.0/src/rp2_common/hardware_timer/timer.c.o
                0x10001850                timer_hardware_alarm_claim
 .text.timer_time_us_64
                0x10001864       0x10 CMakeFiles/16x2_display_pico1.dir/home/mech/.pico-sdk/sdk/2.2.0/src/rp2_common/hardware_timer/timer.c.o
                0x10001864                timer_time_us_64
 .text.time_us_64
                0x10001874       0x14 CMakeFiles/16x2_display_pico1.dir/home/mech/.pico-sdk/sdk/2.2.0/src/rp2_common/hardware_timer/timer.c.o
                0x10001874                time_us_64
 .text.busy_wait_until
                0x10001888       0x20 CMakeFiles/16x2_display_pico1.dir/home/mech/.pico-sdk/sdk/2.2.0/src/rp2_common/hardware_timer/timer.c.o
                0x10001888                busy_wait_until
 .text.clock_configure_int_divider
                0x100018a8       0xf4 CMakeFiles/16x2_display_pico1.dir/home/mech/.pico-sdk/sdk/2.2.0/src/rp2_common/hardware_clocks/clocks.c.o
                0x100018a8                clock_configure_int_divider
 .text.clock_configure_undivided
                0x1000199c       0xe8 CMakeFiles/16x2_display_pico1.dir/home/mech/.pico-sdk/sdk/2.2.0/src/rp2_common/hardware_clocks/clocks.c.o
                0x1000199c                clock_configure_undivided
 .text.clock_get_hz
                0x10001a84        0xc CMakeFiles/16x2_display_pico1.dir/home/mech/.pico-sdk/sdk/2.2.0/src/rp2_common/hardware_clocks/clocks.c.o
                0x10001a84                clock_get_hz
 .text.pll_init
                0x10001a90       0xa4 CMakeFiles/16x2_display_pico1.dir/home/mech/.pico-sdk/sdk/2.2.0/src/rp2_common/hardware_pll/pll.c.o
                0x10001a90                pll_init
 .text.watchdog_reboot
                0x10001b34       0x9c CMakeFiles/16x2_display_pico1.dir/home/mech/.pico-sdk/sdk/2.2.0/src/rp2_common/hardware_watchdog/watchdog.c.o
                0x10001b34                watchdog_reboot
 .text.tick_start
                0x10001bd0       0x10 CMakeFiles/16x2_display_pico1.dir/home/mech/.pico-sdk/sdk/2.2.0/src/rp2_common/hardware_ticks/ticks.c.o
                0x10001bd0                tick_start
 .text.rom_func_lookup
                0x10001be0       0x10 CMakeFiles/16x2_display_pico1.dir/home/mech/.pico-sdk/sdk/2.2.0/src/rp2_common/pico_bootrom/bootrom.c.o
                0x10001be0                rom_func_lookup
 .text.rom_data_lookup
                0x10001bf0       0x10 CMakeFiles/16x2_display_pico1.dir/home/mech/.pico-sdk/sdk/2.2.0/src/rp2_common/pico_bootrom/bootrom.c.o
                0x10001bf0                rom_data_lookup
 .text.rom_funcs_lookup
                0x10001c00       0x44 CMakeFiles/16x2_display_pico1.dir/home/mech/.pico-sdk/sdk/2.2.0/src/rp2_common/pico_bootrom/bootrom.c.o
                0x10001c00                rom_funcs_lookup
 .text.rom_reset_usb_boot_extra
                0x10001c44       0x24 CMakeFiles/16x2_display_pico1.dir/home/mech/.pico-sdk/sdk/2.2.0/src/rp2_common/pico_bootrom/bootrom.c.o
                0x10001c44                rom_reset_usb_boot_extra
 .text.xosc_init
                0x10001c68       0x28 CMakeFiles/16x2_display_pico1.dir/home/mech/.pico-sdk/sdk/2.2.0/src/rp2_common/hardware_xosc/xosc.c.o
                0x10001c68                xosc_init
 .text.first_per_core_initializer
                0x10001c90        0x4 CMakeFiles/16x2_display_pico1.dir/home/mech/.pico-sdk/sdk/2.2.0/src/rp2_common/pico_runtime/runtime.c.o
 .text.hard_assertion_failure
                0x10001c94        0xc CMakeFiles/16x2_display_pico1.dir/home/mech/.pico-sdk/sdk/2.2.0/src/rp2_common/pico_runtime/runtime.c.o
                0x10001c94                hard_assertion_failure
 .text.runtime_run_initializers
                0x10001ca0       0x28 CMakeFiles/16x2_display_pico1.dir/home/mech/.pico-sdk/sdk/2.2.0/src/rp2_common/pico_runtime/runtime.c.o
                0x10001ca0                runtime_run_initializers
 .text.runtime_init_early_resets
                0x10001cc8       0x2c CMakeFiles/16x2_display_pico1.dir/home/mech/.pico-sdk/sdk/2.2.0/src/rp2_common/pico_runtime_init/runtime_init.c.o
                0x10001cc8                runtime_init_early_resets
 .text.runtime_init_usb_power_down
                0x10001cf4       0x1c CMakeFiles/16x2_display_pico1.dir/home/mech/.pico-sdk/sdk/2.2.0/src/rp2_common/pico_runtime_init/runtime_init.c.o
                0x10001cf4                runtime_init_usb_power_down
 .text.runtime_init_post_clock_resets
                0x10001d10       0x20 CMakeFiles/16x2_display_pico1.dir/home/mech/.pico-sdk/sdk/2.2.0/src/rp2_common/pico_runtime_init/runtime_init.c.o
                0x10001d10                runtime_init_post_clock_resets
 .text.runtime_init_rp2040_gpio_ie_disable
                0x10001d30       0x14 CMakeFiles/16x2_display_pico1.dir/home/mech/.pico-sdk/sdk/2.2.0/src/rp2_common/pico_runtime_init/runtime_init.c.o
                0x10001d30                runtime_init_rp2040_gpio_ie_disable
 .text.runtime_init_spin_locks_reset
                0x10001d44        0x8 CMakeFiles/16x2_display_pico1.dir/home/mech/.pico-sdk/sdk/2.2.0/src/rp2_common/pico_runtime_init/runtime_init.c.o
                0x10001d44                runtime_init_spin_locks_reset
 .text.runtime_init_install_ram_vector_table
                0x10001d4c       0xb4 CMakeFiles/16x2_display_pico1.dir/home/mech/.pico-sdk/sdk/2.2.0/src/rp2_common/pico_runtime_init/runtime_init.c.o
                0x10001d4c                runtime_init_install_ram_vector_table
 .text.runtime_init_clocks
                0x10001e00       0xd8 CMakeFiles/16x2_display_pico1.dir/home/mech/.pico-sdk/sdk/2.2.0/src/rp2_common/pico_runtime_init/runtime_init_clocks.c.o
                0x10001e00                runtime_init_clocks
 .text          0x10001ed8       0x10 CMakeFiles/16x2_display_pico1.dir/home/mech/.pico-sdk/sdk/2.2.0/src/rp2_common/pico_bit_ops/bit_ops_aeabi.S.o
 .text.__wrap___aeabi_idiv
                0x10001ee8       0x50 CMakeFiles/16x2_display_pico1.dir/home/mech/.pico-sdk/sdk/2.2.0/src/rp2_common/pico_divider/divider_hardware.S.o
                0x10001ee8                __wrap___aeabi_idivmod
                0x10001ee8                divmod_s32s32
                0x10001ee8                div_s32s32
                0x10001ee8                __wrap___aeabi_idiv
                0x10001ef0                divmod_s32s32_unsafe
                0x10001f1c                divmod_s32s32_savestate
 .text.__wrap___aeabi_uidiv
                0x10001f38       0x4c CMakeFiles/16x2_display_pico1.dir/home/mech/.pico-sdk/sdk/2.2.0/src/rp2_common/pico_divider/divider_hardware.S.o
                0x10001f38                __wrap___aeabi_uidiv
                0x10001f38                __wrap___aeabi_uidivmod
                0x10001f38                div_u32u32
                0x10001f38                divmod_u32u32
                0x10001f40                divmod_u32u32_unsafe
                0x10001f68                divmod_u32u32_savestate
 .text.__wrap___aeabi_ldiv
                0x10001f84      0x424 CMakeFiles/16x2_display_pico1.dir/home/mech/.pico-sdk/sdk/2.2.0/src/rp2_common/pico_divider/divider_hardware.S.o
                0x10001f84                div_s64s64
                0x10001f84                divmod_s64s64
                0x10001f84                __wrap___aeabi_ldivmod
                0x10001fb4                div_u64u64
                0x10001fb4                divmod_u64u64
                0x10001fb4                __wrap___aeabi_uldivmod
                0x10001fc4                divmod_u64u64_savestate
                0x10001fe4                divmod_s64s64_unsafe
                0x1000206c                divmod_u64u64_unsafe
 .text.__wrap___aeabi_darithmetic
                0x100023a8       0x80 CMakeFiles/16x2_display_pico1.dir/home/mech/.pico-sdk/sdk/2.2.0/src/rp2_common/pico_double/double_aeabi_rp2040.S.o
                0x100023a8                __wrap___aeabi_drsub
                0x100023ae                __wrap___aeabi_dsub
                0x100023c0                __wrap___aeabi_dadd
                0x100023d2                __wrap___aeabi_ddiv
                0x1000240e                __wrap___aeabi_dmul
 .text.__wrap___aeabi_cdcmple
                0x10002428       0x6c CMakeFiles/16x2_display_pico1.dir/home/mech/.pico-sdk/sdk/2.2.0/src/rp2_common/pico_double/double_aeabi_rp2040.S.o
                0x10002428                __wrap___aeabi_cdrcmple
                0x10002438                __wrap___aeabi_cdcmple
                0x10002438                __wrap___aeabi_cdcmpeq
 .text.__wrap___aeabi_dcmplt
                0x10002494        0xc CMakeFiles/16x2_display_pico1.dir/home/mech/.pico-sdk/sdk/2.2.0/src/rp2_common/pico_double/double_aeabi_rp2040.S.o
                0x10002494                __wrap___aeabi_dcmplt
 .text.__wrap___aeabi_dcmple
                0x100024a0       0x10 CMakeFiles/16x2_display_pico1.dir/home/mech/.pico-sdk/sdk/2.2.0/src/rp2_common/pico_double/double_aeabi_rp2040.S.o
                0x100024a0                __wrap___aeabi_dcmple
 .text.__wrap___aeabi_dcmpge
                0x100024b0       0x10 CMakeFiles/16x2_display_pico1.dir/home/mech/.pico-sdk/sdk/2.2.0/src/rp2_common/pico_double/double_aeabi_rp2040.S.o
                0x100024b0                __wrap___aeabi_dcmpge
 .text.__wrap___aeabi_dcmpgt
                0x100024c0        0xa CMakeFiles/16x2_display_pico1.dir/home/mech/.pico-sdk/sdk/2.2.0/src/rp2_common/pico_double/double_aeabi_rp2040.S.o
                0x100024c0                __wrap___aeabi_dcmpgt
 .text.__wrap___aeabi_dcmpun
                0x100024ca       0x18 CMakeFiles/16x2_display_pico1.dir/home/mech/.pico-sdk/sdk/2.2.0/src/rp2_common/pico_double/double_aeabi_rp2040.S.o
                0x100024ca                __wrap___aeabi_dcmpun
 *fill*         0x100024e2        0x2 
 .text.__wrap___aeabi_i2d
                0x100024e4       0x38 CMakeFiles/16x2_display_pico1.dir/home/mech/.pico-sdk/sdk/2.2.0/src/rp2_common/pico_double/double_aeabi_rp2040.S.o
                0x100024e4                __wrap___aeabi_ui2d
                0x100024e4                uint2double
                0x100024ec                __wrap___aeabi_i2d
                0x100024ec                int2double
 .text.__wrap___aeabi_d2iz
                0x1000251c       0x48 CMakeFiles/16x2_display_pico1.dir/home/mech/.pico-sdk/sdk/2.2.0/src/rp2_common/pico_double/double_aeabi_rp2040.S.o
                0x1000251c                __wrap___aeabi_d2iz
                0x1000251c                double2int_z
 .text.__wrap___aeabi_d2uiz
                0x10002564       0x18 CMakeFiles/16x2_display_pico1.dir/home/mech/.pico-sdk/sdk/2.2.0/src/rp2_common/pico_double/double_aeabi_rp2040.S.o
                0x10002564                double2uint_z
                0x10002564                double2uint
                0x10002564                __wrap___aeabi_d2uiz
 .text.__aeabi_double_init
                0x1000257c       0xa4 CMakeFiles/16x2_display_pico1.dir/home/mech/.pico-sdk/sdk/2.2.0/src/rp2_common/pico_double/double_init_rom_rp2040.c.o
                0x1000257c                __aeabi_double_init
 .text.double_table_shim_on_use_helper
                0x10002620       0x2c CMakeFiles/16x2_display_pico1.dir/home/mech/.pico-sdk/sdk/2.2.0/src/rp2_common/pico_double/double_v1_rom_shim_rp2040.S.o
                0x10002620                double_table_shim_on_use_helper
 .text.__wrap___aeabi_dsub
                0x1000264c       0x10 CMakeFiles/16x2_display_pico1.dir/home/mech/.pico-sdk/sdk/2.2.0/src/rp2_common/pico_double/double_v1_rom_shim_rp2040.S.o
                0x1000264c                drsub_shim
                0x10002652                dsub_shim
 .text.dadd_shim
                0x1000265c      0x15c CMakeFiles/16x2_display_pico1.dir/home/mech/.pico-sdk/sdk/2.2.0/src/rp2_common/pico_double/double_v1_rom_shim_rp2040.S.o
                0x1000265c                dadd_shim
 .text.dmul_shim
                0x100027b8      0x15c CMakeFiles/16x2_display_pico1.dir/home/mech/.pico-sdk/sdk/2.2.0/src/rp2_common/pico_double/double_v1_rom_shim_rp2040.S.o
                0x100027b8                dmul_shim
 .text.ddiv_shim
                0x10002914      0x1b0 CMakeFiles/16x2_display_pico1.dir/home/mech/.pico-sdk/sdk/2.2.0/src/rp2_common/pico_double/double_v1_rom_shim_rp2040.S.o
                0x10002914                ddiv_shim
 .text.double2uint_shim
                0x10002ac4        0xe CMakeFiles/16x2_display_pico1.dir/home/mech/.pico-sdk/sdk/2.2.0/src/rp2_common/pico_double/double_v1_rom_shim_rp2040.S.o
                0x10002ac4                double2uint_shim
                0x10002ac6                double2ufix_shim
 *fill*         0x10002ad2        0x2 
 .text.double2uint64_shim
                0x10002ad4       0x70 CMakeFiles/16x2_display_pico1.dir/home/mech/.pico-sdk/sdk/2.2.0/src/rp2_common/pico_double/double_v1_rom_shim_rp2040.S.o
                0x10002ad4                double2uint64_shim
                0x10002ad6                double2ufix64_shim
                0x10002af6                d2fix_a
 .text.dunpacks
                0x10002b44       0x3c CMakeFiles/16x2_display_pico1.dir/home/mech/.pico-sdk/sdk/2.2.0/src/rp2_common/pico_double/double_v1_rom_shim_rp2040.S.o
                0x10002b44                dunpacks
 .text.__aeabi_lmul
                0x10002b80       0x32 CMakeFiles/16x2_display_pico1.dir/home/mech/.pico-sdk/sdk/2.2.0/src/rp2_common/pico_int64_ops/pico_int64_ops_aeabi.S.o
                0x10002b80                __wrap___aeabi_lmul
 *fill*         0x10002bb2        0x2 
 .text.__wrap___aeabi_farithmetic
                0x10002bb4       0x48 CMakeFiles/16x2_display_pico1.dir/home/mech/.pico-sdk/sdk/2.2.0/src/rp2_common/pico_float/float_aeabi_rp2040.S.o
                0x10002bb4                __wrap___aeabi_frsub
                0x10002bba                __wrap___aeabi_fsub
                0x10002bc0                __wrap___aeabi_fadd
                0x10002bc6                __wrap___aeabi_fdiv
                0x10002bee                __wrap___aeabi_fmul
 .text.__wrap___aeabi_cfcmple
                0x10002bfc       0x50 CMakeFiles/16x2_display_pico1.dir/home/mech/.pico-sdk/sdk/2.2.0/src/rp2_common/pico_float/float_aeabi_rp2040.S.o
                0x10002bfc                __wrap___aeabi_cfrcmple
                0x10002c08                __wrap___aeabi_cfcmpeq
                0x10002c08                __wrap___aeabi_cfcmple
 .text.__wrap___aeabi_fcmpgt
                0x10002c4c        0xa CMakeFiles/16x2_display_pico1.dir/home/mech/.pico-sdk/sdk/2.2.0/src/rp2_common/pico_float/float_aeabi_rp2040.S.o
                0x10002c4c                __wrap___aeabi_fcmpgt
 .text.__wrap___aeabi_ui2f
                0x10002c56        0xa CMakeFiles/16x2_display_pico1.dir/home/mech/.pico-sdk/sdk/2.2.0/src/rp2_common/pico_float/float_aeabi_rp2040.S.o
                0x10002c56                uint2float
                0x10002c56                __wrap___aeabi_ui2f
 .text.__wrap___aeabi_i2f
                0x10002c60       0x44 CMakeFiles/16x2_display_pico1.dir/home/mech/.pico-sdk/sdk/2.2.0/src/rp2_common/pico_float/float_aeabi_rp2040.S.o
                0x10002c60                int2float
                0x10002c60                __wrap___aeabi_i2f
 .text.__wrap___aeabi_f2d
                0x10002ca4       0x14 CMakeFiles/16x2_display_pico1.dir/home/mech/.pico-sdk/sdk/2.2.0/src/rp2_common/pico_float/float_aeabi_rp2040.S.o
                0x10002ca4                __wrap___aeabi_f2d
 .text.__aeabi_float_init
                0x10002cb8       0x64 CMakeFiles/16x2_display_pico1.dir/home/mech/.pico-sdk/sdk/2.2.0/src/rp2_common/pico_float/float_init_rom_rp2040.c.o
                0x10002cb8                __aeabi_float_init
 .text.float_table_shim_on_use_helper
                0x10002d1c       0x2c CMakeFiles/16x2_display_pico1.dir/home/mech/.pico-sdk/sdk/2.2.0/src/rp2_common/pico_float/float_v1_rom_shim_rp2040.S.o
                0x10002d1c                float_table_shim_on_use_helper
 .text.float2double_shim
                0x10002d48       0x30 CMakeFiles/16x2_display_pico1.dir/home/mech/.pico-sdk/sdk/2.2.0/src/rp2_common/pico_float/float_v1_rom_shim_rp2040.S.o
                0x10002d48                float2double_shim
 .text          0x10002d78       0x10 CMakeFiles/16x2_display_pico1.dir/home/mech/.pico-sdk/sdk/2.2.0/src/rp2_common/pico_mem_ops/mem_ops_aeabi.S.o
                0x10002d78                __aeabi_mem_init
 .text.memset   0x10002d88        0xc CMakeFiles/16x2_display_pico1.dir/home/mech/.pico-sdk/sdk/2.2.0/src/rp2_common/pico_mem_ops/mem_ops_aeabi.S.o
                0x10002d88                __wrap_memset
 .text.memcpy   0x10002d94        0xc CMakeFiles/16x2_display_pico1.dir/home/mech/.pico-sdk/sdk/2.2.0/src/rp2_common/pico_mem_ops/mem_ops_aeabi.S.o
                0x10002d94                __wrap___aeabi_memcpy
                0x10002d94                __wrap_memcpy
 .text._out_buffer
                0x10002da0        0x8 CMakeFiles/16x2_display_pico1.dir/home/mech/.pico-sdk/sdk/2.2.0/src/rp2_common/pico_printf/printf.c.o
 .text._out_null
                0x10002da8        0x4 CMakeFiles/16x2_display_pico1.dir/home/mech/.pico-sdk/sdk/2.2.0/src/rp2_common/pico_printf/printf.c.o
 .text._out_rev
                0x10002dac       0xac CMakeFiles/16x2_display_pico1.dir/home/mech/.pico-sdk/sdk/2.2.0/src/rp2_common/pico_printf/printf.c.o
 .text._ntoa_format
                0x10002e58      0x1cc CMakeFiles/16x2_display_pico1.dir/home/mech/.pico-sdk/sdk/2.2.0/src/rp2_common/pico_printf/printf.c.o
 .text._out_char
                0x10003024       0x10 CMakeFiles/16x2_display_pico1.dir/home/mech/.pico-sdk/sdk/2.2.0/src/rp2_common/pico_printf/printf.c.o
 .text._out_fct
                0x10003034       0x10 CMakeFiles/16x2_display_pico1.dir/home/mech/.pico-sdk/sdk/2.2.0/src/rp2_common/pico_printf/printf.c.o
 .text._ftoa    0x10003044      0x4a8 CMakeFiles/16x2_display_pico1.dir/home/mech/.pico-sdk/sdk/2.2.0/src/rp2_common/pico_printf/printf.c.o
 .text._etoa    0x100034ec      0x57c CMakeFiles/16x2_display_pico1.dir/home/mech/.pico-sdk/sdk/2.2.0/src/rp2_common/pico_printf/printf.c.o
 .text._vsnprintf
                0x10003a68      0xbe0 CMakeFiles/16x2_display_pico1.dir/home/mech/.pico-sdk/sdk/2.2.0/src/rp2_common/pico_printf/printf.c.o
 .text.__wrap_sprintf
                0x10004648       0x2c CMakeFiles/16x2_display_pico1.dir/home/mech/.pico-sdk/sdk/2.2.0/src/rp2_common/pico_printf/printf.c.o
                0x10004648                __wrap_sprintf
 .text.vfctprintf
                0x10004674       0x24 CMakeFiles/16x2_display_pico1.dir/home/mech/.pico-sdk/sdk/2.2.0/src/rp2_common/pico_printf/printf.c.o
                0x10004674                vfctprintf
 .text.weak_raw_vprintf
                0x10004698       0x30 CMakeFiles/16x2_display_pico1.dir/home/mech/.pico-sdk/sdk/2.2.0/src/rp2_common/pico_printf/printf.c.o
                0x10004698                weak_raw_vprintf
 .text._exit    0x100046c8        0x4 CMakeFiles/16x2_display_pico1.dir/home/mech/.pico-sdk/sdk/2.2.0/src/rp2_common/pico_clib_interface/newlib_interface.c.o
                0x100046c8                _exit
 .text.exit     0x100046cc        0x8 CMakeFiles/16x2_display_pico1.dir/home/mech/.pico-sdk/sdk/2.2.0/src/rp2_common/pico_clib_interface/newlib_interface.c.o
                0x100046cc                exit
 .text.runtime_init
                0x100046d4       0x2c CMakeFiles/16x2_display_pico1.dir/home/mech/.pico-sdk/sdk/2.2.0/src/rp2_common/pico_clib_interface/newlib_interface.c.o
                0x100046d4                runtime_init
 .text.stdio_out_chars_no_crlf
                0x10004700       0x10 CMakeFiles/16x2_display_pico1.dir/home/mech/.pico-sdk/sdk/2.2.0/src/rp2_common/pico_stdio/stdio.c.o
 .text.stdio_out_chars_crlf
                0x10004710       0xb0 CMakeFiles/16x2_display_pico1.dir/home/mech/.pico-sdk/sdk/2.2.0/src/rp2_common/pico_stdio/stdio.c.o
 .text.stdio_buffered_printer
                0x100047c0       0x64 CMakeFiles/16x2_display_pico1.dir/home/mech/.pico-sdk/sdk/2.2.0/src/rp2_common/pico_stdio/stdio.c.o
 .text.stdio_put_string
                0x10004824       0xfc CMakeFiles/16x2_display_pico1.dir/home/mech/.pico-sdk/sdk/2.2.0/src/rp2_common/pico_stdio/stdio.c.o
                0x10004824                stdio_put_string
 .text.stdio_set_driver_enabled
                0x10004920       0x30 CMakeFiles/16x2_display_pico1.dir/home/mech/.pico-sdk/sdk/2.2.0/src/rp2_common/pico_stdio/stdio.c.o
                0x10004920                stdio_set_driver_enabled
 .text.stdio_init_all
                0x10004950        0x8 CMakeFiles/16x2_display_pico1.dir/home/mech/.pico-sdk/sdk/2.2.0/src/rp2_common/pico_stdio/stdio.c.o
                0x10004950                stdio_init_all
 .text.__wrap_putchar
                0x10004958       0x94 CMakeFiles/16x2_display_pico1.dir/home/mech/.pico-sdk/sdk/2.2.0/src/rp2_common/pico_stdio/stdio.c.o
                0x10004958                stdio_putchar
                0x10004958                __wrap_putchar
 .text.__wrap_puts
                0x100049ec       0x3c CMakeFiles/16x2_display_pico1.dir/home/mech/.pico-sdk/sdk/2.2.0/src/rp2_common/pico_stdio/stdio.c.o
                0x100049ec                __wrap_puts
                0x100049ec                stdio_puts
 .text.__wrap_vprintf
                0x10004a28       0xcc CMakeFiles/16x2_display_pico1.dir/home/mech/.pico-sdk/sdk/2.2.0/src/rp2_common/pico_stdio/stdio.c.o
                0x10004a28                __wrap_vprintf
                0x10004a28                stdio_vprintf
 .text.__wrap_printf
                0x10004af4       0x18 CMakeFiles/16x2_display_pico1.dir/home/mech/.pico-sdk/sdk/2.2.0/src/rp2_common/pico_stdio/stdio.c.o
                0x10004af4                stdio_printf
                0x10004af4                __wrap_printf
 .text.resetd_init
                0x10004b0c        0x4 CMakeFiles/16x2_display_pico1.dir/home/mech/.pico-sdk/sdk/2.2.0/src/rp2_common/pico_stdio_usb/reset_interface.c.o
 .text.resetd_reset
                0x10004b10        0xc CMakeFiles/16x2_display_pico1.dir/home/mech/.pico-sdk/sdk/2.2.0/src/rp2_common/pico_stdio_usb/reset_interface.c.o
 .text.resetd_open
                0x10004b1c       0x28 CMakeFiles/16x2_display_pico1.dir/home/mech/.pico-sdk/sdk/2.2.0/src/rp2_common/pico_stdio_usb/reset_interface.c.o
 .text.resetd_xfer_cb
                0x10004b44        0x4 CMakeFiles/16x2_display_pico1.dir/home/mech/.pico-sdk/sdk/2.2.0/src/rp2_common/pico_stdio_usb/reset_interface.c.o
 .text.resetd_control_xfer_cb
                0x10004b48       0x54 CMakeFiles/16x2_display_pico1.dir/home/mech/.pico-sdk/sdk/2.2.0/src/rp2_common/pico_stdio_usb/reset_interface.c.o
 .text.tud_descriptor_bos_cb
                0x10004b9c        0x8 CMakeFiles/16x2_display_pico1.dir/home/mech/.pico-sdk/sdk/2.2.0/src/rp2_common/pico_stdio_usb/reset_interface.c.o
                0x10004b9c                tud_descriptor_bos_cb
 .text.tud_vendor_control_xfer_cb
                0x10004ba4       0x34 CMakeFiles/16x2_display_pico1.dir/home/mech/.pico-sdk/sdk/2.2.0/src/rp2_common/pico_stdio_usb/reset_interface.c.o
                0x10004ba4                tud_vendor_control_xfer_cb
 .text.usbd_app_driver_get_cb
                0x10004bd8        0xc CMakeFiles/16x2_display_pico1.dir/home/mech/.pico-sdk/sdk/2.2.0/src/rp2_common/pico_stdio_usb/reset_interface.c.o
                0x10004bd8                usbd_app_driver_get_cb
 .text.tud_cdc_line_coding_cb
                0x10004be4       0x2c CMakeFiles/16x2_display_pico1.dir/home/mech/.pico-sdk/sdk/2.2.0/src/rp2_common/pico_stdio_usb/reset_interface.c.o
                0x10004be4                tud_cdc_line_coding_cb
 .text.stdio_usb_set_chars_available_callback
                0x10004c10       0x14 CMakeFiles/16x2_display_pico1.dir/home/mech/.pico-sdk/sdk/2.2.0/src/rp2_common/pico_stdio_usb/stdio_usb.c.o
                0x10004c10                stdio_usb_set_chars_available_callback
 .text.usb_irq  0x10004c24       0x10 CMakeFiles/16x2_display_pico1.dir/home/mech/.pico-sdk/sdk/2.2.0/src/rp2_common/pico_stdio_usb/stdio_usb.c.o
 .text.timer_task
                0x10004c34       0x64 CMakeFiles/16x2_display_pico1.dir/home/mech/.pico-sdk/sdk/2.2.0/src/rp2_common/pico_stdio_usb/stdio_usb.c.o
 .text.stdio_usb_in_chars
                0x10004c98       0x8c CMakeFiles/16x2_display_pico1.dir/home/mech/.pico-sdk/sdk/2.2.0/src/rp2_common/pico_stdio_usb/stdio_usb.c.o
                0x10004c98                stdio_usb_in_chars
 .text.stdio_usb_out_flush
                0x10004d24       0x4c CMakeFiles/16x2_display_pico1.dir/home/mech/.pico-sdk/sdk/2.2.0/src/rp2_common/pico_stdio_usb/stdio_usb.c.o
 .text.stdio_usb_out_chars
                0x10004d70      0x100 CMakeFiles/16x2_display_pico1.dir/home/mech/.pico-sdk/sdk/2.2.0/src/rp2_common/pico_stdio_usb/stdio_usb.c.o
 .text.low_priority_worker_irq
                0x10004e70       0xc8 CMakeFiles/16x2_display_pico1.dir/home/mech/.pico-sdk/sdk/2.2.0/src/rp2_common/pico_stdio_usb/stdio_usb.c.o
 .text.stdio_usb_init
                0x10004f38       0xe8 CMakeFiles/16x2_display_pico1.dir/home/mech/.pico-sdk/sdk/2.2.0/src/rp2_common/pico_stdio_usb/stdio_usb.c.o
                0x10004f38                stdio_usb_init
 .text.tud_descriptor_device_cb
                0x10005020        0x8 CMakeFiles/16x2_display_pico1.dir/home/mech/.pico-sdk/sdk/2.2.0/src/rp2_common/pico_stdio_usb/stdio_usb_descriptors.c.o
                0x10005020                tud_descriptor_device_cb
 .text.tud_descriptor_configuration_cb
                0x10005028        0x8 CMakeFiles/16x2_display_pico1.dir/home/mech/.pico-sdk/sdk/2.2.0/src/rp2_common/pico_stdio_usb/stdio_usb_descriptors.c.o
                0x10005028                tud_descriptor_configuration_cb
 .text.tud_descriptor_string_cb
                0x10005030       0x78 CMakeFiles/16x2_display_pico1.dir/home/mech/.pico-sdk/sdk/2.2.0/src/rp2_common/pico_stdio_usb/stdio_usb_descriptors.c.o
                0x10005030                tud_descriptor_string_cb
 .text.startup._retrieve_unique_id_on_boot
                0x100050a8       0x10 CMakeFiles/16x2_display_pico1.dir/home/mech/.pico-sdk/sdk/2.2.0/src/rp2_common/pico_unique_id/unique_id.c.o
 .text.pico_get_unique_board_id_string
                0x100050b8      0x1a8 CMakeFiles/16x2_display_pico1.dir/home/mech/.pico-sdk/sdk/2.2.0/src/rp2_common/pico_unique_id/unique_id.c.o
                0x100050b8                pico_get_unique_board_id_string
 .text.flash_get_unique_id
                0x10005260       0x3c CMakeFiles/16x2_display_pico1.dir/home/mech/.pico-sdk/sdk/2.2.0/src/rp2_common/hardware_flash/flash.c.o
                0x10005260                flash_get_unique_id
 .text.dcd_init
                0x1000529c       0x90 CMakeFiles/16x2_display_pico1.dir/home/mech/.pico-sdk/sdk/2.2.0/lib/tinyusb/src/portable/raspberrypi/rp2040/dcd_rp2040.c.o
                0x1000529c                dcd_init
 .text.dcd_int_enable
                0x1000532c        0xc CMakeFiles/16x2_display_pico1.dir/home/mech/.pico-sdk/sdk/2.2.0/lib/tinyusb/src/portable/raspberrypi/rp2040/dcd_rp2040.c.o
                0x1000532c                dcd_int_enable
 .text.dcd_set_address
                0x10005338       0x14 CMakeFiles/16x2_display_pico1.dir/home/mech/.pico-sdk/sdk/2.2.0/lib/tinyusb/src/portable/raspberrypi/rp2040/dcd_rp2040.c.o
                0x10005338                dcd_set_address
 .text.dcd_sof_enable
                0x1000534c       0x1c CMakeFiles/16x2_display_pico1.dir/home/mech/.pico-sdk/sdk/2.2.0/lib/tinyusb/src/portable/raspberrypi/rp2040/dcd_rp2040.c.o
                0x1000534c                dcd_sof_enable
 .text.dcd_edpt0_status_complete
                0x10005368       0x1c CMakeFiles/16x2_display_pico1.dir/home/mech/.pico-sdk/sdk/2.2.0/lib/tinyusb/src/portable/raspberrypi/rp2040/dcd_rp2040.c.o
                0x10005368                dcd_edpt0_status_complete
 .text.dcd_edpt_open
                0x10005384      0x114 CMakeFiles/16x2_display_pico1.dir/home/mech/.pico-sdk/sdk/2.2.0/lib/tinyusb/src/portable/raspberrypi/rp2040/dcd_rp2040.c.o
                0x10005384                dcd_edpt_open
 .text.dcd_edpt_close_all
                0x10005498        0x8 CMakeFiles/16x2_display_pico1.dir/home/mech/.pico-sdk/sdk/2.2.0/lib/tinyusb/src/portable/raspberrypi/rp2040/dcd_rp2040.c.o
                0x10005498                dcd_edpt_close_all
 .text.dcd_edpt_xfer
                0x100054a0       0x24 CMakeFiles/16x2_display_pico1.dir/home/mech/.pico-sdk/sdk/2.2.0/lib/tinyusb/src/portable/raspberrypi/rp2040/dcd_rp2040.c.o
                0x100054a0                dcd_edpt_xfer
 .text.dcd_edpt_stall
                0x100054c4       0x3c CMakeFiles/16x2_display_pico1.dir/home/mech/.pico-sdk/sdk/2.2.0/lib/tinyusb/src/portable/raspberrypi/rp2040/dcd_rp2040.c.o
                0x100054c4                dcd_edpt_stall
 .text.dcd_edpt_clear_stall
                0x10005500       0x30 CMakeFiles/16x2_display_pico1.dir/home/mech/.pico-sdk/sdk/2.2.0/lib/tinyusb/src/portable/raspberrypi/rp2040/dcd_rp2040.c.o
                0x10005500                dcd_edpt_clear_stall
 .text.rp2040_usb_init
                0x10005530       0x40 CMakeFiles/16x2_display_pico1.dir/home/mech/.pico-sdk/sdk/2.2.0/lib/tinyusb/src/portable/raspberrypi/rp2040/rp2040_usb.c.o
                0x10005530                rp2040_usb_init
 .text.hw_endpoint_xfer_start
                0x10005570       0x40 CMakeFiles/16x2_display_pico1.dir/home/mech/.pico-sdk/sdk/2.2.0/lib/tinyusb/src/portable/raspberrypi/rp2040/rp2040_usb.c.o
                0x10005570                hw_endpoint_xfer_start
 .text.tud_event_hook_cb
                0x100055b0        0x4 CMakeFiles/16x2_display_pico1.dir/home/mech/.pico-sdk/sdk/2.2.0/lib/tinyusb/src/device/usbd.c.o
                0x100055b0                tud_event_hook_cb
 .text.tud_sof_cb
                0x100055b4        0x4 CMakeFiles/16x2_display_pico1.dir/home/mech/.pico-sdk/sdk/2.2.0/lib/tinyusb/src/device/usbd.c.o
                0x100055b4                tud_sof_cb
 .text.tud_descriptor_device_qualifier_cb
                0x100055b8        0x4 CMakeFiles/16x2_display_pico1.dir/home/mech/.pico-sdk/sdk/2.2.0/lib/tinyusb/src/device/usbd.c.o
                0x100055b8                tud_descriptor_device_qualifier_cb
 .text.tud_descriptor_other_speed_configuration_cb
                0x100055bc        0x4 CMakeFiles/16x2_display_pico1.dir/home/mech/.pico-sdk/sdk/2.2.0/lib/tinyusb/src/device/usbd.c.o
                0x100055bc                tud_descriptor_other_speed_configuration_cb
 .text.tud_mount_cb
                0x100055c0        0x4 CMakeFiles/16x2_display_pico1.dir/home/mech/.pico-sdk/sdk/2.2.0/lib/tinyusb/src/device/usbd.c.o
                0x100055c0                tud_mount_cb
 .text.tud_umount_cb
                0x100055c4        0x4 CMakeFiles/16x2_display_pico1.dir/home/mech/.pico-sdk/sdk/2.2.0/lib/tinyusb/src/device/usbd.c.o
                0x100055c4                tud_umount_cb
 .text.tud_suspend_cb
                0x100055c8        0x4 CMakeFiles/16x2_display_pico1.dir/home/mech/.pico-sdk/sdk/2.2.0/lib/tinyusb/src/device/usbd.c.o
                0x100055c8                tud_suspend_cb
 .text.tud_resume_cb
                0x100055cc        0x4 CMakeFiles/16x2_display_pico1.dir/home/mech/.pico-sdk/sdk/2.2.0/lib/tinyusb/src/device/usbd.c.o
                0x100055cc                tud_resume_cb
 .text.tud_mounted
                0x100055d0       0x10 CMakeFiles/16x2_display_pico1.dir/home/mech/.pico-sdk/sdk/2.2.0/lib/tinyusb/src/device/usbd.c.o
                0x100055d0                tud_mounted
 .text.tud_suspended
                0x100055e0       0x10 CMakeFiles/16x2_display_pico1.dir/home/mech/.pico-sdk/sdk/2.2.0/lib/tinyusb/src/device/usbd.c.o
                0x100055e0                tud_suspended
 .text.tud_rhport_init
                0x100055f0       0xf4 CMakeFiles/16x2_display_pico1.dir/home/mech/.pico-sdk/sdk/2.2.0/lib/tinyusb/src/device/usbd.c.o
                0x100055f0                tud_rhport_init
 .text.tud_task_ext
                0x100056e4      0x800 CMakeFiles/16x2_display_pico1.dir/home/mech/.pico-sdk/sdk/2.2.0/lib/tinyusb/src/device/usbd.c.o
                0x100056e4                tud_task_ext
 .text.usbd_open_edpt_pair
                0x10005ee4       0x9c CMakeFiles/16x2_display_pico1.dir/home/mech/.pico-sdk/sdk/2.2.0/lib/tinyusb/src/device/usbd.c.o
                0x10005ee4                usbd_open_edpt_pair
 .text.usbd_edpt_open
                0x10005f80       0x34 CMakeFiles/16x2_display_pico1.dir/home/mech/.pico-sdk/sdk/2.2.0/lib/tinyusb/src/device/usbd.c.o
                0x10005f80                usbd_edpt_open
 .text.usbd_edpt_claim
                0x10005fb4       0x28 CMakeFiles/16x2_display_pico1.dir/home/mech/.pico-sdk/sdk/2.2.0/lib/tinyusb/src/device/usbd.c.o
                0x10005fb4                usbd_edpt_claim
 .text.usbd_edpt_release
                0x10005fdc       0x28 CMakeFiles/16x2_display_pico1.dir/home/mech/.pico-sdk/sdk/2.2.0/lib/tinyusb/src/device/usbd.c.o
                0x10005fdc                usbd_edpt_release
 .text.usbd_edpt_xfer
                0x10006004       0x4c CMakeFiles/16x2_display_pico1.dir/home/mech/.pico-sdk/sdk/2.2.0/lib/tinyusb/src/device/usbd.c.o
                0x10006004                usbd_edpt_xfer
 .text.tud_control_status
                0x10006050       0x2c CMakeFiles/16x2_display_pico1.dir/home/mech/.pico-sdk/sdk/2.2.0/lib/tinyusb/src/device/usbd_control.c.o
                0x10006050                tud_control_status
 .text.tud_control_xfer
                0x1000607c       0xa8 CMakeFiles/16x2_display_pico1.dir/home/mech/.pico-sdk/sdk/2.2.0/lib/tinyusb/src/device/usbd_control.c.o
                0x1000607c                tud_control_xfer
 .text.usbd_control_reset
                0x10006124       0x14 CMakeFiles/16x2_display_pico1.dir/home/mech/.pico-sdk/sdk/2.2.0/lib/tinyusb/src/device/usbd_control.c.o
                0x10006124                usbd_control_reset
 .text.usbd_control_set_complete_callback
                0x10006138        0xc CMakeFiles/16x2_display_pico1.dir/home/mech/.pico-sdk/sdk/2.2.0/lib/tinyusb/src/device/usbd_control.c.o
                0x10006138                usbd_control_set_complete_callback
 .text.usbd_control_set_request
                0x10006144       0x1c CMakeFiles/16x2_display_pico1.dir/home/mech/.pico-sdk/sdk/2.2.0/lib/tinyusb/src/device/usbd_control.c.o
                0x10006144                usbd_control_set_request
 .text.usbd_control_xfer_cb
                0x10006160       0xec CMakeFiles/16x2_display_pico1.dir/home/mech/.pico-sdk/sdk/2.2.0/lib/tinyusb/src/device/usbd_control.c.o
                0x10006160                usbd_control_xfer_cb
 .text._prep_out_transaction.isra.0
                0x1000624c       0x6c CMakeFiles/16x2_display_pico1.dir/home/mech/.pico-sdk/sdk/2.2.0/lib/tinyusb/src/class/cdc/cdc_device.c.o
 .text.tud_cdc_n_connected
                0x100062b8       0x2c CMakeFiles/16x2_display_pico1.dir/home/mech/.pico-sdk/sdk/2.2.0/lib/tinyusb/src/class/cdc/cdc_device.c.o
                0x100062b8                tud_cdc_n_connected
 .text.tud_cdc_n_available
                0x100062e4       0x14 CMakeFiles/16x2_display_pico1.dir/home/mech/.pico-sdk/sdk/2.2.0/lib/tinyusb/src/class/cdc/cdc_device.c.o
                0x100062e4                tud_cdc_n_available
 .text.tud_cdc_n_read
                0x100062f8       0x88 CMakeFiles/16x2_display_pico1.dir/home/mech/.pico-sdk/sdk/2.2.0/lib/tinyusb/src/class/cdc/cdc_device.c.o
                0x100062f8                tud_cdc_n_read
 .text.tud_cdc_n_write_flush
                0x10006380       0x74 CMakeFiles/16x2_display_pico1.dir/home/mech/.pico-sdk/sdk/2.2.0/lib/tinyusb/src/class/cdc/cdc_device.c.o
                0x10006380                tud_cdc_n_write_flush
 .text.tud_cdc_n_write
                0x100063f4       0x40 CMakeFiles/16x2_display_pico1.dir/home/mech/.pico-sdk/sdk/2.2.0/lib/tinyusb/src/class/cdc/cdc_device.c.o
                0x100063f4                tud_cdc_n_write
 .text.tud_cdc_n_write_available
                0x10006434       0x14 CMakeFiles/16x2_display_pico1.dir/home/mech/.pico-sdk/sdk/2.2.0/lib/tinyusb/src/class/cdc/cdc_device.c.o
                0x10006434                tud_cdc_n_write_available
 .text.cdcd_init
                0x10006448       0x70 CMakeFiles/16x2_display_pico1.dir/home/mech/.pico-sdk/sdk/2.2.0/lib/tinyusb/src/class/cdc/cdc_device.c.o
                0x10006448                cdcd_init
 .text.cdcd_deinit
                0x100064b8       0x30 CMakeFiles/16x2_display_pico1.dir/home/mech/.pico-sdk/sdk/2.2.0/lib/tinyusb/src/class/cdc/cdc_device.c.o
                0x100064b8                cdcd_deinit
 .text.cdcd_reset
                0x100064e8       0x4c CMakeFiles/16x2_display_pico1.dir/home/mech/.pico-sdk/sdk/2.2.0/lib/tinyusb/src/class/cdc/cdc_device.c.o
                0x100064e8                cdcd_reset
 .text.cdcd_open
                0x10006534       0xa4 CMakeFiles/16x2_display_pico1.dir/home/mech/.pico-sdk/sdk/2.2.0/lib/tinyusb/src/class/cdc/cdc_device.c.o
                0x10006534                cdcd_open
 .text.cdcd_control_xfer_cb
                0x100065d8       0xe8 CMakeFiles/16x2_display_pico1.dir/home/mech/.pico-sdk/sdk/2.2.0/lib/tinyusb/src/class/cdc/cdc_device.c.o
                0x100065d8                cdcd_control_xfer_cb
 .text.cdcd_xfer_cb
                0x100066c0      0x100 CMakeFiles/16x2_display_pico1.dir/home/mech/.pico-sdk/sdk/2.2.0/lib/tinyusb/src/class/cdc/cdc_device.c.o
                0x100066c0                cdcd_xfer_cb
 .text.vendord_init
                0x100067c0       0x5c CMakeFiles/16x2_display_pico1.dir/home/mech/.pico-sdk/sdk/2.2.0/lib/tinyusb/src/class/vendor/vendor_device.c.o
                0x100067c0                vendord_init
 .text.vendord_deinit
                0x1000681c       0x1c CMakeFiles/16x2_display_pico1.dir/home/mech/.pico-sdk/sdk/2.2.0/lib/tinyusb/src/class/vendor/vendor_device.c.o
                0x1000681c                vendord_deinit
 .text.vendord_reset
                0x10006838       0x28 CMakeFiles/16x2_display_pico1.dir/home/mech/.pico-sdk/sdk/2.2.0/lib/tinyusb/src/class/vendor/vendor_device.c.o
                0x10006838                vendord_reset
 .text.vendord_open
                0x10006860      0x120 CMakeFiles/16x2_display_pico1.dir/home/mech/.pico-sdk/sdk/2.2.0/lib/tinyusb/src/class/vendor/vendor_device.c.o
                0x10006860                vendord_open
 .text.vendord_xfer_cb
                0x10006980       0x9c CMakeFiles/16x2_display_pico1.dir/home/mech/.pico-sdk/sdk/2.2.0/lib/tinyusb/src/class/vendor/vendor_device.c.o
                0x10006980                vendord_xfer_cb
 .text.tusb_rhport_init
                0x10006a1c       0x4c CMakeFiles/16x2_display_pico1.dir/home/mech/.pico-sdk/sdk/2.2.0/lib/tinyusb/src/tusb.c.o
                0x10006a1c                tusb_rhport_init
 .text.tu_edpt_claim
                0x10006a68       0x50 CMakeFiles/16x2_display_pico1.dir/home/mech/.pico-sdk/sdk/2.2.0/lib/tinyusb/src/tusb.c.o
                0x10006a68                tu_edpt_claim
 .text.tu_edpt_release
                0x10006ab8       0x38 CMakeFiles/16x2_display_pico1.dir/home/mech/.pico-sdk/sdk/2.2.0/lib/tinyusb/src/tusb.c.o
                0x10006ab8                tu_edpt_release
 .text.tu_edpt_validate
                0x10006af0       0x7c CMakeFiles/16x2_display_pico1.dir/home/mech/.pico-sdk/sdk/2.2.0/lib/tinyusb/src/tusb.c.o
                0x10006af0                tu_edpt_validate
 .text.tu_edpt_bind_driver
                0x10006b6c       0x34 CMakeFiles/16x2_display_pico1.dir/home/mech/.pico-sdk/sdk/2.2.0/lib/tinyusb/src/tusb.c.o
                0x10006b6c                tu_edpt_bind_driver
 .text.tu_edpt_stream_init
                0x10006ba0       0x6c CMakeFiles/16x2_display_pico1.dir/home/mech/.pico-sdk/sdk/2.2.0/lib/tinyusb/src/tusb.c.o
                0x10006ba0                tu_edpt_stream_init
 .text.tu_edpt_stream_deinit
                0x10006c0c        0x4 CMakeFiles/16x2_display_pico1.dir/home/mech/.pico-sdk/sdk/2.2.0/lib/tinyusb/src/tusb.c.o
                0x10006c0c                tu_edpt_stream_deinit
 .text.tu_edpt_stream_write_zlp_if_needed
                0x10006c10       0x68 CMakeFiles/16x2_display_pico1.dir/home/mech/.pico-sdk/sdk/2.2.0/lib/tinyusb/src/tusb.c.o
                0x10006c10                tu_edpt_stream_write_zlp_if_needed
 .text.tu_edpt_stream_write_xfer
                0x10006c78       0x68 CMakeFiles/16x2_display_pico1.dir/home/mech/.pico-sdk/sdk/2.2.0/lib/tinyusb/src/tusb.c.o
                0x10006c78                tu_edpt_stream_write_xfer
 .text.tu_edpt_stream_read_xfer
                0x10006ce0       0xd8 CMakeFiles/16x2_display_pico1.dir/home/mech/.pico-sdk/sdk/2.2.0/lib/tinyusb/src/tusb.c.o
                0x10006ce0                tu_edpt_stream_read_xfer
 .text.tu_fifo_config
                0x10006db8       0x6c CMakeFiles/16x2_display_pico1.dir/home/mech/.pico-sdk/sdk/2.2.0/lib/tinyusb/src/common/tusb_fifo.c.o
                0x10006db8                tu_fifo_config
 .text.tu_fifo_count
                0x10006e24       0x2c CMakeFiles/16x2_display_pico1.dir/home/mech/.pico-sdk/sdk/2.2.0/lib/tinyusb/src/common/tusb_fifo.c.o
                0x10006e24                tu_fifo_count
 .text.tu_fifo_empty
                0x10006e50       0x10 CMakeFiles/16x2_display_pico1.dir/home/mech/.pico-sdk/sdk/2.2.0/lib/tinyusb/src/common/tusb_fifo.c.o
                0x10006e50                tu_fifo_empty
 .text.tu_fifo_remaining
                0x10006e60       0x2c CMakeFiles/16x2_display_pico1.dir/home/mech/.pico-sdk/sdk/2.2.0/lib/tinyusb/src/common/tusb_fifo.c.o
                0x10006e60                tu_fifo_remaining
 .text.tu_fifo_read
                0x10006e8c       0x9c CMakeFiles/16x2_display_pico1.dir/home/mech/.pico-sdk/sdk/2.2.0/lib/tinyusb/src/common/tusb_fifo.c.o
                0x10006e8c                tu_fifo_read
 .text.tu_fifo_read_n
                0x10006f28       0xe8 CMakeFiles/16x2_display_pico1.dir/home/mech/.pico-sdk/sdk/2.2.0/lib/tinyusb/src/common/tusb_fifo.c.o
                0x10006f28                tu_fifo_read_n
 .text.tu_fifo_write
                0x10007010       0xa4 CMakeFiles/16x2_display_pico1.dir/home/mech/.pico-sdk/sdk/2.2.0/lib/tinyusb/src/common/tusb_fifo.c.o
                0x10007010                tu_fifo_write
 .text.tu_fifo_write_n
                0x100070b4      0x178 CMakeFiles/16x2_display_pico1.dir/home/mech/.pico-sdk/sdk/2.2.0/lib/tinyusb/src/common/tusb_fifo.c.o
                0x100070b4                tu_fifo_write_n
 .text.tu_fifo_clear
                0x1000722c       0x40 CMakeFiles/16x2_display_pico1.dir/home/mech/.pico-sdk/sdk/2.2.0/lib/tinyusb/src/common/tusb_fifo.c.o
                0x1000722c                tu_fifo_clear
 .text.tu_fifo_set_overwritable
                0x1000726c       0x48 CMakeFiles/16x2_display_pico1.dir/home/mech/.pico-sdk/sdk/2.2.0/lib/tinyusb/src/common/tusb_fifo.c.o
                0x1000726c                tu_fifo_set_overwritable
 .text.strlen   0x100072b4       0x5c /home/mech/.pico-sdk/toolchain/14_2_Rel1/bin/../lib/gcc/arm-none-eabi/14.2.1/../../../../arm-none-eabi/lib/thumb/v6-m/nofp/libg.a(libc_a-strlen-stub.o)
                0x100072b4                strlen
 *(.fini)
 .fini          0x10007310        0x4 /home/mech/.pico-sdk/toolchain/14_2_Rel1/bin/../lib/gcc/arm-none-eabi/14.2.1/thumb/v6-m/nofp/crti.o
                0x10007310                _fini
 *fill*         0x10007314        0x4 
 .fini.__stub   0x10007318       0xc0 linker stubs
 *crtbegin.o(.ctors)
 *crtbegin?.o(.ctors)
 *(EXCLUDE_FILE(*crtend.o *crtend?.o) .ctors)
 *(SORT_BY_NAME(.ctors.*))
 *(.ctors)
 *crtbegin.o(.dtors)
 *crtbegin?.o(.dtors)
 *(EXCLUDE_FILE(*crtend.o *crtend?.o) .dtors)
 *(SORT_BY_NAME(.dtors.*))
 *(.dtors)
                0x100073d8                        . = ALIGN (0x4)
                0x100073d8                        PROVIDE (__preinit_array_start = .)
 *(SORT_BY_NAME(.preinit_array.*))
 .preinit_array.00100
                0x100073d8        0x4 CMakeFiles/16x2_display_pico1.dir/home/mech/.pico-sdk/sdk/2.2.0/src/rp2_common/pico_runtime_init/runtime_init.c.o
                0x100073d8                __pre_init_runtime_init_early_resets
 .preinit_array.00101
                0x100073dc        0x4 CMakeFiles/16x2_display_pico1.dir/home/mech/.pico-sdk/sdk/2.2.0/src/rp2_common/pico_runtime_init/runtime_init.c.o
                0x100073dc                __pre_init_runtime_init_usb_power_down
 .preinit_array.00275
                0x100073e0        0x4 CMakeFiles/16x2_display_pico1.dir/home/mech/.pico-sdk/sdk/2.2.0/src/rp2_common/pico_bit_ops/bit_ops_aeabi.S.o
 .preinit_array.00300
                0x100073e4        0x4 CMakeFiles/16x2_display_pico1.dir/home/mech/.pico-sdk/sdk/2.2.0/src/rp2_common/pico_mem_ops/mem_ops_aeabi.S.o
 .preinit_array.00350
                0x100073e8        0x4 CMakeFiles/16x2_display_pico1.dir/home/mech/.pico-sdk/sdk/2.2.0/src/rp2_common/pico_double/double_aeabi_rp2040.S.o
 .preinit_array.00350
                0x100073ec        0x4 CMakeFiles/16x2_display_pico1.dir/home/mech/.pico-sdk/sdk/2.2.0/src/rp2_common/pico_float/float_aeabi_rp2040.S.o
 .preinit_array.00500
                0x100073f0        0x4 CMakeFiles/16x2_display_pico1.dir/home/mech/.pico-sdk/sdk/2.2.0/src/rp2_common/pico_runtime_init/runtime_init.c.o
                0x100073f0                __pre_init_runtime_init_clocks
 .preinit_array.00600
                0x100073f4        0x4 CMakeFiles/16x2_display_pico1.dir/home/mech/.pico-sdk/sdk/2.2.0/src/rp2_common/pico_runtime_init/runtime_init.c.o
                0x100073f4                __pre_init_runtime_init_post_clock_resets
 .preinit_array.00700
                0x100073f8        0x4 CMakeFiles/16x2_display_pico1.dir/home/mech/.pico-sdk/sdk/2.2.0/src/rp2_common/pico_runtime_init/runtime_init.c.o
                0x100073f8                __pre_init_runtime_init_rp2040_gpio_ie_disable
 .preinit_array.01000
                0x100073fc        0x4 CMakeFiles/16x2_display_pico1.dir/home/mech/.pico-sdk/sdk/2.2.0/src/rp2_common/pico_runtime_init/runtime_init.c.o
                0x100073fc                __pre_init_runtime_init_spin_locks_reset
 .preinit_array.01100
                0x10007400        0x4 CMakeFiles/16x2_display_pico1.dir/home/mech/.pico-sdk/sdk/2.2.0/src/common/pico_sync/mutex.c.o
                0x10007400                __pre_init_runtime_init_mutex
 .preinit_array.10080
                0x10007404        0x4 CMakeFiles/16x2_display_pico1.dir/home/mech/.pico-sdk/sdk/2.2.0/src/rp2_common/pico_runtime_init/runtime_init.c.o
                0x10007404                __pre_init_runtime_init_install_ram_vector_table
 .preinit_array.11000
                0x10007408        0x4 CMakeFiles/16x2_display_pico1.dir/home/mech/.pico-sdk/sdk/2.2.0/src/common/pico_time/time.c.o
                0x10007408                __pre_init_runtime_init_default_alarm_pool
 .preinit_array.YYYYY
                0x1000740c        0x4 CMakeFiles/16x2_display_pico1.dir/home/mech/.pico-sdk/sdk/2.2.0/src/rp2_common/pico_runtime/runtime.c.o
                0x1000740c                __pre_init_first_per_core_initializer
 .preinit_array.ZZZZZ.01200
                0x10007410        0x4 CMakeFiles/16x2_display_pico1.dir/home/mech/.pico-sdk/sdk/2.2.0/src/rp2_common/hardware_irq/irq.c.o
                0x10007410                __pre_init_runtime_init_per_core_irq_priorities
 *(.preinit_array)
                0x10007414                        PROVIDE (__preinit_array_end = .)
                0x10007414                        . = ALIGN (0x4)
                0x10007414                        PROVIDE (__init_array_start = .)
 *(SORT_BY_NAME(.init_array.*))
 .init_array.01000
                0x10007414        0x4 CMakeFiles/16x2_display_pico1.dir/home/mech/.pico-sdk/sdk/2.2.0/src/rp2_common/pico_unique_id/unique_id.c.o
 *(.init_array)
 .init_array    0x10007418        0x4 /home/mech/.pico-sdk/toolchain/14_2_Rel1/bin/../lib/gcc/arm-none-eabi/14.2.1/thumb/v6-m/nofp/crtbegin.o
                0x1000741c                        PROVIDE (__init_array_end = .)
                0x1000741c                        . = ALIGN (0x4)
                [!provide]                        PROVIDE (__fini_array_start = .)
 *(SORT_BY_NAME(.fini_array.*))
 *(.fini_array)
                [!provide]                        PROVIDE (__fini_array_end = .)
 *(.eh_frame*)
 .eh_frame      0x1000741c        0x0 /home/mech/.pico-sdk/toolchain/14_2_Rel1/bin/../lib/gcc/arm-none-eabi/14.2.1/thumb/v6-m/nofp/crtbegin.o
                0x1000741c                        . = ALIGN (0x4)

.glue_7         0x1000741c        0x0
 .glue_7        0x1000741c        0x0 linker stubs

.glue_7t        0x1000741c        0x0
 .glue_7t       0x1000741c        0x0 linker stubs

.vfp11_veneer   0x1000741c        0x0
 .vfp11_veneer  0x1000741c        0x0 linker stubs

.v4_bx          0x1000741c        0x0
 .v4_bx         0x1000741c        0x0 linker stubs

.iplt           0x1000741c        0x0
 .iplt          0x1000741c        0x0 /home/mech/.pico-sdk/toolchain/14_2_Rel1/bin/../lib/gcc/arm-none-eabi/14.2.1/thumb/v6-m/nofp/crtbegin.o

.rodata         0x10007420      0x71c
 *(EXCLUDE_FILE(*libm.a: *libc.a:*lib_a-mem*.o *libgcc.a:) .rodata*)
 .rodata.web_read_from_dht.str1.4
                0x10007420      0x1f8 CMakeFiles/16x2_display_pico1.dir/16x2_display_pico1.c.o
                                 0x2b (size before relaxing)
 .rodata.main.str1.4
                0x10007618       0x4f CMakeFiles/16x2_display_pico1.dir/16x2_display_pico1.c.o
 .rodata        0x10007618       0x74 CMakeFiles/16x2_display_pico1.dir/16x2_display_pico1.c.o
 .rodata.panic.str1.4
                0x1000768c       0x12 CMakeFiles/16x2_display_pico1.dir/home/mech/.pico-sdk/sdk/2.2.0/src/rp2_common/pico_platform_panic/panic.c.o
 .rodata.spin_lock_claim_unused.str1.4
                0x1000768c       0x1b CMakeFiles/16x2_display_pico1.dir/home/mech/.pico-sdk/sdk/2.2.0/src/rp2_common/hardware_sync/sync.c.o
 .rodata.user_irq_claim_unused.str1.4
                0x1000768c       0x1b CMakeFiles/16x2_display_pico1.dir/home/mech/.pico-sdk/sdk/2.2.0/src/rp2_common/hardware_irq/irq.c.o
 .rodata.timer_hardware_alarm_claim.str1.4
                0x1000768c       0x22 CMakeFiles/16x2_display_pico1.dir/home/mech/.pico-sdk/sdk/2.2.0/src/rp2_common/hardware_timer/timer.c.o
 .rodata.hard_assertion_failure.str1.4
                0x1000768c        0xc CMakeFiles/16x2_display_pico1.dir/home/mech/.pico-sdk/sdk/2.2.0/src/rp2_common/pico_runtime/runtime.c.o
 .rodata.str1.4
                0x1000768c       0x4c CMakeFiles/16x2_display_pico1.dir/home/mech/.pico-sdk/sdk/2.2.0/src/rp2_common/pico_standard_binary_info/standard_binary_info.c.o
 .rodata.__bi_84
                0x1000768c        0xc CMakeFiles/16x2_display_pico1.dir/home/mech/.pico-sdk/sdk/2.2.0/src/rp2_common/pico_standard_binary_info/standard_binary_info.c.o
 .rodata.__bi_78
                0x10007698        0xc CMakeFiles/16x2_display_pico1.dir/home/mech/.pico-sdk/sdk/2.2.0/src/rp2_common/pico_standard_binary_info/standard_binary_info.c.o
 .rodata.__bi_60
                0x100076a4        0xc CMakeFiles/16x2_display_pico1.dir/home/mech/.pico-sdk/sdk/2.2.0/src/rp2_common/pico_standard_binary_info/standard_binary_info.c.o
 .rodata.__bi_54
                0x100076b0        0xc CMakeFiles/16x2_display_pico1.dir/home/mech/.pico-sdk/sdk/2.2.0/src/rp2_common/pico_standard_binary_info/standard_binary_info.c.o
 .rodata.__bi_48
                0x100076bc        0xc CMakeFiles/16x2_display_pico1.dir/home/mech/.pico-sdk/sdk/2.2.0/src/rp2_common/pico_standard_binary_info/standard_binary_info.c.o
 .rodata.__bi_42
                0x100076c8        0xc CMakeFiles/16x2_display_pico1.dir/home/mech/.pico-sdk/sdk/2.2.0/src/rp2_common/pico_standard_binary_info/standard_binary_info.c.o
 .rodata.__bi_34
                0x100076d4        0xc CMakeFiles/16x2_display_pico1.dir/home/mech/.pico-sdk/sdk/2.2.0/src/rp2_common/pico_standard_binary_info/standard_binary_info.c.o
 .rodata.__bi_26
                0x100076e0        0xc CMakeFiles/16x2_display_pico1.dir/home/mech/.pico-sdk/sdk/2.2.0/src/rp2_common/pico_standard_binary_info/standard_binary_info.c.o
 .rodata._ftoa.str1.4
                0x100076ec       0x15 CMakeFiles/16x2_display_pico1.dir/home/mech/.pico-sdk/sdk/2.2.0/src/rp2_common/pico_printf/printf.c.o
 .rodata._vsnprintf
                0x100076ec      0x19c CMakeFiles/16x2_display_pico1.dir/home/mech/.pico-sdk/sdk/2.2.0/src/rp2_common/pico_printf/printf.c.o
 .rodata.pow10.0
                0x10007888       0x50 CMakeFiles/16x2_display_pico1.dir/home/mech/.pico-sdk/sdk/2.2.0/src/rp2_common/pico_printf/printf.c.o
 .rodata.crlf_str.0
                0x100078d8        0x2 CMakeFiles/16x2_display_pico1.dir/home/mech/.pico-sdk/sdk/2.2.0/src/rp2_common/pico_stdio/stdio.c.o
 *fill*         0x100078da        0x2 
 .rodata._resetd_driver
                0x100078dc       0x20 CMakeFiles/16x2_display_pico1.dir/home/mech/.pico-sdk/sdk/2.2.0/src/rp2_common/pico_stdio_usb/reset_interface.c.o
 .rodata.desc_ms_os_20
                0x100078fc       0xa6 CMakeFiles/16x2_display_pico1.dir/home/mech/.pico-sdk/sdk/2.2.0/src/rp2_common/pico_stdio_usb/reset_interface.c.o
 *fill*         0x100079a2        0x2 
 .rodata.desc_bos
                0x100079a4       0x21 CMakeFiles/16x2_display_pico1.dir/home/mech/.pico-sdk/sdk/2.2.0/src/rp2_common/pico_stdio_usb/reset_interface.c.o
                0x100079a4                desc_bos
 .rodata.str1.4
                0x100079c5       0x13 CMakeFiles/16x2_display_pico1.dir/home/mech/.pico-sdk/sdk/2.2.0/src/rp2_common/pico_stdio_usb/stdio_usb.c.o
 *fill*         0x100079c5        0x3 
 .rodata.__bi_202.0
                0x100079c8        0xc CMakeFiles/16x2_display_pico1.dir/home/mech/.pico-sdk/sdk/2.2.0/src/rp2_common/pico_stdio_usb/stdio_usb.c.o
 .rodata.str1.4
                0x100079d4       0x2a CMakeFiles/16x2_display_pico1.dir/home/mech/.pico-sdk/sdk/2.2.0/src/rp2_common/pico_stdio_usb/stdio_usb_descriptors.c.o
 .rodata.usbd_desc_str
                0x100079d4       0x18 CMakeFiles/16x2_display_pico1.dir/home/mech/.pico-sdk/sdk/2.2.0/src/rp2_common/pico_stdio_usb/stdio_usb_descriptors.c.o
 .rodata.usbd_desc_cfg
                0x100079ec       0x54 CMakeFiles/16x2_display_pico1.dir/home/mech/.pico-sdk/sdk/2.2.0/src/rp2_common/pico_stdio_usb/stdio_usb_descriptors.c.o
 .rodata.usbd_desc_device
                0x10007a40       0x12 CMakeFiles/16x2_display_pico1.dir/home/mech/.pico-sdk/sdk/2.2.0/src/rp2_common/pico_stdio_usb/stdio_usb_descriptors.c.o
 .rodata.str1.4
                0x10007a52       0x14 CMakeFiles/16x2_display_pico1.dir/home/mech/.pico-sdk/sdk/2.2.0/lib/tinyusb/src/portable/raspberrypi/rp2040/dcd_rp2040.c.o
 .rodata.str1.4
                0x10007a52       0x48 CMakeFiles/16x2_display_pico1.dir/home/mech/.pico-sdk/sdk/2.2.0/lib/tinyusb/src/portable/raspberrypi/rp2040/rp2040_usb.c.o
 *fill*         0x10007a52        0x2 
 .rodata.tud_task_ext
                0x10007a54       0x8c CMakeFiles/16x2_display_pico1.dir/home/mech/.pico-sdk/sdk/2.2.0/lib/tinyusb/src/device/usbd.c.o
 .rodata        0x10007ae0       0x1c CMakeFiles/16x2_display_pico1.dir/home/mech/.pico-sdk/sdk/2.2.0/lib/tinyusb/src/device/usbd.c.o
 .rodata._usbd_driver
                0x10007afc       0x40 CMakeFiles/16x2_display_pico1.dir/home/mech/.pico-sdk/sdk/2.2.0/lib/tinyusb/src/device/usbd.c.o
                0x10007b3c                        . = ALIGN (0x4)
 *(SORT_BY_ALIGNMENT(SORT_BY_NAME(.flashdata*)))
                0x10007b3c                        . = ALIGN (0x4)

.ARM.extab
 *(.ARM.extab* .gnu.linkonce.armextab.*)
                0x10007b3c                        __exidx_start = .

.ARM.exidx
 *(.ARM.exidx* .gnu.linkonce.armexidx.*)
                0x10007b3c                        __exidx_end = .
                0x10007b3c                        . = ALIGN (0x4)
                0x10007b3c                        __binary_info_start = .

.binary_info    0x10007b3c       0x24
 *(.binary_info.keep.*)
 .binary_info.keep.__bi_ptr84
                0x10007b3c        0x4 CMakeFiles/16x2_display_pico1.dir/home/mech/.pico-sdk/sdk/2.2.0/src/rp2_common/pico_standard_binary_info/standard_binary_info.c.o
 .binary_info.keep.__bi_ptr78
                0x10007b40        0x4 CMakeFiles/16x2_display_pico1.dir/home/mech/.pico-sdk/sdk/2.2.0/src/rp2_common/pico_standard_binary_info/standard_binary_info.c.o
 .binary_info.keep.__bi_ptr60
                0x10007b44        0x4 CMakeFiles/16x2_display_pico1.dir/home/mech/.pico-sdk/sdk/2.2.0/src/rp2_common/pico_standard_binary_info/standard_binary_info.c.o
 .binary_info.keep.__bi_ptr54
                0x10007b48        0x4 CMakeFiles/16x2_display_pico1.dir/home/mech/.pico-sdk/sdk/2.2.0/src/rp2_common/pico_standard_binary_info/standard_binary_info.c.o
 .binary_info.keep.__bi_ptr48
                0x10007b4c        0x4 CMakeFiles/16x2_display_pico1.dir/home/mech/.pico-sdk/sdk/2.2.0/src/rp2_common/pico_standard_binary_info/standard_binary_info.c.o
 .binary_info.keep.__bi_ptr42
                0x10007b50        0x4 CMakeFiles/16x2_display_pico1.dir/home/mech/.pico-sdk/sdk/2.2.0/src/rp2_common/pico_standard_binary_info/standard_binary_info.c.o
 .binary_info.keep.__bi_ptr34
                0x10007b54        0x4 CMakeFiles/16x2_display_pico1.dir/home/mech/.pico-sdk/sdk/2.2.0/src/rp2_common/pico_standard_binary_info/standard_binary_info.c.o
 .binary_info.keep.__bi_ptr26
                0x10007b58        0x4 CMakeFiles/16x2_display_pico1.dir/home/mech/.pico-sdk/sdk/2.2.0/src/rp2_common/pico_standard_binary_info/standard_binary_info.c.o
 *(.binary_info.*)
 .binary_info.__bi_ptr202
                0x10007b5c        0x4 CMakeFiles/16x2_display_pico1.dir/home/mech/.pico-sdk/sdk/2.2.0/src/rp2_common/pico_stdio_usb/stdio_usb.c.o
                0x10007b60                        __binary_info_end = .
                0x10007b60                        . = ALIGN (0x4)

.ram_vector_table
                0x20000000       0xc0
 *(.ram_vector_table)
 .ram_vector_table
                0x20000000       0xc0 CMakeFiles/16x2_display_pico1.dir/home/mech/.pico-sdk/sdk/2.2.0/src/rp2_common/pico_runtime_init/runtime_init.c.o
                0x20000000                ram_vector_table

.uninitialized_data
                0x200000c0        0x0
                0x200000c0                        . = ALIGN (0x4)
 *(.uninitialized_data*)

.data           0x200000c0      0xff0 load address 0x10007b60
                0x200000c0                        __data_start__ = .
 *(vtable)
 *(.time_critical*)
 .time_critical.mutex_try_enter
                0x200000c0       0x40 CMakeFiles/16x2_display_pico1.dir/home/mech/.pico-sdk/sdk/2.2.0/src/common/pico_sync/mutex.c.o
                0x200000c0                mutex_try_enter
 .time_critical.mutex_try_enter_block_until
                0x20000100       0x98 CMakeFiles/16x2_display_pico1.dir/home/mech/.pico-sdk/sdk/2.2.0/src/common/pico_sync/mutex.c.o
                0x20000100                mutex_try_enter_block_until
 .time_critical.mutex_enter_timeout_ms
                0x20000198       0x8c CMakeFiles/16x2_display_pico1.dir/home/mech/.pico-sdk/sdk/2.2.0/src/common/pico_sync/mutex.c.o
                0x20000198                mutex_enter_timeout_ms
 .time_critical.mutex_exit
                0x20000224       0x28 CMakeFiles/16x2_display_pico1.dir/home/mech/.pico-sdk/sdk/2.2.0/src/common/pico_sync/mutex.c.o
                0x20000224                mutex_exit
 .time_critical.flash_init_boot2_copyout
                0x2000024c       0x30 CMakeFiles/16x2_display_pico1.dir/home/mech/.pico-sdk/sdk/2.2.0/src/rp2_common/hardware_flash/flash.c.o
 .time_critical.flash_enable_xip_via_boot2
                0x2000027c        0xc CMakeFiles/16x2_display_pico1.dir/home/mech/.pico-sdk/sdk/2.2.0/src/rp2_common/hardware_flash/flash.c.o
 .time_critical.flash_save_hardware_state
                0x20000288       0x20 CMakeFiles/16x2_display_pico1.dir/home/mech/.pico-sdk/sdk/2.2.0/src/rp2_common/hardware_flash/flash.c.o
 .time_critical.flash_restore_hardware_state
                0x200002a8       0x20 CMakeFiles/16x2_display_pico1.dir/home/mech/.pico-sdk/sdk/2.2.0/src/rp2_common/hardware_flash/flash.c.o
 .time_critical.flash_cs_force
                0x200002c8       0x38 CMakeFiles/16x2_display_pico1.dir/home/mech/.pico-sdk/sdk/2.2.0/src/rp2_common/hardware_flash/flash.c.o
 .time_critical.flash_do_cmd
                0x20000300      0x13c CMakeFiles/16x2_display_pico1.dir/home/mech/.pico-sdk/sdk/2.2.0/src/rp2_common/hardware_flash/flash.c.o
                0x20000300                flash_do_cmd
 .time_critical.reset_non_control_endpoints
                0x2000043c       0x68 CMakeFiles/16x2_display_pico1.dir/home/mech/.pico-sdk/sdk/2.2.0/lib/tinyusb/src/portable/raspberrypi/rp2040/dcd_rp2040.c.o
 .time_critical.hw_handle_buff_status
                0x200004a4       0xa0 CMakeFiles/16x2_display_pico1.dir/home/mech/.pico-sdk/sdk/2.2.0/lib/tinyusb/src/portable/raspberrypi/rp2040/dcd_rp2040.c.o
 .time_critical.dcd_rp2040_irq
                0x20000544      0x548 CMakeFiles/16x2_display_pico1.dir/home/mech/.pico-sdk/sdk/2.2.0/lib/tinyusb/src/portable/raspberrypi/rp2040/dcd_rp2040.c.o
 .time_critical.prepare_ep_buffer
                0x20000a8c       0xc8 CMakeFiles/16x2_display_pico1.dir/home/mech/.pico-sdk/sdk/2.2.0/lib/tinyusb/src/portable/raspberrypi/rp2040/rp2040_usb.c.o
 .time_critical.sync_ep_buffer
                0x20000b54       0x9c CMakeFiles/16x2_display_pico1.dir/home/mech/.pico-sdk/sdk/2.2.0/lib/tinyusb/src/portable/raspberrypi/rp2040/rp2040_usb.c.o
 .time_critical._hw_endpoint_xfer_sync
                0x20000bf0       0x28 CMakeFiles/16x2_display_pico1.dir/home/mech/.pico-sdk/sdk/2.2.0/lib/tinyusb/src/portable/raspberrypi/rp2040/rp2040_usb.c.o
 .time_critical.e15_is_bulkin_ep
                0x20000c18       0x28 CMakeFiles/16x2_display_pico1.dir/home/mech/.pico-sdk/sdk/2.2.0/lib/tinyusb/src/portable/raspberrypi/rp2040/rp2040_usb.c.o
 .time_critical.e15_is_critical_frame_period
                0x20000c40       0x34 CMakeFiles/16x2_display_pico1.dir/home/mech/.pico-sdk/sdk/2.2.0/lib/tinyusb/src/portable/raspberrypi/rp2040/rp2040_usb.c.o
 .time_critical.hw_endpoint_reset_transfer
                0x20000c74        0xc CMakeFiles/16x2_display_pico1.dir/home/mech/.pico-sdk/sdk/2.2.0/lib/tinyusb/src/portable/raspberrypi/rp2040/rp2040_usb.c.o
                0x20000c74                hw_endpoint_reset_transfer
 .time_critical._hw_endpoint_buffer_control_update32
                0x20000c80       0x50 CMakeFiles/16x2_display_pico1.dir/home/mech/.pico-sdk/sdk/2.2.0/lib/tinyusb/src/portable/raspberrypi/rp2040/rp2040_usb.c.o
                0x20000c80                _hw_endpoint_buffer_control_update32
 .time_critical.hw_endpoint_start_next_buffer
                0x20000cd0       0x68 CMakeFiles/16x2_display_pico1.dir/home/mech/.pico-sdk/sdk/2.2.0/lib/tinyusb/src/portable/raspberrypi/rp2040/rp2040_usb.c.o
                0x20000cd0                hw_endpoint_start_next_buffer
 .time_critical.hw_endpoint_xfer_continue
                0x20000d38       0x40 CMakeFiles/16x2_display_pico1.dir/home/mech/.pico-sdk/sdk/2.2.0/lib/tinyusb/src/portable/raspberrypi/rp2040/rp2040_usb.c.o
                0x20000d38                hw_endpoint_xfer_continue
 .time_critical.tinyusb
                0x20000d78      0x1e4 CMakeFiles/16x2_display_pico1.dir/home/mech/.pico-sdk/sdk/2.2.0/lib/tinyusb/src/device/usbd.c.o
                0x20000d78                dcd_event_handler
 *(.text*)
 .text          0x20000f5c        0x4 /home/mech/.pico-sdk/toolchain/14_2_Rel1/bin/../lib/gcc/arm-none-eabi/14.2.1/thumb/v6-m/nofp/libgcc.a(_dvmd_tls.o)
                0x20000f5c                __aeabi_ldiv0
                0x20000f5c                __aeabi_idiv0
 .text.__stub   0x20000f60       0x80 linker stubs
                0x20000fe0                        . = ALIGN (0x4)
 *(.rodata*)
                0x20000fe0                        . = ALIGN (0x4)
 *(.data*)
 .data.striped_spin_lock_num
                0x20000fe0        0x1 CMakeFiles/16x2_display_pico1.dir/home/mech/.pico-sdk/sdk/2.2.0/src/rp2_common/hardware_sync/sync.c.o
 *fill*         0x20000fe1        0x3 
 .data          0x20000fe4       0x48 CMakeFiles/16x2_display_pico1.dir/home/mech/.pico-sdk/sdk/2.2.0/src/rp2_common/hardware_irq/irq_handler_chain.S.o
                0x20000fe4                irq_handler_chain_slots
                0x20001014                irq_handler_chain_first_slot
                0x2000101e                irq_handler_chain_remove_tail
 .data.default_alarm_pool
                0x2000102c       0x18 CMakeFiles/16x2_display_pico1.dir/home/mech/.pico-sdk/sdk/2.2.0/src/common/pico_time/time.c.o
 *fill*         0x20001044        0xc 
 .data.aeabi_bits_funcs
                0x20001050       0x10 CMakeFiles/16x2_display_pico1.dir/home/mech/.pico-sdk/sdk/2.2.0/src/rp2_common/pico_bit_ops/bit_ops_aeabi.S.o
                0x20001050                aeabi_bits_funcs
                0x20001060                aeabi_bits_funcs_end
 .data.aeabi_mem_funcs
                0x20001060       0x10 CMakeFiles/16x2_display_pico1.dir/home/mech/.pico-sdk/sdk/2.2.0/src/rp2_common/pico_mem_ops/mem_ops_aeabi.S.o
                0x20001060                aeabi_mem_funcs
                0x20001070                aeabi_mem_funcs_end
 .data.stdio_usb
                0x20001070       0x18 CMakeFiles/16x2_display_pico1.dir/home/mech/.pico-sdk/sdk/2.2.0/src/rp2_common/pico_stdio_usb/stdio_usb.c.o
                0x20001070                stdio_usb
 .data._usbd_qdef
                0x20001088       0x1c CMakeFiles/16x2_display_pico1.dir/home/mech/.pico-sdk/sdk/2.2.0/lib/tinyusb/src/device/usbd.c.o
                0x20001088                _usbd_qdef
 .data._usbd_rhport
                0x200010a4        0x1 CMakeFiles/16x2_display_pico1.dir/home/mech/.pico-sdk/sdk/2.2.0/lib/tinyusb/src/device/usbd.c.o
                0x200010a8                        . = ALIGN (0x4)
 *fill*         0x200010a5        0x3 
 *(.after_data.*)
                0x200010a8                        . = ALIGN (0x4)
                0x200010a8                        PROVIDE (__mutex_array_start = .)
 *(SORT_BY_NAME(.mutex_array.*))
 *(.mutex_array)
 .mutex_array   0x200010a8        0x8 CMakeFiles/16x2_display_pico1.dir/home/mech/.pico-sdk/sdk/2.2.0/src/rp2_common/pico_stdio/stdio.c.o
                0x200010b0                        PROVIDE (__mutex_array_end = .)
                0x200010b0                        . = ALIGN (0x4)
 *(.jcr)
                0x200010b0                        . = ALIGN (0x4)

.tm_clone_table
                0x200010b0        0x0 load address 0x10008b50
 .tm_clone_table
                0x200010b0        0x0 /home/mech/.pico-sdk/toolchain/14_2_Rel1/bin/../lib/gcc/arm-none-eabi/14.2.1/thumb/v6-m/nofp/crtbegin.o
 .tm_clone_table
                0x200010b0        0x0 /home/mech/.pico-sdk/toolchain/14_2_Rel1/bin/../lib/gcc/arm-none-eabi/14.2.1/thumb/v6-m/nofp/crtend.o

.igot.plt       0x200010b0        0x0 load address 0x10008b50
 .igot.plt      0x200010b0        0x0 /home/mech/.pico-sdk/toolchain/14_2_Rel1/bin/../lib/gcc/arm-none-eabi/14.2.1/thumb/v6-m/nofp/crtbegin.o

.tdata          0x200010b0        0x0 load address 0x10008b50
                0x200010b0                        . = ALIGN (0x4)
 *(.tdata .tdata.* .gnu.linkonce.td.*)
                0x200010b0                        __tdata_end = .
                0x200010b0                        PROVIDE (__data_end__ = .)
                0x10007b60                        __etext = LOADADDR (.data)

.tbss           0x200010b0        0x0 load address 0x10008b50
                0x200010b0                        . = ALIGN (0x4)
                0x200010b0                        __bss_start__ = .
                0x200010b0                        __tls_base = .
 *(.tbss .tbss.* .gnu.linkonce.tb.*)
 *(.tcommon)
                0x200010b0                        __tls_end = .

.bss            0x200010b0      0xf2c load address 0x10008b50
                0x200010b0                        . = ALIGN (0x4)
                0x200010b0                        __tbss_end = .
 *(SORT_BY_ALIGNMENT(SORT_BY_NAME(.bss*)))
 .bss.default_alarm_pool_entries
                0x200010b0      0x180 CMakeFiles/16x2_display_pico1.dir/home/mech/.pico-sdk/sdk/2.2.0/src/common/pico_time/time.c.o
 .bss.last_avail_time.1
                0x20001230        0x8 CMakeFiles/16x2_display_pico1.dir/home/mech/.pico-sdk/sdk/2.2.0/src/rp2_common/pico_stdio_usb/stdio_usb.c.o
 .bss.myLCD     0x20001238       0x30 CMakeFiles/16x2_display_pico1.dir/16x2_display_pico1.c.o
                0x20001238                myLCD
 .bss.sd_table  0x20001268      0x100 CMakeFiles/16x2_display_pico1.dir/home/mech/.pico-sdk/sdk/2.2.0/src/rp2_common/pico_double/double_init_rom_rp2040.c.o
                0x20001268                sd_table
 .bss.sf_table  0x20001368      0x100 CMakeFiles/16x2_display_pico1.dir/home/mech/.pico-sdk/sdk/2.2.0/src/rp2_common/pico_float/float_init_rom_rp2040.c.o
                0x20001368                sf_table
 .bss._app_driver
                0x20001468        0x4 CMakeFiles/16x2_display_pico1.dir/home/mech/.pico-sdk/sdk/2.2.0/lib/tinyusb/src/device/usbd.c.o
 .bss._cdcd_epbuf
                0x2000146c       0x80 CMakeFiles/16x2_display_pico1.dir/home/mech/.pico-sdk/sdk/2.2.0/lib/tinyusb/src/class/cdc/cdc_device.c.o
 .bss._cdcd_fifo_cfg
                0x200014ec        0x1 CMakeFiles/16x2_display_pico1.dir/home/mech/.pico-sdk/sdk/2.2.0/lib/tinyusb/src/class/cdc/cdc_device.c.o
 *fill*         0x200014ed        0x3 
 .bss._cdcd_itf
                0x200014f0       0xc8 CMakeFiles/16x2_display_pico1.dir/home/mech/.pico-sdk/sdk/2.2.0/lib/tinyusb/src/class/cdc/cdc_device.c.o
 .bss._ctrl_epbuf
                0x200015b8       0x40 CMakeFiles/16x2_display_pico1.dir/home/mech/.pico-sdk/sdk/2.2.0/lib/tinyusb/src/device/usbd_control.c.o
 .bss._ctrl_xfer
                0x200015f8       0x14 CMakeFiles/16x2_display_pico1.dir/home/mech/.pico-sdk/sdk/2.2.0/lib/tinyusb/src/device/usbd_control.c.o
 .bss._tusb_rhport_role
                0x2000160c        0x2 CMakeFiles/16x2_display_pico1.dir/home/mech/.pico-sdk/sdk/2.2.0/lib/tinyusb/src/tusb.c.o
                0x2000160c                _tusb_rhport_role
 *fill*         0x2000160e        0x2 
 .bss._ubsd_mutexdef
                0x20001610        0x8 CMakeFiles/16x2_display_pico1.dir/home/mech/.pico-sdk/sdk/2.2.0/lib/tinyusb/src/device/usbd.c.o
 .bss._usbd_dev
                0x20001618       0x54 CMakeFiles/16x2_display_pico1.dir/home/mech/.pico-sdk/sdk/2.2.0/lib/tinyusb/src/device/usbd.c.o
 .bss._usbd_mutex
                0x2000166c        0x4 CMakeFiles/16x2_display_pico1.dir/home/mech/.pico-sdk/sdk/2.2.0/lib/tinyusb/src/device/usbd.c.o
 .bss._usbd_q   0x20001670        0x4 CMakeFiles/16x2_display_pico1.dir/home/mech/.pico-sdk/sdk/2.2.0/lib/tinyusb/src/device/usbd.c.o
 .bss._usbd_qdef_buf
                0x20001674       0xc0 CMakeFiles/16x2_display_pico1.dir/home/mech/.pico-sdk/sdk/2.2.0/lib/tinyusb/src/device/usbd.c.o
                0x20001674                _usbd_qdef_buf
 .bss._vendord_epbuf
                0x20001734       0x80 CMakeFiles/16x2_display_pico1.dir/home/mech/.pico-sdk/sdk/2.2.0/lib/tinyusb/src/class/vendor/vendor_device.c.o
 .bss._vendord_itf
                0x200017b4      0x24c CMakeFiles/16x2_display_pico1.dir/home/mech/.pico-sdk/sdk/2.2.0/lib/tinyusb/src/class/vendor/vendor_device.c.o
 .bss.boot2_copyout
                0x20001a00      0x100 CMakeFiles/16x2_display_pico1.dir/home/mech/.pico-sdk/sdk/2.2.0/src/rp2_common/hardware_flash/flash.c.o
 .bss.chars_available_callback
                0x20001b00        0x4 CMakeFiles/16x2_display_pico1.dir/home/mech/.pico-sdk/sdk/2.2.0/src/rp2_common/pico_stdio_usb/stdio_usb.c.o
 .bss.chars_available_param
                0x20001b04        0x4 CMakeFiles/16x2_display_pico1.dir/home/mech/.pico-sdk/sdk/2.2.0/src/rp2_common/pico_stdio_usb/stdio_usb.c.o
 .bss.claimed   0x20001b08        0x4 CMakeFiles/16x2_display_pico1.dir/home/mech/.pico-sdk/sdk/2.2.0/src/rp2_common/hardware_sync/sync.c.o
 .bss.claimed   0x20001b0c        0x1 CMakeFiles/16x2_display_pico1.dir/home/mech/.pico-sdk/sdk/2.2.0/src/rp2_common/hardware_timer/timer.c.o
 *fill*         0x20001b0d        0x3 
 .bss.configured_freq
                0x20001b10       0x28 CMakeFiles/16x2_display_pico1.dir/home/mech/.pico-sdk/sdk/2.2.0/src/rp2_common/hardware_clocks/clocks.c.o
 .bss.desc_str.0
                0x20001b38       0x28 CMakeFiles/16x2_display_pico1.dir/home/mech/.pico-sdk/sdk/2.2.0/src/rp2_common/pico_stdio_usb/stdio_usb_descriptors.c.o
 .bss.drivers   0x20001b60        0x4 CMakeFiles/16x2_display_pico1.dir/home/mech/.pico-sdk/sdk/2.2.0/src/rp2_common/pico_stdio/stdio.c.o
 .bss.e15_last_sof
                0x20001b64        0x4 CMakeFiles/16x2_display_pico1.dir/home/mech/.pico-sdk/sdk/2.2.0/lib/tinyusb/src/portable/raspberrypi/rp2040/rp2040_usb.c.o
                0x20001b64                e15_last_sof
 .bss.filter    0x20001b68        0x4 CMakeFiles/16x2_display_pico1.dir/home/mech/.pico-sdk/sdk/2.2.0/src/rp2_common/pico_stdio/stdio.c.o
 .bss.hw_endpoints
                0x20001b6c      0x400 CMakeFiles/16x2_display_pico1.dir/home/mech/.pico-sdk/sdk/2.2.0/lib/tinyusb/src/portable/raspberrypi/rp2040/dcd_rp2040.c.o
 .bss.lazy_vsnprintf
                0x20001f6c        0x4 CMakeFiles/16x2_display_pico1.dir/home/mech/.pico-sdk/sdk/2.2.0/src/rp2_common/pico_printf/printf.c.o
 .bss.load_value
                0x20001f70        0x4 CMakeFiles/16x2_display_pico1.dir/home/mech/.pico-sdk/sdk/2.2.0/src/rp2_common/hardware_watchdog/watchdog.c.o
 .bss.next_buffer_ptr
                0x20001f74        0x4 CMakeFiles/16x2_display_pico1.dir/home/mech/.pico-sdk/sdk/2.2.0/lib/tinyusb/src/portable/raspberrypi/rp2040/dcd_rp2040.c.o
 .bss.object.0  0x20001f78       0x18 /home/mech/.pico-sdk/toolchain/14_2_Rel1/bin/../lib/gcc/arm-none-eabi/14.2.1/thumb/v6-m/nofp/crtbegin.o
 .bss.one_shot_timer_crit_sec
                0x20001f90        0x8 CMakeFiles/16x2_display_pico1.dir/home/mech/.pico-sdk/sdk/2.2.0/src/rp2_common/pico_stdio_usb/stdio_usb.c.o
 .bss.pools     0x20001f98       0x10 CMakeFiles/16x2_display_pico1.dir/home/mech/.pico-sdk/sdk/2.2.0/src/common/pico_time/time.c.o
 .bss.retrieved_id
                0x20001fa8        0x8 CMakeFiles/16x2_display_pico1.dir/home/mech/.pico-sdk/sdk/2.2.0/src/rp2_common/pico_unique_id/unique_id.c.o
 .bss.sf_clz_func
                0x20001fb0        0x4 CMakeFiles/16x2_display_pico1.dir/home/mech/.pico-sdk/sdk/2.2.0/src/rp2_common/pico_double/double_init_rom_rp2040.c.o
                0x20001fb0                sf_clz_func
 .bss.sleep_notifier
                0x20001fb4        0x4 CMakeFiles/16x2_display_pico1.dir/home/mech/.pico-sdk/sdk/2.2.0/src/common/pico_time/time.c.o
 .bss.stdio_usb_mutex
                0x20001fb8        0x8 CMakeFiles/16x2_display_pico1.dir/home/mech/.pico-sdk/sdk/2.2.0/src/rp2_common/pico_stdio_usb/stdio_usb.c.o
 .bss.usbd_serial_str
                0x20001fc0       0x11 CMakeFiles/16x2_display_pico1.dir/home/mech/.pico-sdk/sdk/2.2.0/src/rp2_common/pico_stdio_usb/stdio_usb_descriptors.c.o
 .bss._app_driver_count
                0x20001fd1        0x1 CMakeFiles/16x2_display_pico1.dir/home/mech/.pico-sdk/sdk/2.2.0/lib/tinyusb/src/device/usbd.c.o
 .bss._sof_enable
                0x20001fd2        0x1 CMakeFiles/16x2_display_pico1.dir/home/mech/.pico-sdk/sdk/2.2.0/lib/tinyusb/src/portable/raspberrypi/rp2040/dcd_rp2040.c.o
 .bss._usbd_queued_setup
                0x20001fd3        0x1 CMakeFiles/16x2_display_pico1.dir/home/mech/.pico-sdk/sdk/2.2.0/lib/tinyusb/src/device/usbd.c.o
 .bss.boot2_copyout_valid
                0x20001fd4        0x1 CMakeFiles/16x2_display_pico1.dir/home/mech/.pico-sdk/sdk/2.2.0/src/rp2_common/hardware_flash/flash.c.o
 .bss.irq_handler_chain_free_slot_head
                0x20001fd5        0x1 CMakeFiles/16x2_display_pico1.dir/home/mech/.pico-sdk/sdk/2.2.0/src/rp2_common/hardware_irq/irq.c.o
 .bss.itf_num   0x20001fd6        0x1 CMakeFiles/16x2_display_pico1.dir/home/mech/.pico-sdk/sdk/2.2.0/src/rp2_common/pico_stdio_usb/reset_interface.c.o
 .bss.low_priority_irq_num
                0x20001fd7        0x1 CMakeFiles/16x2_display_pico1.dir/home/mech/.pico-sdk/sdk/2.2.0/src/rp2_common/pico_stdio_usb/stdio_usb.c.o
 .bss.one_shot_timer_pending
                0x20001fd8        0x1 CMakeFiles/16x2_display_pico1.dir/home/mech/.pico-sdk/sdk/2.2.0/src/rp2_common/pico_stdio_usb/stdio_usb.c.o
 .bss.user_irq_claimed
                0x20001fd9        0x1 CMakeFiles/16x2_display_pico1.dir/home/mech/.pico-sdk/sdk/2.2.0/src/rp2_common/hardware_irq/irq.c.o
 *(COMMON)
                0x20001fdc                        . = ALIGN (0x4)
 *fill*         0x20001fda        0x2 
                0x20001fdc                        __bss_end__ = .

.heap           0x20001fdc      0x800 load address 0x10008b50
                0x20001fdc                        __end__ = .
                0x20001fdc                        end = __end__
 *(.heap*)
 .heap          0x20001fdc      0x800 CMakeFiles/16x2_display_pico1.dir/home/mech/.pico-sdk/sdk/2.2.0/src/rp2_common/pico_crt0/crt0.S.o
                0x20040000                        __HeapLimit = (ORIGIN (RAM) + LENGTH (RAM))

.scratch_x      0x20040000        0x0 load address 0x10008b50
                0x20040000                        __scratch_x_start__ = .
 *(.scratch_x.*)
                0x20040000                        . = ALIGN (0x4)
                0x20040000                        __scratch_x_end__ = .
                0x10008b50                        __scratch_x_source__ = LOADADDR (.scratch_x)

.scratch_y      0x20041000        0x0 load address 0x10008b50
                0x20041000                        __scratch_y_start__ = .
 *(.scratch_y.*)
                0x20041000                        . = ALIGN (0x4)
                0x20041000                        __scratch_y_end__ = .
                0x10008b50                        __scratch_y_source__ = LOADADDR (.scratch_y)

.stack1_dummy
 *(.stack1*)

.stack_dummy    0x20041000      0x800
 *(.stack*)
 .stack         0x20041000      0x800 CMakeFiles/16x2_display_pico1.dir/home/mech/.pico-sdk/sdk/2.2.0/src/rp2_common/pico_crt0/crt0.S.o

.rel.dyn        0x20041800        0x0
 .rel.iplt      0x20041800        0x0 /home/mech/.pico-sdk/toolchain/14_2_Rel1/bin/../lib/gcc/arm-none-eabi/14.2.1/thumb/v6-m/nofp/crtbegin.o

.flash_end      0x10008b50        0x0
 *(.embedded_end_block*)
                0x10008b50                        PROVIDE (__flash_binary_end = .)
                0x20040000                        __StackLimit = (ORIGIN (RAM) + LENGTH (RAM))
                0x20041000                        __StackOneTop = (ORIGIN (SCRATCH_X) + LENGTH (SCRATCH_X))
                0x20042000                        __StackTop = (ORIGIN (SCRATCH_Y) + LENGTH (SCRATCH_Y))
                0x20041000                        __StackOneBottom = (__StackOneTop - SIZEOF (.stack1_dummy))
                0x20041800                        __StackBottom = (__StackTop - SIZEOF (.stack_dummy))
                0x20042000                        PROVIDE (__stack = __StackTop)
                [!provide]                        PROVIDE (__heap_start = __end__)
                [!provide]                        PROVIDE (__heap_end = __HeapLimit)
                [!provide]                        PROVIDE (__tls_align = MAX (ALIGNOF (.tdata), ALIGNOF (.tbss)))
                [!provide]                        PROVIDE (__tls_size_align = (((__tls_size + __tls_align) - 0x1) & ~ ((__tls_align - 0x1))))
                [!provide]                        PROVIDE (__arm32_tls_tcb_offset = MAX (0x8, __tls_align))
                [!provide]                        PROVIDE (_end = __end__)
                [!provide]                        PROVIDE (__llvm_libc_heap_limit = __HeapLimit)
                0x00000001                        ASSERT ((__StackLimit >= __HeapLimit), region RAM overflowed)
                0x00000001                        ASSERT (((__binary_info_header_end - __logical_binary_start) <= 0x100), Binary info must be in first 256 bytes of the binary)
LOAD CMakeFiles/16x2_display_pico1.dir/16x2_display_pico1.c.o
LOAD CMakeFiles/16x2_display_pico1.dir/home/mech/.pico-sdk/sdk/2.2.0/src/rp2_common/pico_stdlib/stdlib.c.o
LOAD CMakeFiles/16x2_display_pico1.dir/home/mech/.pico-sdk/sdk/2.2.0/src/rp2_common/hardware_gpio/gpio.c.o
LOAD CMakeFiles/16x2_display_pico1.dir/home/mech/.pico-sdk/sdk/2.2.0/src/rp2040/pico_platform/platform.c.o
LOAD CMakeFiles/16x2_display_pico1.dir/home/mech/.pico-sdk/sdk/2.2.0/src/rp2_common/pico_platform_common/common.c.o
LOAD CMakeFiles/16x2_display_pico1.dir/home/mech/.pico-sdk/sdk/2.2.0/src/rp2_common/pico_platform_panic/panic.c.o
LOAD CMakeFiles/16x2_display_pico1.dir/home/mech/.pico-sdk/sdk/2.2.0/src/common/hardware_claim/claim.c.o
LOAD CMakeFiles/16x2_display_pico1.dir/home/mech/.pico-sdk/sdk/2.2.0/src/rp2_common/hardware_sync/sync.c.o